Checking for foreign routines
FRICAS="/home/greg/Git/jlfricas/target/x86_64-linux-gnu"
spad-lib="/home/greg/Git/jlfricas/target/x86_64-linux-gnu/lib/libspad.so"
foreign routines found
openServer result -2
                       FriCAS Computer Algebra System 
       Version: jlFriCAS 1.3.14-julia-dev built with SBCL 2.6.4.debian
                 Timestamp: mar. 04 août 2026 04:37:41 CEST
-----------------------------------------------------------------------------
   Issue )copyright to view copyright notices.
   Issue )summary for a summary of useful system commands.
   Issue )quit to leave FriCAS and return to shell.
-----------------------------------------------------------------------------
 
(1) -> )set message test on
 
)set message auto off
 
)read array.input
 
)set break resume
 
)expose UnittestCount UnittestAux Unittest
 
   UnittestCount is now explicitly exposed in frame initial 
   UnittestAux is now explicitly exposed in frame initial 
   Unittest is now explicitly exposed in frame initial 

testsuite "array"
 
   All user variables and function definitions have been cleared.
                                                                   Type: Void

testcase "block transpose"
 
   All user variables and function definitions have been cleared.
                                                                   Type: Void

m := new(8, 8, 0)$TwoDimensionalArray(Integer);
 

                                           Type: TwoDimensionalArray(Integer)
for i in 1..8 repeat
   for j in 1..8 repeat
       m(i, j) := i + 8*j
 
                                                                   Type: Void

m0 := copy(m);
 

                                           Type: TwoDimensionalArray(Integer)
m12 := m(1..4, 5..8);
 

                                           Type: TwoDimensionalArray(Integer)
testEquals("m12(1,2)", "49")
 
                                                                   Type: Void
m(1..4, 5..8) := m(5..8, 1..4);
 

                                           Type: TwoDimensionalArray(Integer)
m(5..8, 1..4) := m12;
 

                                           Type: TwoDimensionalArray(Integer)
m12 := m([1..2,5..6],[3..4,7..8]);
 

                                           Type: TwoDimensionalArray(Integer)
m([1..2,5..6],[3,4,7,8]) := m([3,4,7,8], [1..2,5..6]);
 

                                           Type: TwoDimensionalArray(Integer)
m([3,4,7,8], [1,2,5,6]) := m12;
 

                                           Type: TwoDimensionalArray(Integer)
m12 := m([1,3,5,7], 2..8 by 2);
 

                                           Type: TwoDimensionalArray(Integer)
m([1,3,5,7], 2..8 by 2) := m(2..8 by 2, 1..7 by 2);
 

                                           Type: TwoDimensionalArray(Integer)
m(2..8 by 2, 1..7 by 2) := m12;
 

                                           Type: TwoDimensionalArray(Integer)
testEquals("m", "transpose(m0)")
 
                                                                   Type: Void

testcase "shift matrix"
 
   All user variables and function definitions have been cleared.
                                                                   Type: Void

m := scalarMatrix(4, 1)
 

        +1  0  0  0+
        |          |
        |0  1  0  0|
   (2)  |          |
        |0  0  1  0|
        |          |
        +0  0  0  1+
                                                        Type: Matrix(Integer)
ms := m([2..4,1], 1..4)
 

        +0  1  0  0+
        |          |
        |0  0  1  0|
   (3)  |          |
        |0  0  0  1|
        |          |
        +1  0  0  0+
                                                        Type: Matrix(Integer)
testEquals("ms^4", "m")
 
                                                                   Type: Void
ms(4,1) := 0
 

   (5)  0
                                                     Type: NonNegativeInteger
testEquals("ms^4", "0")
 
                                                                   Type: Void

testcase "slices"
 
   All user variables and function definitions have been cleared.
                                                                   Type: Void

m := matrix([[1, 2, 3], [4, 5, 6]])
 

        +1  2  3+
   (2)  |       |
        +4  5  6+
                                                        Type: Matrix(Integer)
s := m(1, 1..2)
 

   (3)  [1  2]
                                                        Type: Matrix(Integer)
testEquals("s", "matrix([[1, 2]])")
 
                                                                   Type: Void
s := m(2, [3,1])
 

   (5)  [6  4]
                                                        Type: Matrix(Integer)
testEquals("s", "matrix([[6, 4]])")
 
                                                                   Type: Void
s := m(2..1, [1..3])
 

   (7)  []
                                                        Type: Matrix(Integer)
testEquals("nrows(s)", "0")
 
                                                                   Type: Void
testEquals("ncols(s)", "3")
 
                                                                   Type: Void
s := m([1..2, 1..2 by -1], [])
 

         ++
   (10)  ||
         ++
                                                        Type: Matrix(Integer)
testEquals("nrows(s)", "2")
 
                                                                   Type: Void
testEquals("ncols(s)", "0")
 
                                                                   Type: Void
s := m([1..2, 2..1 by -1], [])
 

         ++
         ||
         ||
   (13)  ||
         ||
         ||
         ++
                                                        Type: Matrix(Integer)
testEquals("nrows(s)", "4")
 
                                                                   Type: Void
testEquals("ncols(s)", "0")
 
                                                                   Type: Void

testcase "array construction"
 
   All user variables and function definitions have been cleared.
                                                                   Type: Void

testTrue("(a2 := array2([['a, 'b], ['c, 'd]])$TwoDimensionalArray(Symbol);"
         " true)")
 
                                                                   Type: Void
testTrue("(a2(1,2) = 'b)@Boolean")
 
                                                                   Type: Void

statistics()
 
   =============================================================================
   General WARNINGS:
   * do not use ')clear completely' before having used 'statistics()'
     It clears the statistics without warning!
   * do not forget to pass the arguments of the testXxxx functions as Strings!
     Otherwise, the test will fail and statistics() will not notice!
   =============================================================================
   WARNINGS:
   Testsuite: array
   Testcase: block transpose
   test: 2
   testing in a domain without InputForm!

   =============================================================================
   Testsuite: array
     failed (total): 0 (4)

   =============================================================================
   testsuite | testcases: failed (total) | tests: failed (total)
   array                       0     (4)               0    (14)
   =============================================================================
   File summary.
   unexpected failures: 0
   expected failures: 0
   unexpected passes: 0
   total tests: 14
                                                                   Type: Void
)quit
 
