Checking for foreign routines
FRICAS="/home/greg/Git/jlfricas/target/x86_64-linux-gnu"
spad-lib="/home/greg/Git/jlfricas/target/x86_64-linux-gnu/lib/libspad.so"
foreign routines found
openServer result -2
                       FriCAS Computer Algebra System 
       Version: jlFriCAS 1.3.14-julia-dev built with SBCL 2.6.4.debian
                 Timestamp: mar. 04 août 2026 04:37:41 CEST
-----------------------------------------------------------------------------
   Issue )copyright to view copyright notices.
   Issue )summary for a summary of useful system commands.
   Issue )quit to leave FriCAS and return to shell.
-----------------------------------------------------------------------------
 
(1) -> )set message test on
 
)set message auto off
 
)read bugs2019.input
 
)set break resume
 
)expose UnittestCount UnittestAux Unittest
 
   UnittestCount is now explicitly exposed in frame initial 
   UnittestAux is now explicitly exposed in frame initial 
   Unittest is now explicitly exposed in frame initial 

testsuite "bugs2019"
 
   All user variables and function definitions have been cleared.
                                                                   Type: Void

testcase "'^' in 'sign'"
 
   All user variables and function definitions have been cleared.
                                                                   Type: Void

testEquals("sign(2^x)@Union(INT,_"failed_")", "1")
 
                                                                   Type: Void

testcase "input form for formal diffs"
 
   All user variables and function definitions have been cleared.
                                                                   Type: Void

f := operator 'f
 

   (2)  f
                                                          Type: BasicOperator
di2 := D(f(x, y^2), [x, y], [2, 1])
 

                       2
   (3)  2 y f      (x,y )
             ,1,1,2
                                                    Type: Expression(Integer)
idi2 := di2::InputForm
 

   (4)
   (*  (* 2 y)

     (eval  (D (D (D (f x %D) (:: x Symbol)) (:: x Symbol)) (:: %D Symbol))
      (:: %D Symbol)  (^ y 2))
     )
                                                              Type: InputForm
testEquals("interpret(idi2) - di2", "0")
 
                                                                   Type: Void

testcase "'*' and 'gcd' in Factored"
 
   All user variables and function definitions have been cleared.
                                                                   Type: Void

testEquals("factor(x-1)*0", "0")
 
                                                                   Type: Void
testEquals("gcd(factor(x-1), 1)", "1")
 
                                                                   Type: Void
testEquals("factor(x^2-1)+1-x^2", "0")
 
                                                                   Type: Void

a := squareFree(x^2 - 1)
 

         2
   (5)  x  - 1
                                          Type: Factored(Polynomial(Integer))
b := squareFree((x + 1)*(x + 2))
 

         2
   (6)  x  + 3 x + 2
                                          Type: Factored(Polynomial(Integer))
testEquals("gcd(a, b)", "sqfrFactor(x + 1, 1)")
 
                                                                   Type: Void

testcase "simplification of square root in 'radicalSolve'"
 
   All user variables and function definitions have been cleared.
                                                                   Type: Void

testEquals("rhs first radicalSolve(x^2+2*a*x+2*b,x)", "-sqrt(a^2-2*b)-a")
 
                                                                   Type: Void
testEquals("rhs first radicalSolve(x^2+2*a*c*x+2*b*c^2,x)", "-c*sqrt(a^2-2*b)-a*c")
 
                                                                   Type: Void

testcase "fix 'construct' in MRING"
 
   All user variables and function definitions have been cleared.
                                                                   Type: Void
-- 'construct' in MRING should not modify its argument
T := MonoidRing(Integer, Integer)
 

   (2)  MonoidRing(Integer,Integer)
                                                                   Type: Type
R := Record(k : Integer, c : Integer)
 

   (3)  Record(k:Integer,c:Integer)
                                                                   Type: Type
l1 := [[2, 5]::R, [2, 5]::R]
 

   (4)  [[k = 2, c = 5], [k = 2, c = 5]]
                                    Type: List(Record(k: Integer,c: Integer))
l2 := [[2, 5]::R, [2, 5]::R]
 

   (5)  [[k = 2, c = 5], [k = 2, c = 5]]
                                    Type: List(Record(k: Integer,c: Integer))
construct(l1)$T
 

   (6)  10 2
                                            Type: MonoidRing(Integer,Integer)
testEquals("l1", "l2")
 
                                                                   Type: Void

testcase "'concat! : List % -> %' in URAGG"
 
   All user variables and function definitions have been cleared.
                                                                   Type: Void

l := [[1], [2], [3], [4]]
 

   (2)  [[1], [2], [3], [4]]
                                            Type: List(List(PositiveInteger))
testEquals("concat! l", "[1, 2, 3, 4]")
 
                                                                   Type: Void

statistics()
 
   =============================================================================
   General WARNINGS:
   * do not use ')clear completely' before having used 'statistics()'
     It clears the statistics without warning!
   * do not forget to pass the arguments of the testXxxx functions as Strings!
     Otherwise, the test will fail and statistics() will not notice!
   =============================================================================
   WARNINGS:
   Testsuite: bugs2019
   Testcase: fix 'construct' in MRING
   test: 1
   testing in a domain without InputForm!

   =============================================================================
   Testsuite: bugs2019
     failed (total): 0 (6)

   =============================================================================
   testsuite | testcases: failed (total) | tests: failed (total)
   bugs2019                    0     (6)               0    (10)
   =============================================================================
   File summary.
   unexpected failures: 0
   expected failures: 0
   unexpected passes: 0
   total tests: 10
                                                                   Type: Void
)quit
 
