Checking for foreign routines
FRICAS="/home/greg/Git/jlfricas/target/x86_64-linux-gnu"
spad-lib="/home/greg/Git/jlfricas/target/x86_64-linux-gnu/lib/libspad.so"
foreign routines found
openServer result -2
                       FriCAS Computer Algebra System 
       Version: jlFriCAS 1.3.14-julia-dev built with SBCL 2.6.4.debian
                 Timestamp: mar. 04 août 2026 04:37:41 CEST
-----------------------------------------------------------------------------
   Issue )copyright to view copyright notices.
   Issue )summary for a summary of useful system commands.
   Issue )quit to leave FriCAS and return to shell.
-----------------------------------------------------------------------------
 
(1) -> )set message test on
 
)set message auto off
 
)read bugs2018.input
 
)set break resume
 
)expose UnittestCount UnittestAux Unittest
 
   UnittestCount is now explicitly exposed in frame initial 
   UnittestAux is now explicitly exposed in frame initial 
   Unittest is now explicitly exposed in frame initial 

testsuite "bugs2018"
 
   All user variables and function definitions have been cleared.
                                                                   Type: Void

testcase "leading coefficient in MULTSQFR"
 
   All user variables and function definitions have been cleared.
                                                                   Type: Void

pol := ((a+c)^2*d + b)^4*(d - b)^2*((a - c)^8*d - b);
 

                                                    Type: Polynomial(Integer)

flist := factors(squareFree(pol))
 

   (3)
   [[factor = d - b, exponent = 2],
                2            2
    [factor = (c  + 2 a c + a )d + b, exponent = 4],

     [
         factor
       = 
                8        7       2 6       3 5       4 4       5 3       6 2
               c  - 8 a c  + 28 a c  - 56 a c  + 70 a c  - 56 a c  + 28 a c
             + 
                    7     8
               - 8 a c + a
          *
             d
         + 
           - b
       ,
      exponent = 1]
     ]
 Type: List(Record(factor: Polynomial(Integer),exponent: NonNegativeInteger))

testEquals("flist(1).factor", "d - b")
 
                                                                   Type: Void
testEquals("flist(1).exponent", "2")
 
                                                                   Type: Void
testEquals("flist(2).factor", "(a+c)^2*d + b")
 
                                                                   Type: Void
testEquals("flist(2).exponent", "4")
 
                                                                   Type: Void

testcase "simplify nested radicals in rootPower"
 
   All user variables and function definitions have been cleared.
                                                                   Type: Void

testEquals("rootPower(sqrt sqrt 2)", "2^(1/4)")
 
                                                                   Type: Void
testEquals("rootPower(((sqrt 7)^(1/5))^4)", "7^(2/5)")
 
                                                                   Type: Void

testcase "'exquo' in FR"
 
   All user variables and function definitions have been cleared.
                                                                   Type: Void

testTrue("(factor(5) exquo factor(3)) case _"failed_"")
 
                                                                   Type: Void

testcase "'construct' in MRING"
 
   All user variables and function definitions have been cleared.
                                                                   Type: Void

T := MonoidRing(Integer, Integer)
 

   (2)  MonoidRing(Integer,Integer)
                                                                   Type: Type
R := Record(k : Integer, c : Integer)
 

   (3)  Record(k:Integer,c:Integer)
                                                                   Type: Type
testTrue("(s := construct([[2, 1]::R, [3, 2]::R])$T; true)")
 
                                                                   Type: Void
e1 := construct([[2, 1]::R])$T
 

   (5)  2
                                            Type: MonoidRing(Integer,Integer)
e2 := construct([[3, 2]::R])$T
 

   (6)  2 3
                                            Type: MonoidRing(Integer,Integer)
testEquals("e1 + e2", "s")
 
                                                                   Type: Void

testcase "'leaf?'"
 
   All user variables and function definitions have been cleared.
                                                                   Type: Void

testTrue("not(leaf?([]))")
 
                                                                   Type: Void
testTrue("leaf?([1])")
 
                                                                   Type: Void

testcase "recursion in 'has'"
 
   All user variables and function definitions have been cleared.
                                                                   Type: Void

E := DirectProduct(3, NNI)
 

   (2)  DirectProduct(3,NonNegativeInteger)
                                                                   Type: Type
a1 := unitVector(1)$E
 

   (3)  [1, 0, 0]
                                    Type: DirectProduct(3,NonNegativeInteger)
testEquals("subtractIfCan(a1, a1)", "0")
 
                                                                   Type: Void

testcase "'^' for Factored"
 
   All user variables and function definitions have been cleared.
                                                                   Type: Void

testEquals("factor(6)^0", "1")
 
                                                                   Type: Void

testcase "stack overflow in SparseUnivariateTaylorSeries"
 
   All user variables and function definitions have been cleared.
                                                                   Type: Void

R ==> Record(k : NNI, c : INT)
 
                                                                   Type: Void
S ==> Stream R
 
                                                                   Type: Void

h(r : R) : R == [r.k + 1, 2 * r.c]$R
 
   Function declaration h : Record(k: NonNegativeInteger,c: Integer)
       -> Record(k: NonNegativeInteger,c: Integer) has been added to 
      workspace.
                                                                   Type: Void
s : S := stream(h, [1, 1]$R)
 
   Compiling function h with type Record(k: NonNegativeInteger,c: 
      Integer) -> Record(k: NonNegativeInteger,c: Integer) 

   (5)
   [[k = 1, c = 1], [k = 2, c = 2], [k = 3, c = 4], [k = 4, c = 8],
    [k = 5, c = 16], [k = 6, c = 32], [k = 7, c = 64], [k = 8, c = 128],
    [k = 9, c = 256], [k = 10, c = 512], ...]
                       Type: Stream(Record(k: NonNegativeInteger,c: Integer))
s1 := series(s)$SparseUnivariateTaylorSeries(INT, 'x, 0)
 

   (6)
            2      3      4       5       6       7        8        9        10
     x + 2 x  + 4 x  + 8 x  + 16 x  + 32 x  + 64 x  + 128 x  + 256 x  + 512 x
   + 
        11
     O(x  )
                              Type: SparseUnivariateTaylorSeries(Integer,x,0)
testEquals("s1.10", "512")
 
                                                                   Type: Void

testcase "factor"
 
   All user variables and function definitions have been cleared.
                                                                   Type: Void

pF := PrimeField(7)
 

   (2)  PrimeField(7)
                                                                   Type: Type
testEquals("#factors(factor(univariate((l^2 + 4*l + 1)::POLY(pF), l)))",
           "1")
 
                                                                   Type: Void

testEquals("eigenvalues(matrix([[4, 3],[1, 1]])$Matrix(pF))", "[6]")
 
                                                                   Type: Void

ev2 := eigenvalues(matrix([[2, 3],[1, 2]])$Matrix(pF))
 

                2
   (5)  [%D | %D  + 3 %D + 1]
Type: List(Union(Fraction(Polynomial(PrimeField(7))),SuchThat(Symbol,Polynomial(PrimeField(7)))))
testEquals("#ev2", "1")
 
                                                                   Type: Void
testEquals("coefficients(rhs(ev2(1)::SuchThat(Symbol, POLY(pF))))",
           "[1, 3, 1]")
 
                                                                   Type: Void

testcase "'makeFR' with zero factors in arguments"
 
   All user variables and function definitions have been cleared.
                                                                   Type: Void

testEquals("makeFR(0, [[_"nil_", 2, 3]])$FR(INT)", "0")
 
                                                                   Type: Void

testEquals("makeFR(1, [[_"nil_", 0, 3]])$FR(INT)", "0")
 
                                                                   Type: Void

testcase "'map' for Factored"
 
   All user variables and function definitions have been cleared.
                                                                   Type: Void

fl := factorList map(x+->x+3, factor(6))
 

   (2)
   [[flag = "nil", factor = 4, exponent = 1],
    [flag = "nil", factor = 5, exponent = 1],
    [flag = "nil", factor = 6, exponent = 1]]
Type: List(Record(flag: Union("nil","sqfr","irred","prime"),factor: Integer,exponent: NonNegativeInteger))
testTrue("fl.first.flag case _"nil_"")
 
                                                                   Type: Void
testEquals("fl.first.factor", "4")
 
                                                                   Type: Void

testcase "'remove' with _"failed_""
 
   All user variables and function definitions have been cleared.
                                                                   Type: Void

li10 := [recip(i::IntegerMod 10) for i in 0..9]
 

   (2)
   ["failed", 1, "failed", 7, "failed", "failed", "failed", 3, "failed", 9]
                                   Type: List(Union(IntegerMod(10),"failed"))
lir := [1, 7, 3, 9]
 

   (3)  [1, 7, 3, 9]
                                                  Type: List(PositiveInteger)
f : Union(IntegerMod(10),"failed") := "failed"
 

   (4)  "failed"
                                                    Type: Union("failed",...)
testEquals("remove(f, li10)", "lir")
 
                                                                   Type: Void
testEquals("remove(_"failed_"::_"failed_", li10)", "lir")
 
                                                                   Type: Void
testEquals("remove(f, li10)$List(Union(IntegerMod(10),_"failed_"))", "lir")
 
                                                                   Type: Void

testcase "case with variable type"
 
   All user variables and function definitions have been cleared.
                                                                   Type: Void

pF := PF(7)
 

   (2)  PrimeField(7)
                                                                   Type: Type
m := matrix([[1, 2], [3, 5]])$Matrix(pF)
 

        +1  2+
   (3)  |    |
        +3  5+
                                                  Type: Matrix(PrimeField(7))
le := eigenvalues(m)
 

                2
   (4)  [%E | %E  + %E + 6]
Type: List(Union(Fraction(Polynomial(PrimeField(7))),SuchThat(Symbol,Polynomial(PrimeField(7)))))
tcl(l) == first(l) case SuchThat(Symbol, POLY(pF))
 
                                                                   Type: Void
testTrue("first(le) case SuchThat(Symbol, POLY(pF))")
 
                                                                   Type: Void
testTrue("tcl(le)")
 
   Compiling function tcl with type List(Union(Fraction(Polynomial(
      PrimeField(7))),SuchThat(Symbol,Polynomial(PrimeField(7))))) -> 
      Boolean 
                                                                   Type: Void

testcase "special matrices"
 
   All user variables and function definitions have been cleared.
                                                                   Type: Void

am := matrix([[3.0, 4.0], [5.0, 7.0]])$DoubleFloatMatrix
 

        +3.0  4.0+
   (2)  |        |
        +5.0  7.0+
                                                      Type: DoubleFloatMatrix
testEquals("row(am, 0)", "[[3.0, 4.0]]$DoubleFloatVector")
 
                                                                   Type: Void
testEquals("column(am, 1)", "[[4.0, 7.0]]$DoubleFloatVector")
 
                                                                   Type: Void
testEquals("copy(am)", "am")
 
                                                                   Type: Void
testEquals("map(x +-> x, am)", "am")
 
                                                                   Type: Void
testEquals("map((x, y) +-> x + y, am, am)", "2*am")
 
                                                                   Type: Void
testEquals("map((x, y) +-> x + y, am, am, 0)", "2*am")
 
                                                                   Type: Void

testcase "0 and 1 as signature"
 
   All user variables and function definitions have been cleared.
                                                                   Type: Void

testTrue("Integer has 0 : () -> %")
 
                                                                   Type: Void
testTrue("Integer has 1 : () -> %")
 
                                                                   Type: Void

testcase "sqrt in Z_p"
 
   All user variables and function definitions have been cleared.
                                                                   Type: Void

F := PrimeField(nextPrime 273845092384750923487509234587)
 
   Compiling function G323 with type Integer -> Boolean 
   Compiling function G325 with type NonNegativeInteger -> Boolean 

   (2)  PrimeField(273845092384750923487509234619)
                                                                   Type: Type
x : F := 78345093845709384750923478509238475
 

   (3)  203675171223548534986558619527
                             Type: PrimeField(273845092384750923487509234619)
y : F := sqrt(x)
 

   (4)  86011080573889143280363302745
                             Type: PrimeField(273845092384750923487509234619)
testEquals("y^2", "x")
 
                                                                   Type: Void
x := 8596703498567034985679679876::F
 

   (6)  8596703498567034985679679876
                             Type: PrimeField(273845092384750923487509234619)
testEquals("sqrt(x)^2", "x")
 
                                                                   Type: Void

x := 8596703498567034985679::F
 

   (8)  8596703498567034985679
                             Type: PrimeField(273845092384750923487509234619)
testLibraryError("sqrt(x)")
 
                                                                   Type: Void

testcase "limit of Fresnel functions"
 
   All user variables and function definitions have been cleared.
                                                                   Type: Void

testEquals("limit(fresnelC(x), x=%plusInfinity)", "1/2")
 
                                                                   Type: Void
testEquals("limit(fresnelS(x), x=%minusInfinity)", "-1/2")
 
                                                                   Type: Void

i1 := integrate(cos(x*y)/sqrt(x), x=0..%plusInfinity, "noPole")
 

           1
   (4)  ------
         +---+
         |2 y
         |---
        \|%pi
                  Type: Union(f1: OrderedCompletion(Expression(Integer)),...)
testEquals("i1", "1/sqrt(2*y/%pi)")
 
                                                                   Type: Void

testcase "min and max for aggregates"
 
   All user variables and function definitions have been cleared.
                                                                   Type: Void

testEquals("max([1, 2, 3, 4])", "4")
 
                                                                   Type: Void
testEquals("max([1, 2, 5, 3])", "5")
 
                                                                   Type: Void
testEquals("min([1, -2, 5, 1])", "-2")
 
                                                                   Type: Void

testcase "gcdDecomposition"
 
   All user variables and function definitions have been cleared.
                                                                   Type: Void

d1 := gcdDecomposition(vector[4, 8])$GcdBasis(Integer)
 

   (2)  [basis = [2], transform = [2  3]]
              Type: Record(basis: Vector(Integer),transform: Matrix(Integer))
testEquals("d1.basis", "vector([2])")
 
                                                                   Type: Void
testEquals("d1.transform", "matrix([[2, 3]])")
 
                                                                   Type: Void

testcase "InputForm"
 
   All user variables and function definitions have been cleared.
                                                                   Type: Void

str := "x"
 

   (2)  "x"
                                                                 Type: String
if1 := str::InputForm
 

   (3)  "x"
                                                              Type: InputForm
testEquals("interpret(if1)", "str")
 
                                                                   Type: Void

s_sym := z[y]
 

   (5)  z
         y
                                                                 Type: Symbol
y := 5
 

   (6)  5
                                                        Type: PositiveInteger
if2 := (s_sym)::InputForm
 

   (7)
   (script  z
    (construct (construct 'y) (construct) (construct) (construct) (construct)))
                                                              Type: InputForm
testEquals("interpret(if2) - s_sym", "0")
 
                                                                   Type: Void

s_sym2 := subscript('abc, [(3^2)$OUTFORM, x])
 

   (9)  abc
            2
           3 , x
                                                                 Type: Symbol
if3 := s_sym2::InputForm
 

   (10)
   (script  abc

     (construct  (construct '(^ 3 2) 'x)  (construct)  (construct)
      (construct)  (construct))
     )
                                                              Type: InputForm
testEquals("interpret(if3) - s_sym2", "0")
 
                                                                   Type: Void

p := product(1/k, k=1..n)
 

           n
         ++-++  1
   (12)   | |   -
          | |   k
         k = 1
                                                    Type: Expression(Integer)
ip := p::InputForm
 

   (13)  (product (/ 1 %BH) (equation %BH (SEGMENT 1 n)))
                                                              Type: InputForm
testEquals("interpret(ip) - p", "0")
 
                                                                   Type: Void

su := sum(1/factorial(k), k=1..n+m)
 

         n + m
          --+    1
   (15)   >     --
          --+   k!
         k = 1
                                                    Type: Expression(Integer)
isu := su::InputForm
 

   (16)  (sum (/ 1 (factorial %BK)) (equation %BK (SEGMENT 1 (+ n m))))
                                                              Type: InputForm
testEquals("interpret(isu) - su", "0")
 
                                                                   Type: Void

inf := %infinity
 

   (18)  infinity
                                            Type: OnePointCompletion(Integer)
iinf := inf::InputForm
 

   (19)  (infinity)
                                                              Type: InputForm
testEquals("interpret(iinf)$InputFormFunctions1(OnePointCompletion Integer)", "inf")
 
                                                                   Type: Void

inf := %minusInfinity
 

   (21)  - infinity
                                             Type: OrderedCompletion(Integer)
iinf := inf::InputForm
 

   (22)  (minusInfinity)
                                                              Type: InputForm
testEquals("interpret(iinf)$InputFormFunctions1(OrderedCompletion Integer)", "inf")
 
                                                                   Type: Void

inf := %plusInfinity
 

   (24)   + infinity
                                             Type: OrderedCompletion(Integer)
iinf := inf::InputForm
 

   (25)  (plusInfinity)
                                                              Type: InputForm
testEquals("interpret(iinf)$InputFormFunctions1(OrderedCompletion Integer)", "inf")
 
                                                                   Type: Void

testcase "equality for signed zero"
 
   All user variables and function definitions have been cleared.
                                                                   Type: Void

z := 0$DoubleFloat
 

   (2)  0.0
                                                            Type: DoubleFloat
mz := -z
 

   (3)  -0.0
                                                            Type: DoubleFloat
testTrue("(z = mz)@Boolean")
 
                                                                   Type: Void
)set output algebra on
 

testcase "pattern matching"
 
   All user variables and function definitions have been cleared.
                                                                   Type: Void

substE := rule (('y-'m)*sqrt('x)/'s == ('y-'m)*'e)
 

                +-+
        (y - m)\|x
   (2)  ----------- == e y - e m
             s
                       Type: RewriteRule(Integer,Integer,Expression(Integer))

testEquals("substE((y-m)*sqrt(x)/s)", "(y - m)*e")
 
                                                                   Type: Void

testcase "'children' in BinaryRecursiveAggregate"
 
   All user variables and function definitions have been cleared.
                                                                   Type: Void

testTrue("empty? children binarySearchTree [1]")
 
                                                                   Type: Void

testcase "'children' in URAGG and Stream"
 
   All user variables and function definitions have been cleared.
                                                                   Type: Void

testTrue("empty? children [1]")
 
                                                                   Type: Void

testTrue("empty? children([1]@Stream Integer)")
 
                                                                   Type: Void

testcase "fix infinite loop for 'leaves' in List"
 
   All user variables and function definitions have been cleared.
                                                                   Type: Void

testEquals("leaves [1]", "[1]")
 
                                                                   Type: Void

statistics()
 
   =============================================================================
   General WARNINGS:
   * do not use ')clear completely' before having used 'statistics()'
     It clears the statistics without warning!
   * do not forget to pass the arguments of the testXxxx functions as Strings!
     Otherwise, the test will fail and statistics() will not notice!
   =============================================================================
   WARNINGS:
   Testsuite: bugs2018
   Testcase: 'construct' in MRING
   test: 2
   testing in a domain without InputForm!
   Testsuite: bugs2018
   Testcase: recursion in 'has'
   test: 1
   testing in a domain without InputForm!
   Testsuite: bugs2018
   Testcase: factor
   test: 2
   testing in a domain without InputForm!
   Testsuite: bugs2018
   Testcase: 'remove' with "failed"
   test: 1
   testing in a domain without InputForm!
   Testsuite: bugs2018
   Testcase: 'remove' with "failed"
   test: 2
   testing in a domain without InputForm!
   Testsuite: bugs2018
   Testcase: 'remove' with "failed"
   test: 3
   testing in a domain without InputForm!
   Testsuite: bugs2018
   Testcase: special matrices
   test: 3
   testing in a domain without InputForm!
   Testsuite: bugs2018
   Testcase: special matrices
   test: 4
   testing in a domain without InputForm!
   Testsuite: bugs2018
   Testcase: special matrices
   test: 5
   testing in a domain without InputForm!
   Testsuite: bugs2018
   Testcase: special matrices
   test: 6
   testing in a domain without InputForm!
   Testsuite: bugs2018
   Testcase: InputForm
   test: 1
   testing in a domain without InputForm!

   =============================================================================
   Testsuite: bugs2018
     failed (total): 0 (25)

   =============================================================================
   testsuite | testcases: failed (total) | tests: failed (total)
   bugs2018                    0    (25)               0    (60)
   =============================================================================
   File summary.
   unexpected failures: 0
   expected failures: 0
   unexpected passes: 0
   total tests: 60
                                                                   Type: Void
)quit
 
