Checking for foreign routines
FRICAS="/home/greg/Git/jlfricas/target/x86_64-linux-gnu"
spad-lib="/home/greg/Git/jlfricas/target/x86_64-linux-gnu/lib/libspad.so"
foreign routines found
openServer result -2
                       FriCAS Computer Algebra System 
       Version: jlFriCAS 1.3.14-julia-dev built with SBCL 2.6.4.debian
                 Timestamp: mar. 04 août 2026 04:37:41 CEST
-----------------------------------------------------------------------------
   Issue )copyright to view copyright notices.
   Issue )summary for a summary of useful system commands.
   Issue )quit to leave FriCAS and return to shell.
-----------------------------------------------------------------------------
 
(1) -> )set message test on
 
)set message auto off
 
)read bugs2017.input
 
)set break resume
 
)expose UnittestCount UnittestAux Unittest
 
   UnittestCount is now explicitly exposed in frame initial 
   UnittestAux is now explicitly exposed in frame initial 
   Unittest is now explicitly exposed in frame initial 

testsuite "bugs2017"
 
   All user variables and function definitions have been cleared.
                                                                   Type: Void

testcase "latex(1)"
 
   All user variables and function definitions have been cleared.
                                                                   Type: Void

testEquals("latex(1)", "_"1_"")
 
                                                                   Type: Void

testcase "~= in interpreter"
 
   All user variables and function definitions have been cleared.
                                                                   Type: Void

testTrue("(x~=y)$Expression(Integer)")
 
                                                                   Type: Void

testcase "simplification of embedded roots"
 
   All user variables and function definitions have been cleared.
                                                                   Type: Void

testEquals("rootSimp(sqrt(2 * sqrt(a^4)))", "a*sqrt(2)")
 
                                                                   Type: Void

testEquals("rootSimp(exp(x/sqrt(x^2)-1))", "1")
 
                                                                   Type: Void

testEquals("rootPower(atan(2*(x^(1/6))^3))", "atan(2*sqrt(x))")
 
                                                                   Type: Void

testEquals("rootPower(exp(x^(1/6)*(x^(1/12))^2))", "exp(x^(1/3))")
 
                                                                   Type: Void

testEquals("rootPower(sqrt((x^(1/6))^3 + 1))", "sqrt(sqrt(x) + 1)")
 
                                                                   Type: Void

testEquals("rootPower(exp(sqrt(x)/(x^(1/6))^3 - 1))", "1")
 
                                                                   Type: Void

testEquals("rootPower(sqrt(sqrt(x)/(x^(1/6))^3 - 1))", "0")
 
                                                                   Type: Void

testEquals("rootProduct(sin((x^(1/4))^2*x^(1/5)))", "sin(x^(7/10))")
 
                                                                   Type: Void

testcase "linear algebra with empty matrices"
 
   All user variables and function definitions have been cleared.
                                                                   Type: Void

emi := empty()$Matrix(Integer)
 

   (2)  []
                                                        Type: Matrix(Integer)
qF := Fraction(Integer)
 

   (3)  Fraction(Integer)
                                                                   Type: Type
emq := empty()$Matrix(qF)
 

   (4)  []
                                              Type: Matrix(Fraction(Integer))

testEquals("determinant(emi)", "1")
 
                                                                   Type: Void
testEquals("determinant(emq)", "1")
 
                                                                   Type: Void
testEquals("minordet(emi)", "1")
 
                                                                   Type: Void
testEquals("minordet(emq)", "1")
 
                                                                   Type: Void
testEquals("inverse(emi)", "emq")
 
                                                                   Type: Void
testEquals("inverse(emq)", "emq")
 
                                                                   Type: Void
testEquals("invertIfCan(emi)", "emi")
 
                                                                   Type: Void
ai := adjoint(emi)
 

   (12)  [adjMat = [], detMat = 1]
                        Type: Record(adjMat: Matrix(Integer),detMat: Integer)
testEquals("ai.adjMat", "emi")
 
                                                                   Type: Void
testEquals("ai.detMat", "1")
 
                                                                   Type: Void
aq := adjoint(emq)
 

   (15)  [adjMat = [], detMat = 1]
    Type: Record(adjMat: Matrix(Fraction(Integer)),detMat: Fraction(Integer))
testEquals("aq.adjMat", "emq")
 
                                                                   Type: Void
testEquals("aq.detMat", "1")
 
                                                                   Type: Void
vQF := Vector(qF)
 

   (18)  Vector(Fraction(Integer))
                                                                   Type: Type
iMF := InnerMatrixLinearAlgebraFunctions(qF, vQF, vQF, Matrix(qF))
 

   (19)
   InnerMatrixLinearAlgebraFunctions
      Fraction(Integer)
  ,
      Vector(Fraction(Integer))
  ,
      Vector(Fraction(Integer))
  ,
      Matrix(Fraction(Integer))
                                                                   Type: Type
testEquals("generalizedInverse(emq)$iMF", "emq")
 
                                                                   Type: Void

testcase "determinant of zero matrix"
 
   All user variables and function definitions have been cleared.
                                                                   Type: Void

testEquals("determinant(zero(2,2)$Matrix(POLY PF 2))", "0")
 
                                                                   Type: Void

testcase "simplifyExp and expand of logarithm"
 
   All user variables and function definitions have been cleared.
                                                                   Type: Void

testEquals("simplifyExp(exp(exp(a)*exp(b)))", "exp(exp(a+b))")
 
                                                                   Type: Void
testEquals("simplifyExp(d^(c^a*c^b))", "d^(c^(a+b))")
 
                                                                   Type: Void
testEquals("simplifyExp(exp(a)/exp(b))", "exp(a-b)")
 
                                                                   Type: Void
testEquals("simplifyExp(a^b/a^c)", "a^(b-c)")
 
                                                                   Type: Void
testEquals("simplifyExp(exp((exp(a)+1)/exp(b))*exp(-(2*exp(a)+1)/exp(b)))",
           "exp(-exp(a-b))")
 
                                                                   Type: Void
testEquals("expand(log(a*b)^c)", "(log(b)+log(a))^c")
 
                                                                   Type: Void

testcase "simplification with variable named exp and log"
 
   All user variables and function definitions have been cleared.
                                                                   Type: Void

expr := exp::Expression Integer
 

   (2)  exp
                                                    Type: Expression(Integer)
testEquals("simplify(expr)", "expr")
 
                                                                   Type: Void
testEquals("htrigs(expr)", "expr")
 
                                                                   Type: Void
testEquals("simplifyLog(log)", "log")
 
                                                                   Type: Void

testcase "simplifyLog"
 
   All user variables and function definitions have been cleared.
                                                                   Type: Void

a := log((-2*sqrt(2)+3)^2)-2*log((-2*sqrt(2)+3));
 

                                                    Type: Expression(Integer)
testEquals("simplifyLog(a)", "0")
 
                                                                   Type: Void
testEquals("simplifyLog(exp(a + 1))", "exp(1)")
 
                                                                   Type: Void
testEquals("simplifyLog(sin(a + 1))", "sin(1)")
 
                                                                   Type: Void
testEquals("simplifyLog(exp(log(x)+log(y)))", "x*y")
 
                                                                   Type: Void

testEquals("simplifyLog(log(sqrt(x+1)+sqrt(x)) + log(sqrt(x+1) - sqrt(x)))",
           "0")
 
                                                                   Type: Void
testEquals("simplifyLog(2*(log(x) + 2*log(y)))", "log(x^2*y^4)")
 
                                                                   Type: Void

testcase "0^0 for polynomials"
 
   All user variables and function definitions have been cleared.
                                                                   Type: Void

testEquals("(0::SUP(INT))^0", "1")
 
                                                                   Type: Void
testEquals("(0::DMP([x, y, z], INT))^0", "1")
 
                                                                   Type: Void

testcase "conjugate"
 
   All user variables and function definitions have been cleared.
                                                                   Type: Void

testEquals("conjugate(sin(x)) - sin(conjugate(x))", "0")
 
                                                                   Type: Void
testEquals("conjugate(exp(conjugate(x)))", "exp(x)")
 
                                                                   Type: Void
testEquals("conjugate(sqrt(x + %i))", "sqrt(conjugate(x) - %i)")
 
                                                                   Type: Void

testcase "derivatives of box and paren"
 
   All user variables and function definitions have been cleared.
                                                                   Type: Void

xp := paren(x + 1)
 

   (2)  (x + 1)
                                                    Type: Expression(Integer)
xb := box(x + 1)
 

   (3)  x + 1
                                                    Type: Expression(Integer)
testEquals("D(xp^100, x)", "100*xp^99")
 
                                                                   Type: Void
testEquals("D(xb^100, x)", "100*xb^99")
 
                                                                   Type: Void

testcase "monomial?"
 
   All user variables and function definitions have been cleared.
                                                                   Type: Void

testTrue("monomial?((x*y)::POLY(INT))")
 
                                                                   Type: Void
testTrue("monomial?(1::POLY(INT))")
 
                                                                   Type: Void
testTrue("not(monomial?(0::POLY(INT)))")
 
                                                                   Type: Void

testcase "symmetric and antisymmetric tensors"
 
   All user variables and function definitions have been cleared.
                                                                   Type: Void

m1 := matrix([[1, 0], [0, 0], [0, 1]])
 

        +1  0+
        |    |
   (2)  |0  0|
        |    |
        +0  1+
                                             Type: Matrix(NonNegativeInteger)
m2 := matrix([[1, 0, 0], [0, 0, 1]])
 

        +1  0  0+
   (3)  |       |
        +0  0  1+
                                             Type: Matrix(NonNegativeInteger)
am1 := antisymmetricTensors(m1, 2)
 

        +0+
        | |
   (4)  |1|
        | |
        +0+
                                                        Type: Matrix(Integer)
am2 := antisymmetricTensors(m2, 2)
 

   (5)  [0  1  0]
                                                        Type: Matrix(Integer)
testEquals("am2*am1", "matrix[[1]]")
 
                                                                   Type: Void
sm1 := symmetricTensors(m1, 2)
 

        +1  0  0+
        |       |
        |0  0  0|
        |       |
        |0  1  0|
   (7)  |       |
        |0  0  0|
        |       |
        |0  0  1|
        |       |
        +0  0  0+
                                                        Type: Matrix(Integer)
sm2 := symmetricTensors(m2, 2)
 

        +1  0  0  0  0  0+
        |                |
   (8)  |0  0  1  0  0  0|
        |                |
        +0  0  0  0  1  0+
                                                        Type: Matrix(Integer)
testEquals("sm2*sm1", "symmetricTensors(m2*m1, 2)")
 
                                                                   Type: Void

testcase "node? from URAGG"
 
   All user variables and function definitions have been cleared.
                                                                   Type: Void

testTrue("not(node?([],[])$List(Integer))")
 
                                                                   Type: Void

testcase "leading coefficient during factorization"
 
   All user variables and function definitions have been cleared.
                                                                   Type: Void

p :=
  5929*mp^2*yrq^8+(-29645)*mp^2*yqp*yrp*yrq^7+((47432*mp^2*yqp^2+17787*mp^2)_
  *yrp^2+(11858*mp^2*yqp^2+((-17787)*mp^2+(-77)*mp)))*yrq^6+(((-23716)*mp^2_
  *yqp^3+(-59290)*mp^2*yqp)*yrp^3+((-35574)*mp^2*yqp^3+(59290*mp^2+308*mp)*_
  yqp)*yrp)*yrq^5+((47432*mp^2*yqp^2+17787*mp^2)*yrp^4+(23716*mp^2*yqp^4+_
  ((-23716)*mp^2+(-462)*mp)*yqp^2+((-35574)*mp^2+(-154)*mp))*yrp^2+(5929*_
  mp^2*yqp^4+(-23716)*mp^2*yqp^2+(17787*mp^2+154*mp)))*yrq^4+((-29645)*_
  mp^2*yqp*yrp^5+(((-35574)*mp^2+308*mp)*yqp^3+(59290*mp^2+462*mp)*yqp)*_
  yrp^3+((-5929)*mp^2*yqp^5+35574*mp^2*yqp^3+((-29645)*mp^2+(-462)*mp)*yqp)*_
  yrp)*yrq^3+(5929*mp^2*yrp^6+((11858*mp^2+(-462)*mp)*yqp^2+((-17787)*mp^2+_
  (-77)*mp))*yrp^4+((5929*mp^2+(-154)*mp)*yqp^4+((-23716)*mp^2+462*mp+1)*_
  yqp^2+(17787*mp^2+154*mp))*yrp^2+(((-5929)*mp^2+77*mp)*yqp^4+(11858*mp^2-_
  1)*yqp^2+((-5929)*mp^2+(-77)*mp)))*yrq^2+(154*mp*yqp*yrp^5+((154*mp-1)*_
  yqp^3+((-308)*mp+(-1))*yqp)*yrp^3+(((-154)*mp+1)*yqp^3+(154*mp+1)*yqp)*_
  yrp)*yrq+(yqp^2*yrp^4+(-1)*yqp^2*yrp^2)
 

   (2)
            2   8           2           7
     5929 mp yrq  - 29645 mp yqp yrp yrq
   + 
               2   2           2    2           2   2           2            6
     ((47432 mp yqp  + 17787 mp )yrp  + 11858 mp yqp  - 17787 mp  - 77 mp)yrq
   + 
                    2   3           2       3
         (- 23716 mp yqp  - 59290 mp yqp)yrp
       + 
                    2   3            2
         (- 35574 mp yqp  + (59290 mp  + 308 mp)yqp)yrp
    *
          5
       yrq
   + 
                  2   2           2    4
         (47432 mp yqp  + 17787 mp )yrp
       + 
                  2   4              2             2           2             2
         (23716 mp yqp  + (- 23716 mp  - 462 mp)yqp  - 35574 mp  - 154 mp)yrp
       + 
                2   4           2   2           2
         5929 mp yqp  - 23716 mp yqp  + 17787 mp  + 154 mp
    *
          4
       yrq
   + 
                   2       5
         - 29645 mp yqp yrp
       + 
                     2             3            2                 3
         ((- 35574 mp  + 308 mp)yqp  + (59290 mp  + 462 mp)yqp)yrp
       + 
                   2   5           2   3              2
         (- 5929 mp yqp  + 35574 mp yqp  + (- 29645 mp  - 462 mp)yqp)yrp
    *
          3
       yrq
   + 
                2   6             2             2           2            4
         5929 mp yrp  + ((11858 mp  - 462 mp)yqp  - 17787 mp  - 77 mp)yrp
       + 
                     2             4              2                 2
             (5929 mp  - 154 mp)yqp  + (- 23716 mp  + 462 mp + 1)yqp
           + 
                     2
             17787 mp  + 154 mp
        *
              2
           yrp
       + 
                   2            4            2        2          2
         (- 5929 mp  + 77 mp)yqp  + (11858 mp  - 1)yqp  - 5929 mp  - 77 mp
    *
          2
       yrq
   + 
                       5                   3                        3
         154 mp yqp yrp  + ((154 mp - 1)yqp  + (- 308 mp - 1)yqp)yrp
       + 
                           3
         ((- 154 mp + 1)yqp  + (154 mp + 1)yqp)yrp
    *
       yrq
   + 
        2   4      2   2
     yqp yrp  - yqp yrp
                                                    Type: Polynomial(Integer)

up := univariate(p, mp);
 

                        Type: SparseUnivariatePolynomial(Polynomial(Integer))
testTrue("(fp := factor(up); true)")
 
                                                                   Type: Void
testEquals("up - expand(fp)", "0")
 
                                                                   Type: Void

testcase "content in GENPGCD and PFBR"
 
   All user variables and function definitions have been cleared.
                                                                   Type: Void

p1 := _
  3725309280*x4^3+(643177920*x2+(156525600*x1+652190))*x4^2+(27747720*x2^2+_
  (25884320*x1+55055)*x2)*x4+1069640*x1*x2^2
 

   (2)
                  3                                           2
     3725309280 x4  + (643177920 x2 + 156525600 x1 + 652190)x4
   + 
                 2                                             2
     (27747720 x2  + (25884320 x1 + 55055)x2)x4 + 1069640 x1 x2
                                                    Type: Polynomial(Integer)

p2 :=
  905157792*x4^4+(15393840*x3+(89103168*x2+(44189376*x1+(-2920302))))*x4^3+_
  ((1358280*x2+(646800*x1+2695))*x3+(814968*x2^2+(7088928*x1+(-270039))*x2+_
  (258720*x1^2+(-128282)*x1+(-539))))*x4^2+(52360*x1*x2*x3+(303072*x1*x2^2+_
  (150304*x1^2+(-9933)*x1)*x2))*x4+10472*x1^2*x2^2
 

   (3)
                 4                                                        3
     905157792 x4  + (15393840 x3 + 89103168 x2 + 44189376 x1 - 2920302)x4
   + 
                                                      2
         (1358280 x2 + 646800 x1 + 2695)x3 + 814968 x2
       + 
                                            2
         (7088928 x1 - 270039)x2 + 258720 x1  - 128282 x1 - 539
    *
         2
       x4
   + 
                                 2             2                           2  2
   (52360 x1 x2 x3 + 303072 x1 x2  + (150304 x1  - 9933 x1)x2)x4 + 10472 x1 x2
                                                    Type: Polynomial(Integer)

g := 439824*x4^2+(38808*x2+(18480*x1+77))*x4+1496*x1*x2
 

                 2
   (4)  439824 x4  + (38808 x2 + 18480 x1 + 77)x4 + 1496 x1 x2
                                                    Type: Polynomial(Integer)
oV := OVAR([s, t])
 

   (5)  OrderedVariableList([s, t])
                                                                   Type: Type
rP := POLY(SMP(INT, oV))
 

   (6)
   Polynomial(SparseMultivariatePolynomial(Integer,OrderedVariableList([s, t])))
                                                                   Type: Type
p1r := p1::rP;
 

Type: Polynomial(SparseMultivariatePolynomial(Integer,OrderedVariableList([s,t])))
p2r := p2::rP;
 

Type: Polynomial(SparseMultivariatePolynomial(Integer,OrderedVariableList([s,t])))
gr := g::rP;
 

Type: Polynomial(SparseMultivariatePolynomial(Integer,OrderedVariableList([s,t])))
testEquals("gcd(p1r, p2r)", "gr")
 
                                                                   Type: Void
q := 454039611480*x3 - 4954226319320678400*x1^5 - 161042123364761600*x1^4 _
     + 3681144170266624*x1^3 + 25031160975872*x1^2 - 915767478400*x1 + _
     540523347
 

   (11)
                                             5                        4
     454039611480 x3 - 4954226319320678400 x1  - 161042123364761600 x1
   + 
                        3                    2
     3681144170266624 x1  + 25031160975872 x1  - 915767478400 x1 + 540523347
                                                    Type: Polynomial(Integer)
testTrue("(fq := factor(q); true)")
 
                                                                   Type: Void
testEquals("#factors(fq)", "1")
 
                                                                   Type: Void

testcase "gcd in fields"
 
   All user variables and function definitions have been cleared.
                                                                   Type: Void

rN := Fraction(Integer)
 

   (2)  Fraction(Integer)
                                                                   Type: Type
testEquals("gcd(0$rN, 0$rN)", "0")
 
                                                                   Type: Void

testcase "mergeFactors"
 
   All user variables and function definitions have been cleared.
                                                                   Type: Void

a := factor 14
 

   (2)  2 7
                                                      Type: Factored(Integer)
b := factor 15
 

   (3)  3 5
                                                      Type: Factored(Integer)
testEquals("mergeFactors(a, b)", "a*b")
 
                                                                   Type: Void
testEquals("b", "factor(15)")
 
                                                                   Type: Void

testcase "reverse in Segment"
 
   All user variables and function definitions have been cleared.
                                                                   Type: Void

testEquals("3..1 by -1", "reverse(1..3)")
 
                                                                   Type: Void
testEquals("[i for i in reverse(1..2)]", "[2, 1]")
 
                                                                   Type: Void

testcase "size? for streams"
 
   All user variables and function definitions have been cleared.
                                                                   Type: Void

testTrue("not(size?([1,2]::Stream Integer, 1))")
 
                                                                   Type: Void

)set output algebra on
 

statistics()
 
   =============================================================================
   General WARNINGS:
   * do not use ')clear completely' before having used 'statistics()'
     It clears the statistics without warning!
   * do not forget to pass the arguments of the testXxxx functions as Strings!
     Otherwise, the test will fail and statistics() will not notice!
   =============================================================================
   WARNINGS:
   Testsuite: bugs2017
   Testcase: 0^0 for polynomials
   test: 1
   testing in a domain without InputForm!
   Testsuite: bugs2017
   Testcase: leading coefficient during factorization
   test: 2
   testing in a domain without InputForm!

   =============================================================================
   Testsuite: bugs2017
     failed (total): 0 (20)

   =============================================================================
   testsuite | testcases: failed (total) | tests: failed (total)
   bugs2017                    0    (20)               0    (62)
   =============================================================================
   File summary.
   unexpected failures: 0
   expected failures: 0
   unexpected passes: 0
   total tests: 62
                                                                   Type: Void
)quit
 
