Checking for foreign routines
FRICAS="/home/greg/Git/jlfricas/target/x86_64-linux-gnu"
spad-lib="/home/greg/Git/jlfricas/target/x86_64-linux-gnu/lib/libspad.so"
foreign routines found
openServer result -2
                       FriCAS Computer Algebra System 
       Version: jlFriCAS 1.3.14-julia-dev built with SBCL 2.6.4.debian
                 Timestamp: mar. 04 août 2026 04:37:41 CEST
-----------------------------------------------------------------------------
   Issue )copyright to view copyright notices.
   Issue )summary for a summary of useful system commands.
   Issue )quit to leave FriCAS and return to shell.
-----------------------------------------------------------------------------
 
(1) -> )set message test on
 
)set message auto off
 
)read dirichlet.input
 
)set break resume
 
)expose UnittestCount UnittestAux Unittest
 
   UnittestCount is now explicitly exposed in frame initial 
   UnittestAux is now explicitly exposed in frame initial 
   Unittest is now explicitly exposed in frame initial 
)expose DirichletRing
 
   DirichletRing is now explicitly exposed in frame initial 

testsuite "Dirichlet"
 
   All user variables and function definitions have been cleared.
                                                                   Type: Void
testcase "coercion"
 
   All user variables and function definitions have been cleared.
                                                                   Type: Void

testEquals("(m: DIRRING INT := (n: PI): INT +-> moebiusMu n;" _
           " [m.i for i in 1..4])", "[1,-1,-1,0]")
 
                                                                   Type: Void

testEquals("(m: DIRRING INT := [moebiusMu n for n in 1..]; " _
           " [m.i for i in 1..4])", "[1,-1,-1,0]")
 
                                                                   Type: Void
testcase "categories"
 
   All user variables and function definitions have been cleared.
                                                                   Type: Void

testTrue("DIRRING INT has CommutativeRing")
 
                                                                   Type: Void

mu: DIRRING FRAC INT := (n: PI): FRAC INT +-> moebiusMu n;
 

                                       Type: DirichletRing(Fraction(Integer))
phi: DIRRING FRAC INT := (n: PI): FRAC INT +-> eulerPhi n;
 

                                       Type: DirichletRing(Fraction(Integer))
testEquals("[(recip mu * phi).n for n in 1..10]",
           "[(phi * recip mu).n for n in 1..10]")
 
                                                                   Type: Void

testTrue("DIRRING FRAC INT has Algebra FRAC INT")
 
                                                                   Type: Void

testEquals("[(1/2 * phi).n for n in 1..10]",
           "[eulerPhi n/2  for n in 1..10]");
 
                                                                   Type: Void
testcase "identities"
 
   All user variables and function definitions have been cleared.
                                                                   Type: Void

mu: DIRRING INT := (n: PI): INT +-> moebiusMu n;
 

                                                 Type: DirichletRing(Integer)
phi: DIRRING INT := (n: PI): INT +-> eulerPhi n;
 

                                                 Type: DirichletRing(Integer)
testEquals("[(recip mu).n for n in 1..10]", "[1 for n in 1..10]")
 
                                                                   Type: Void
testEquals("[(recip mu * phi).n for n in 1..10]", "[n for n in 1..10]")
 
                                                                   Type: Void


statistics()
 
   =============================================================================
   General WARNINGS:
   * do not use ')clear completely' before having used 'statistics()'
     It clears the statistics without warning!
   * do not forget to pass the arguments of the testXxxx functions as Strings!
     Otherwise, the test will fail and statistics() will not notice!

   =============================================================================
   Testsuite: Dirichlet
     failed (total): 0 (3)

   =============================================================================
   testsuite | testcases: failed (total) | tests: failed (total)
   Dirichlet                   0     (3)               0     (8)
   =============================================================================
   File summary.
   unexpected failures: 0
   expected failures: 0
   unexpected passes: 0
   total tests: 8
                                                                   Type: Void
)quit
 
