Checking for foreign routines
FRICAS="/home/greg/Git/jlfricas/target/x86_64-linux-gnu"
spad-lib="/home/greg/Git/jlfricas/target/x86_64-linux-gnu/lib/libspad.so"
foreign routines found
openServer result -2
                       FriCAS Computer Algebra System 
       Version: jlFriCAS 1.3.14-julia-dev built with SBCL 2.6.4.debian
                 Timestamp: mar. 04 août 2026 04:37:41 CEST
-----------------------------------------------------------------------------
   Issue )copyright to view copyright notices.
   Issue )summary for a summary of useful system commands.
   Issue )quit to leave FriCAS and return to shell.
-----------------------------------------------------------------------------
 
(1) -> )set message test on
 
)set message auto off
 
)read files.input
 
)set break resume
 
)expose UnittestCount UnittestAux Unittest
 
   UnittestCount is now explicitly exposed in frame initial 
   UnittestAux is now explicitly exposed in frame initial 
   Unittest is now explicitly exposed in frame initial 

testsuite "files"
 
   All user variables and function definitions have been cleared.
                                                                   Type: Void

testcase "reading back"
 
   All user variables and function definitions have been cleared.
                                                                   Type: Void

a1 : Integer := 123
 

   (2)  123
                                                                Type: Integer
a2 : DoubleFloat := convert(12.34)
 

   (3)  12.34
                                                            Type: DoubleFloat
a3a : POLY(INT) := x - 1
 

   (4)  x - 1
                                                    Type: Polynomial(Integer)
a3 : EXPR(INT) := exp(x) - 1
 

          x
   (5)  %e  - 1
                                                    Type: Expression(Integer)
a4 := taylor(sin(x), x = 0);
 

                        Type: UnivariateTaylorSeries(Expression(Integer),x,0)
a5 := construct([2, 1, 137567])$U32Vector
 

   (7)  [2, 1, 137567]
                                                              Type: U32Vector
a6 := construct([1, 293])$U16Vector
 

   (8)  [1, 293]
                                                              Type: U16Vector
a7 := construct([3, 2, 5])$U8Vector
 

   (9)  [3, 2, 5]
                                                               Type: U8Vector
a8 := construct([-2, 1, -17])$I16Vector
 

   (10)  [- 2, 1, - 17]
                                                              Type: I16Vector
a9 := matrix([[1, 2, 3], [-1, 124001, -19]])$I32Matrix
 

         + 1     2      3  +
   (11)  |                 |
         +- 1  124001  - 19+
                                                              Type: I32Matrix
a10 := new(3, 1)$DoubleFloatVector
 

   (12)  [1.0, 1.0, 1.0]
                                                      Type: DoubleFloatVector
a11 := matrix([[0, 1], [-1.5, 3.15]])$DoubleFloatMatrix
 

         + 0.0   1.0 +
   (13)  |           |
         +- 1.5  3.15+
                                                      Type: DoubleFloatMatrix

f := open("ts_file.dat", "output")$File(None)
 

   (14)  "ts_file.dat"
                                                             Type: File(None)
write!(f, a1 pretend None)
 

   (15)  NONE
                                                                   Type: None
write!(f, a2 pretend None)
 

   (16)  NONE
                                                                   Type: None
write!(f, a3a pretend None)
 

   (17)  NONE
                                                                   Type: None
write!(f, a3 pretend None)
 

   (18)  NONE
                                                                   Type: None
write!(f, a4 pretend None)
 

   (19)  NONE
                                                                   Type: None
write!(f, a5 pretend None)
 

   (20)  NONE
                                                                   Type: None
write!(f, a6 pretend None)
 

   (21)  NONE
                                                                   Type: None
write!(f, a7 pretend None)
 

   (22)  NONE
                                                                   Type: None
write!(f, a8 pretend None)
 

   (23)  NONE
                                                                   Type: None
write!(f, a9 pretend None)
 

   (24)  NONE
                                                                   Type: None
write!(f, a10 pretend None)
 

   (25)  NONE
                                                                   Type: None
write!(f, a11 pretend None)
 

   (26)  NONE
                                                                   Type: None

kf := open("ts_kaf", "output")$KeyedAccessFile(None)
 

   (27)  "ts_kaf"
                                                  Type: KeyedAccessFile(None)
write!(kf, ["a5", a5 pretend None]$Record(key : String, entry : None))
 

   (28)  [key = "a5", entry = NONE]
                                        Type: Record(key: String,entry: None)
write!(kf, ["a3a", a3a pretend None]$Record(key : String, entry : None))
 

   (29)  [key = "a3a", entry = NONE]
                                        Type: Record(key: String,entry: None)
kf("a3") := a3 pretend None
 

   (30)  NONE
                                                                   Type: None
kr5 := kf("a5") pretend U32Vector
 

   (31)  [2, 1, 137567]
                                                              Type: U32Vector
testEquals("kr5", "a5")
 
                                                                   Type: Void
kf("a10") := a10 pretend None
 

   (33)  NONE
                                                                   Type: None
kr3a := elt(kf, "a3a") pretend POLY(INT)
 

   (34)  x - 1
                                                    Type: Polynomial(Integer)
testEquals("a3a", "kr3a")
 
                                                                   Type: Void
kr10 := kf("a10") pretend DoubleFloatVector
 

   (36)  [1.0, 1.0, 1.0]
                                                      Type: DoubleFloatVector
testEquals("a10", "kr10")
 
                                                                   Type: Void
kr3 := kf("a3") pretend EXPR(INT)
 

           x
   (38)  %e  - 1
                                                    Type: Expression(Integer)
testEquals("a3", "kr3")
 
                                                                   Type: Void
remove!("a3", kf)
 

   (40)  NONE
                                                        Type: Union(None,...)
skf := set(["a3a", "a5", "a10"]);
 

                                                            Type: Set(String)
testEquals("skf", "set(keys(kf))")
 
                                                                   Type: Void

-- sanity check after removal
kr5 := kf("a5") pretend U32Vector
 

   (43)  [2, 1, 137567]
                                                              Type: U32Vector
testEquals("kr5", "a5")
 
                                                                   Type: Void

f := reopen!(f, "input")
 

   (45)  "ts_file.dat"
                                                             Type: File(None)
r1 := read!(f) pretend Integer
 

   (46)  123
                                                                Type: Integer
testEquals("a1", "r1")
 
                                                                   Type: Void
r2 := read!(f) pretend DoubleFloat
 

   (48)  12.34
                                                            Type: DoubleFloat
testEquals("a2", "r2")
 
                                                                   Type: Void
r3a := read!(f) pretend POLY(INT)
 

   (50)  x - 1
                                                    Type: Polynomial(Integer)
testEquals("a3a", "r3a")
 
                                                                   Type: Void
r3 := read!(f) pretend EXPR(INT)
 

           x
   (52)  %e  - 1
                                                    Type: Expression(Integer)
testEquals("a3", "r3")
 
                                                                   Type: Void
r4 := read!(f) pretend Any
 

             1  3    1   5     1   7      1    9      11
   (54)  x - - x  + --- x  - ---- x  + ------ x  + O(x  )
             6      120      5040      362880
                        Type: UnivariateTaylorSeries(Expression(Integer),x,0)
as4 := a4::UnivariateTaylorSeries(Expression(Integer),x,0);
 

                        Type: UnivariateTaylorSeries(Expression(Integer),x,0)
rs4 := r4::UnivariateTaylorSeries(Expression(Integer),x,0);
 

                        Type: UnivariateTaylorSeries(Expression(Integer),x,0)
ok := true
 

   (57)  true
                                                                Type: Boolean
for i in 1..50 repeat
    ok := ok and coefficient(as4, i) = coefficient(rs4, i)
 
                                                                   Type: Void
testTrue("ok")
 
                                                                   Type: Void
r5 := read!(f) pretend U32Vector
 

   (60)  [2, 1, 137567]
                                                              Type: U32Vector
testEquals("a5", "r5")
 
                                                                   Type: Void
r6 := read!(f) pretend U16Vector
 

   (62)  [1, 293]
                                                              Type: U16Vector
testEquals("a6", "r6")
 
                                                                   Type: Void
r7 := read!(f) pretend U8Vector
 

   (64)  [3, 2, 5]
                                                               Type: U8Vector
testEquals("a7", "r7")
 
                                                                   Type: Void
r8 := read!(f) pretend I16Vector
 

   (66)  [- 2, 1, - 17]
                                                              Type: I16Vector
testEquals("a8", "r8")
 
                                                                   Type: Void
r9 := read!(f) pretend I32Matrix
 

         + 1     2      3  +
   (68)  |                 |
         +- 1  124001  - 19+
                                                              Type: I32Matrix
testEquals("a9", "r9")
 
                                                                   Type: Void
r10 := read!(f) pretend DoubleFloatVector
 

   (70)  [1.0, 1.0, 1.0]
                                                      Type: DoubleFloatVector
testEquals("a10", "r10")
 
                                                                   Type: Void
r11 := read!(f) pretend DoubleFloatMatrix
 

         + 0.0   1.0 +
   (72)  |           |
         +- 1.5  3.15+
                                                      Type: DoubleFloatMatrix
testEquals("a11", "r11")
 
                                                                   Type: Void

statistics()
 
   =============================================================================
   General WARNINGS:
   * do not use ')clear completely' before having used 'statistics()'
     It clears the statistics without warning!
   * do not forget to pass the arguments of the testXxxx functions as Strings!
     Otherwise, the test will fail and statistics() will not notice!
   =============================================================================
   WARNINGS:
   Testsuite: files
   Testcase: reading back
   test: 16
   testing in a domain without InputForm!
   Testsuite: files
   Testcase: reading back
   test: 18
   testing in a domain without InputForm!

   =============================================================================
   Testsuite: files
     failed (total): 0 (1)

   =============================================================================
   testsuite | testcases: failed (total) | tests: failed (total)
   files                       0     (1)               0    (18)
   =============================================================================
   File summary.
   unexpected failures: 0
   expected failures: 0
   unexpected passes: 0
   total tests: 18
                                                                   Type: Void
)quit
 
