Checking for foreign routines
FRICAS="/home/greg/Git/jlfricas/target/x86_64-linux-gnu"
spad-lib="/home/greg/Git/jlfricas/target/x86_64-linux-gnu/lib/libspad.so"
foreign routines found
openServer result -2
                       FriCAS Computer Algebra System 
       Version: jlFriCAS 1.3.14-julia-dev built with SBCL 2.6.4.debian
                 Timestamp: mar. 04 août 2026 04:37:41 CEST
-----------------------------------------------------------------------------
   Issue )copyright to view copyright notices.
   Issue )summary for a summary of useful system commands.
   Issue )quit to leave FriCAS and return to shell.
-----------------------------------------------------------------------------
 
(1) -> )set message test on
 
)set message auto off
 
)read jdataframe.input
 
)set break resume
 
)expose UnittestCount UnittestAux Unittest
 
   UnittestCount is now explicitly exposed in frame initial 
   UnittestAux is now explicitly exposed in frame initial 
   Unittest is now explicitly exposed in frame initial 
)expose JLObjFloat32 JLObjFloat64 JLObjComplexF32 JLObjComplexF64
 
   JLObjFloat32 is now explicitly exposed in frame initial 
   JLObjFloat64 is now explicitly exposed in frame initial 
   JLObjComplexF32 is now explicitly exposed in frame initial 
   JLObjComplexF64 is now explicitly exposed in frame initial 
)expose JLObjPair JLObjTuple JLObjDict JLVector JLMatrix JLDataFrame
 
   JLObjPair is now explicitly exposed in frame initial 
   JLObjTuple is now explicitly exposed in frame initial 
   JLObjDict is now explicitly exposed in frame initial 
   JLVector is now explicitly exposed in frame initial 
   JLMatrix is now explicitly exposed in frame initial 
   JLDataFrame is now explicitly exposed in frame initial 
)expose JLObject JLObjInt64 JLObjUInt64 JLObjBigInt JLObjBool
 
   JLObject is now explicitly exposed in frame initial 
   JLObjInt64 is now explicitly exposed in frame initial 
   JLObjUInt64 is now explicitly exposed in frame initial 
   JLObjBigInt is now explicitly exposed in frame initial 
   JLObjBool is now explicitly exposed in frame initial 
)expose JLFloat JLComplexFloat
 
   JLFloat is now explicitly exposed in frame initial 
   JLComplexFloat is now explicitly exposed in frame initial 

testsuite "JLDataFrame"
 
   All user variables and function definitions have been cleared.
                                                                   Type: Void

testcase "JLDataFrame creation and access"
 
   All user variables and function definitions have been cleared.
                                                                   Type: Void
m_df := new(2, 2, 0.0)$JLMatrix(JLObjFloat64)
 

   (2)

   2×2 Matrix{Float64}:
    0.0  0.0
    0.0  0.0
                                                 Type: JLMatrix(JLObjFloat64)
m_df(1,1) := jfloat64(1.0)
 

   (3)  1.0
                                                           Type: JLObjFloat64
m_df(1,2) := jfloat64(2.0)
 

   (4)  2.0
                                                           Type: JLObjFloat64
m_df(2,1) := jfloat64(3.0)
 

   (5)  3.0
                                                           Type: JLObjFloat64
m_df(2,2) := jfloat64(4.0)
 

   (6)  4.0
                                                           Type: JLObjFloat64
df := jdframe(m_df)$JLDataFrame
 

   (7)

   2×2 DataFrame
    Row │ x1       x2
        │ Float64  Float64
   ─────┼──────────────────
      1 │     1.0      2.0
      2 │     3.0      4.0
                                                            Type: JLDataFrame

testEquals("jlType df", "_"DataFrame_"")
 
                                                                   Type: Void
col_x1 := df.x1
 

   (9)

   2-element Vector{Float64}:
    1.0
    3.0
                                                               Type: JLObject
testEquals("jlType col_x1", "_"Vector{Float64}_"")
 
                                                                   Type: Void
testEquals("col_x1.1", "jfloat64(1.0)")
 
                                                                   Type: Void
testEquals("col_x1.2", "jfloat64(3.0)")
 
                                                                   Type: Void

testcase "JLDataFrame dimensions"
 
   All user variables and function definitions have been cleared.
                                                                   Type: Void
m_df := new(2, 2, 0.0)$JLMatrix(JLObjFloat64)
 

   (2)

   2×2 Matrix{Float64}:
    0.0  0.0
    0.0  0.0
                                                 Type: JLMatrix(JLObjFloat64)
m_df(1,1) := jfloat64(1.0)
 

   (3)  1.0
                                                           Type: JLObjFloat64
m_df(1,2) := jfloat64(2.0)
 

   (4)  2.0
                                                           Type: JLObjFloat64
m_df(2,1) := jfloat64(3.0)
 

   (5)  3.0
                                                           Type: JLObjFloat64
m_df(2,2) := jfloat64(4.0)
 

   (6)  4.0
                                                           Type: JLObjFloat64
df := jdframe(m_df)$JLDataFrame
 

   (7)

   2×2 DataFrame
    Row │ x1       x2
        │ Float64  Float64
   ─────┼──────────────────
      1 │     1.0      2.0
      2 │     3.0      4.0
                                                            Type: JLDataFrame

testEquals("nrows(df)", "2")
 
                                                                   Type: Void
testEquals("ncols(df)", "2")
 
                                                                   Type: Void

testcase "JLDataFrame names"
 
   All user variables and function definitions have been cleared.
                                                                   Type: Void
m_df := new(2, 2, 0.0)$JLMatrix(JLObjFloat64)
 

   (2)

   2×2 Matrix{Float64}:
    0.0  0.0
    0.0  0.0
                                                 Type: JLMatrix(JLObjFloat64)
m_df(1,1) := jfloat64(1.0)
 

   (3)  1.0
                                                           Type: JLObjFloat64
m_df(1,2) := jfloat64(2.0)
 

   (4)  2.0
                                                           Type: JLObjFloat64
m_df(2,1) := jfloat64(3.0)
 

   (5)  3.0
                                                           Type: JLObjFloat64
m_df(2,2) := jfloat64(4.0)
 

   (6)  4.0
                                                           Type: JLObjFloat64
df := jdframe(m_df)$JLDataFrame
 

   (7)

   2×2 DataFrame
    Row │ x1       x2
        │ Float64  Float64
   ─────┼──────────────────
      1 │     1.0      2.0
      2 │     3.0      4.0
                                                            Type: JLDataFrame

nms := names(df)
 

   (8)  ["x1", "x2"]
                                                           Type: List(String)
testEquals("nms.1", "_"x1_"")
 
                                                                   Type: Void
testEquals("nms.2", "_"x2_"")
 
                                                                   Type: Void

testcase "JLDataFrame head/tail"
 
   All user variables and function definitions have been cleared.
                                                                   Type: Void
m_df := new(2, 2, 0.0)$JLMatrix(JLObjFloat64)
 

   (2)

   2×2 Matrix{Float64}:
    0.0  0.0
    0.0  0.0
                                                 Type: JLMatrix(JLObjFloat64)
m_df(1,1) := jfloat64(1.0)
 

   (3)  1.0
                                                           Type: JLObjFloat64
m_df(1,2) := jfloat64(2.0)
 

   (4)  2.0
                                                           Type: JLObjFloat64
m_df(2,1) := jfloat64(3.0)
 

   (5)  3.0
                                                           Type: JLObjFloat64
m_df(2,2) := jfloat64(4.0)
 

   (6)  4.0
                                                           Type: JLObjFloat64
df := jdframe(m_df)$JLDataFrame
 

   (7)

   2×2 DataFrame
    Row │ x1       x2
        │ Float64  Float64
   ─────┼──────────────────
      1 │     1.0      2.0
      2 │     3.0      4.0
                                                            Type: JLDataFrame

hdf := head(df, 1)
 

   (8)

   1×2 DataFrame
    Row │ x1       x2
        │ Float64  Float64
   ─────┼──────────────────
      1 │     1.0      2.0
                                                            Type: JLDataFrame
testEquals("nrows(hdf)", "1")
 
                                                                   Type: Void
tdf := tail(df, 1)
 

   (10)

   1×2 DataFrame
    Row │ x1       x2
        │ Float64  Float64
   ─────┼──────────────────
      1 │     3.0      4.0
                                                            Type: JLDataFrame
testEquals("nrows(tdf)", "1")
 
                                                                   Type: Void
testEquals("tdf.x1.1", "jfloat64(3.0)")
 
                                                                   Type: Void

-- Test aliases
hdf2 := first(df, 1)
 

   (13)

   1×2 DataFrame
    Row │ x1       x2
        │ Float64  Float64
   ─────┼──────────────────
      1 │     1.0      2.0
                                                            Type: JLDataFrame
testEquals("nrows(hdf2)", "1")
 
                                                                   Type: Void
tdf2 := last(df, 1)
 

   (15)

   1×2 DataFrame
    Row │ x1       x2
        │ Float64  Float64
   ─────┼──────────────────
      1 │     3.0      4.0
                                                            Type: JLDataFrame
testEquals("nrows(tdf2)", "1")
 
                                                                   Type: Void

statistics()
 
   =============================================================================
   General WARNINGS:
   * do not use ')clear completely' before having used 'statistics()'
     It clears the statistics without warning!
   * do not forget to pass the arguments of the testXxxx functions as Strings!
     Otherwise, the test will fail and statistics() will not notice!
   =============================================================================
   WARNINGS:
   Testsuite: JLDataFrame
   Testcase: JLDataFrame creation and access
   test: 3
   testing in a domain without InputForm!
   Testsuite: JLDataFrame
   Testcase: JLDataFrame creation and access
   test: 4
   testing in a domain without InputForm!
   Testsuite: JLDataFrame
   Testcase: JLDataFrame head/tail
   test: 3
   testing in a domain without InputForm!

   =============================================================================
   Testsuite: JLDataFrame
     failed (total): 0 (4)

   =============================================================================
   testsuite | testcases: failed (total) | tests: failed (total)
   JLDataFrame                 0     (4)               0    (13)
   =============================================================================
   File summary.
   unexpected failures: 0
   expected failures: 0
   unexpected passes: 0
   total tests: 13
                                                                   Type: Void
)quit
 
