Checking for foreign routines
FRICAS="/home/greg/Git/jlfricas/target/x86_64-linux-gnu"
spad-lib="/home/greg/Git/jlfricas/target/x86_64-linux-gnu/lib/libspad.so"
foreign routines found
openServer result -2
                       FriCAS Computer Algebra System 
       Version: jlFriCAS 1.3.14-julia-dev built with SBCL 2.6.4.debian
                 Timestamp: mar. 04 août 2026 04:37:41 CEST
-----------------------------------------------------------------------------
   Issue )copyright to view copyright notices.
   Issue )summary for a summary of useful system commands.
   Issue )quit to leave FriCAS and return to shell.
-----------------------------------------------------------------------------
 
(1) -> )set message test on
 
)set message auto off
 
)read jobject.input
 
)set break resume
 
)expose UnittestCount UnittestAux Unittest
 
   UnittestCount is now explicitly exposed in frame initial 
   UnittestAux is now explicitly exposed in frame initial 
   Unittest is now explicitly exposed in frame initial 
)expose JLObjFloat32 JLObjFloat64 JLObjComplexF32 JLObjComplexF64
 
   JLObjFloat32 is now explicitly exposed in frame initial 
   JLObjFloat64 is now explicitly exposed in frame initial 
   JLObjComplexF32 is now explicitly exposed in frame initial 
   JLObjComplexF64 is now explicitly exposed in frame initial 
)expose JLObjPair JLObjTuple JLObjDict JLVector JLMatrix JLDataFrame
 
   JLObjPair is now explicitly exposed in frame initial 
   JLObjTuple is now explicitly exposed in frame initial 
   JLObjDict is now explicitly exposed in frame initial 
   JLVector is now explicitly exposed in frame initial 
   JLMatrix is now explicitly exposed in frame initial 
   JLDataFrame is now explicitly exposed in frame initial 
)expose JLObject JLObjInt64 JLObjUInt64 JLObjBigInt JLObjBool
 
   JLObject is now explicitly exposed in frame initial 
   JLObjInt64 is now explicitly exposed in frame initial 
   JLObjUInt64 is now explicitly exposed in frame initial 
   JLObjBigInt is now explicitly exposed in frame initial 
   JLObjBool is now explicitly exposed in frame initial 
)expose JLFloat JLComplexFloat
 
   JLFloat is now explicitly exposed in frame initial 
   JLComplexFloat is now explicitly exposed in frame initial 

testsuite "JL Object"
 
   All user variables and function definitions have been cleared.
                                                                   Type: Void

testcase "JLFloat"
 
   All user variables and function definitions have been cleared.
                                                                   Type: Void
a := identity(10)$JLMatrix(JFLOAT);
 

                                                      Type: JLMatrix(JLFloat)
b := map(i+->nrand()$JFLOAT,a);
 

                                                      Type: JLMatrix(JLFloat)
testTrue("jlApprox?(inverse(b)*b,a)")
 
                                                                   Type: Void

testcase "JLVector indexing"
 
   All user variables and function definitions have been cleared.
                                                                   Type: Void
v:=conjugates(sqrt(jnan(-2)));
 

                                            Type: JLVector(NMAlgebraicNumber)
testTrue("(v.2^2=jnan(-2))@Boolean")
 
                                                                   Type: Void
testTrue("(qelt(v,2)^2=jnan(-2))@Boolean")
 
                                                                   Type: Void

testcase "JLObject"
 
   All user variables and function definitions have been cleared.
                                                                   Type: Void
o1 := jobject("1")
 

   (2)  1
                                                               Type: JLObject
testEquals("jlType o1", "_"Int64_"")
 
                                                                   Type: Void
o2 := jobject("1.0")
 

   (4)  1.0
                                                               Type: JLObject
testEquals("jlType o2", "_"Float64_"")
 
                                                                   Type: Void
o3 := jobject("_"hello_"")
 

   (6)  "hello"
                                                               Type: JLObject
testEquals("jlType o3", "_"String_"")
 
                                                                   Type: Void
testEquals("string(o3)", "_"hello_"")
 
                                                                   Type: Void

testcase "JLObjBool"
 
   All user variables and function definitions have been cleared.
                                                                   Type: Void
bt := jtrue()
 

   (2)  true
                                                              Type: JLObjBool
bf := jfalse()
 

   (3)  false
                                                              Type: JLObjBool
testTrue("bt::Boolean")
 
                                                                   Type: Void
testTrue("not (bf::Boolean)")
 
                                                                   Type: Void
testEquals("jlType bt", "_"Bool_"")
 
                                                                   Type: Void

testcase "JLObjInt64"
 
   All user variables and function definitions have been cleared.
                                                                   Type: Void
i64 := jint64(42)
 

   (2)  42
                                                             Type: JLObjInt64
testEquals("i64", "42")
 
                                                                   Type: Void
testEquals("jlType i64", "_"Int64_"")
 
                                                                   Type: Void
testEquals("i64 + jint64(1)", "jint64(43)")
 
                                                                   Type: Void
testEquals("i64 * 2", "jint64(84)")
 
                                                                   Type: Void

testcase "JLObjUInt64"
 
   All user variables and function definitions have been cleared.
                                                                   Type: Void
ui64 := juint64(10)
 

   (2)  0x000000000000000a
                                                            Type: JLObjUInt64
testEquals("jlType ui64", "_"UInt64_"")
 
                                                                   Type: Void
testEquals("ui64 + juint64(5)", "juint64(15)")
 
                                                                   Type: Void

testcase "JLObjBigInt"
 
   All user variables and function definitions have been cleared.
                                                                   Type: Void
bi := jbigint(12345678901234567890)
 

   (2)  12345678901234567890
                                                            Type: JLObjBigInt
testEquals("jlType bi", "_"BigInt_"")
 
                                                                   Type: Void
testEquals("bi + 1", "jbigint(12345678901234567891)")
 
                                                                   Type: Void

testcase "JLObjFloat32"
 
   All user variables and function definitions have been cleared.
                                                                   Type: Void
f32 := jobject("1.5f0") pretend JLObjFloat32
 

   (2)  1.5f0
                                                           Type: JLObjFloat32
testEquals("jlType f32", "_"Float32_"")
 
                                                                   Type: Void
testTrue("jlApprox?(f32 * 2, coerce(3.0)$JLObjFloat32)")
 
                                                                   Type: Void
testTrue("jlApprox?(f32 + 0.5, coerce(2.0)$JLObjFloat32)")
 
                                                                   Type: Void

testcase "JLObjFloat64"
 
   All user variables and function definitions have been cleared.
                                                                   Type: Void
f64 := jfloat64(1.5)
 

   (2)  1.5
                                                           Type: JLObjFloat64
testEquals("jlType f64", "_"Float64_"")
 
                                                                   Type: Void
testTrue("jlApprox?(f64 * 2, jfloat64(3.0))")
 
                                                                   Type: Void
testTrue("jlApprox?(f64 + 0.5, jfloat64(2.0))")
 
                                                                   Type: Void

testcase "JLObjComplexF32"
 
   All user variables and function definitions have been cleared.
                                                                   Type: Void
cf32 := jobject("ComplexF32(1.0 + 2.0im)") pretend JLObjComplexF32
 

   (2)  1.0f0 + 2.0f0im
                                                        Type: JLObjComplexF32
testEquals("jlType cf32", "_"ComplexF32_"")
 
                                                                   Type: Void
real_part := jlApply("real", cf32 pretend JLObject) pretend JLObjFloat32
 

   (4)  1.0f0
                                                           Type: JLObjFloat32
imag_part := jlApply("imag", cf32 pretend JLObject) pretend JLObjFloat32
 

   (5)  2.0f0
                                                           Type: JLObjFloat32
testTrue("jlApprox?(real_part, coerce(1.0)$JLObjFloat32)")
 
                                                                   Type: Void
testTrue("jlApprox?(imag_part, coerce(2.0)$JLObjFloat32)")
 
                                                                   Type: Void

testcase "JLObjComplexF64"
 
   All user variables and function definitions have been cleared.
                                                                   Type: Void
cf64 := jobject("ComplexF64(1.0 + 2.0im)") pretend JLObjComplexF64
 

   (2)  1.0 + 2.0im
                                                        Type: JLObjComplexF64
testEquals("jlType cf64", "_"ComplexF64_"")
 
                                                                   Type: Void
real_part64 := jlApply("real", cf64 pretend JLObject) pretend JLObjFloat64
 

   (4)  1.0
                                                           Type: JLObjFloat64
imag_part64 := jlApply("imag", cf64 pretend JLObject) pretend JLObjFloat64
 

   (5)  2.0
                                                           Type: JLObjFloat64
testTrue("jlApprox?(real_part64, jfloat64(1.0))")
 
                                                                   Type: Void
testTrue("jlApprox?(imag_part64, jfloat64(2.0))")
 
                                                                   Type: Void

testcase "JLFloat"
 
   All user variables and function definitions have been cleared.
                                                                   Type: Void
jf := jfloat(1.5)
 

   (2)  1.5
                                                                Type: JLFloat
testEquals("jlType jf", "_"BigFloat_"")
 
                                                                   Type: Void
testTrue("jlApprox?(jf * 2, jfloat(3.0))")
 
                                                                   Type: Void
testTrue("jlApprox?(exp(jfloat(0.0)), jfloat(1.0))")
 
                                                                   Type: Void
testTrue("jlApprox?(log(exp(jf)), jf)")
 
                                                                   Type: Void

testcase "JLComplexFloat"
 
   All user variables and function definitions have been cleared.
                                                                   Type: Void
jcf := complex(jfloat(1.0), jfloat(2.0))$JLComplexFloat
 

   (2)  1.0 + 2.0im
                                                         Type: JLComplexFloat
testEquals("jlType jcf", "_"Complex{BigFloat}_"")
 
                                                                   Type: Void
testTrue("jlApprox?(real(jcf), jfloat(1.0))")
 
                                                                   Type: Void
testTrue("jlApprox?(imag(jcf), jfloat(2.0))")
 
                                                                   Type: Void
testTrue("jlApprox?(exp(jcf), exp(real(jcf)) * cis(imag(jcf)))")
 
                                                                   Type: Void

testcase "JLObjPair"
 
   All user variables and function definitions have been cleared.
                                                                   Type: Void
p := jobject("1 => _"a_"") pretend JLObjPair(JLObjInt64, JLObject)
 

   (2)  1 => "a"
                                         Type: JLObjPair(JLObjInt64,JLObject)
testEquals("jlType p", "_"Pair{Int64, String}_"")
 
                                                                   Type: Void
testEquals("first(p)", "jint64(1)")
 
                                                                   Type: Void
testEquals("string(last(p))", "_"a_"")
 
                                                                   Type: Void

testcase "JLObjTuple"
 
   All user variables and function definitions have been cleared.
                                                                   Type: Void
t := jtuple("(1, 2.0)")
 

   (2)  (1, 2.0)
                                                             Type: JLObjTuple
testEquals("jlType t", "_"Tuple{Int64, Float64}_"")
 
                                                                   Type: Void
testEquals("t.1", "jobject(_"1_")")
 
                                                                   Type: Void
testEquals("t.2", "jobject(_"2.0_")")
 
                                                                   Type: Void

testcase "JLObjDict"
 
   All user variables and function definitions have been cleared.
                                                                   Type: Void
d := jdict("Dict(_"a_" => 1, _"b_" => 2)")
 

   (2)

   Dict{String, Int64} with 2 entries:
     "b" => 2
     "a" => 1
                                                              Type: JLObjDict
testEquals("jlType d", "_"Dict{String, Int64}_"")
 
                                                                   Type: Void
testEquals("d._"a_"", "jobject(_"1_")")
 
                                                                   Type: Void
testEquals("d._"b_"", "jobject(_"2_")")
 
                                                                   Type: Void
setelt!(d, "c", jobject("3"))
 

   (6)

   Dict{String, Int64} with 3 entries:
     "c" => 3
     "b" => 2
     "a" => 1
                                                              Type: JLObjDict
testEquals("d._"c_"", "jobject(_"3_")")
 
                                                                   Type: Void
delete!(d, "c")
 

   (8)

   Dict{String, Int64} with 2 entries:
     "b" => 2
     "a" => 1
                                                               Type: JLObject
haskey_check := jlApply("haskey", d pretend JLObject, jobject("_"c_""))
 

   (9)  false
                                                               Type: JLObject
testTrue("not ((haskey_check pretend JLObjBool)::Boolean)")
 
                                                                   Type: Void

testcase "JLVector"
 
   All user variables and function definitions have been cleared.
                                                                   Type: Void
v := vector([1, 2, 3])$JLVector(JLObjInt64)
 

   (2)

   3-element Vector{Int64}:
    1
    2
    3
                                                   Type: JLVector(JLObjInt64)
testEquals("#v", "3")
 
                                                                   Type: Void
testEquals("v.1", "jint64(1)")
 
                                                                   Type: Void
testEquals("v.3", "jint64(3)")
 
                                                                   Type: Void
v.2 := jint64(42)
 

   (6)  42
                                                             Type: JLObjInt64
testEquals("v.2", "jint64(42)")
 
                                                                   Type: Void
v2 := vector([1.0, 2.0])$JLVector(JLObjFloat64)
 

   (8)

   2-element Vector{Float64}:
    1.0
    2.0
                                                 Type: JLVector(JLObjFloat64)
testEquals("jlType v2", "_"Vector{Float64}_"")
 
                                                                   Type: Void

testcase "JLMatrix"
 
   All user variables and function definitions have been cleared.
                                                                   Type: Void
m := new(2, 2, 0)$JLMatrix(JLObjInt64)
 

   (2)

   2×2 Matrix{Int64}:
    0  0
    0  0
                                                   Type: JLMatrix(JLObjInt64)
testEquals("nrows m", "2")
 
                                                                   Type: Void
testEquals("ncols m", "2")
 
                                                                   Type: Void
m(1,1) := jint64(1)
 

   (5)  1
                                                             Type: JLObjInt64
m(1,2) := jint64(2)
 

   (6)  2
                                                             Type: JLObjInt64
m(2,1) := jint64(3)
 

   (7)  3
                                                             Type: JLObjInt64
m(2,2) := jint64(4)
 

   (8)  4
                                                             Type: JLObjInt64
testEquals("m(2,1)", "jint64(3)")
 
                                                                   Type: Void
tm := transpose(m)
 

   (10)

   2×2 Matrix{Int64}:
    1  3
    2  4
                                                   Type: JLMatrix(JLObjInt64)
testEquals("tm(1,2)", "jint64(3)")
 
                                                                   Type: Void
testEquals("tm(2,1)", "jint64(2)")
 
                                                                   Type: Void

-- testcase "JLDataFrame"
-- m_df := new(2, 2, 0.0)$JLMatrix(JLObjFloat64)
-- m_df(1,1) := jfloat64(1.0)
-- m_df(1,2) := jfloat64(2.0)
-- m_df(2,1) := jfloat64(3.0)
-- m_df(2,2) := jfloat64(4.0)
-- Use jdframe(matrix) which uses :auto for names (x1, x2)
-- df := jdframe(m_df)$JLDataFrame
-- testEquals("jlType df", "_"DataFrame_"")
-- col_x1 := df.x1
-- testEquals("jlType col_x1", "_"Vector{Float64}_"")
-- testEquals("col_x1.1", "jfloat64(1.0)")
-- testEquals("col_x1.2", "jfloat64(3.0)")

statistics()
 
   =============================================================================
   General WARNINGS:
   * do not use ')clear completely' before having used 'statistics()'
     It clears the statistics without warning!
   * do not forget to pass the arguments of the testXxxx functions as Strings!
     Otherwise, the test will fail and statistics() will not notice!
   =============================================================================
   WARNINGS:
   Testsuite: JL Object
   Testcase: JLObjInt64
   test: 1
   testing in a domain without InputForm!
   Testsuite: JL Object
   Testcase: JLObjInt64
   test: 3
   testing in a domain without InputForm!
   Testsuite: JL Object
   Testcase: JLObjInt64
   test: 4
   testing in a domain without InputForm!
   Testsuite: JL Object
   Testcase: JLObjUInt64
   test: 2
   testing in a domain without InputForm!
   Testsuite: JL Object
   Testcase: JLObjBigInt
   test: 2
   testing in a domain without InputForm!
   Testsuite: JL Object
   Testcase: JLObjPair
   test: 2
   testing in a domain without InputForm!
   Testsuite: JL Object
   Testcase: JLObjTuple
   test: 2
   testing in a domain without InputForm!
   Testsuite: JL Object
   Testcase: JLObjTuple
   test: 3
   testing in a domain without InputForm!
   Testsuite: JL Object
   Testcase: JLObjDict
   test: 2
   testing in a domain without InputForm!
   Testsuite: JL Object
   Testcase: JLObjDict
   test: 3
   testing in a domain without InputForm!
   Testsuite: JL Object
   Testcase: JLObjDict
   test: 4
   testing in a domain without InputForm!
   Testsuite: JL Object
   Testcase: JLVector
   test: 2
   testing in a domain without InputForm!
   Testsuite: JL Object
   Testcase: JLVector
   test: 3
   testing in a domain without InputForm!
   Testsuite: JL Object
   Testcase: JLVector
   test: 4
   testing in a domain without InputForm!
   Testsuite: JL Object
   Testcase: JLMatrix
   test: 3
   testing in a domain without InputForm!
   Testsuite: JL Object
   Testcase: JLMatrix
   test: 4
   testing in a domain without InputForm!
   Testsuite: JL Object
   Testcase: JLMatrix
   test: 5
   testing in a domain without InputForm!

   =============================================================================
   Testsuite: JL Object
     failed (total): 0 (17)

   =============================================================================
   testsuite | testcases: failed (total) | tests: failed (total)
   JL Object                   0    (17)               0    (58)
   =============================================================================
   File summary.
   unexpected failures: 0
   expected failures: 0
   unexpected passes: 0
   total tests: 58
                                                                   Type: Void
)quit
 
