Checking for foreign routines
FRICAS="/home/greg/Git/jlfricas/target/x86_64-linux-gnu"
spad-lib="/home/greg/Git/jlfricas/target/x86_64-linux-gnu/lib/libspad.so"
foreign routines found
openServer result -2
                       FriCAS Computer Algebra System 
       Version: jlFriCAS 1.3.14-julia-dev built with SBCL 2.6.4.debian
                 Timestamp: mar. 04 août 2026 04:37:41 CEST
-----------------------------------------------------------------------------
   Issue )copyright to view copyright notices.
   Issue )summary for a summary of useful system commands.
   Issue )quit to leave FriCAS and return to shell.
-----------------------------------------------------------------------------
 
(1) -> )set message test on
 
)set message auto off
 
)read julia.input
 
-- Test Julia loading principally

)set break resume
 
)set mess type off
 
)expose UnittestCount UnittestAux Unittest
 
   UnittestCount is now explicitly exposed in frame initial 
   UnittestAux is now explicitly exposed in frame initial 
   Unittest is now explicitly exposed in frame initial 

testsuite "Julia"
 
   All user variables and function definitions have been cleared.
testcase "Julia availability"
 
   All user variables and function definitions have been cleared.
testTrue("jlInitialize(true)")
 

testcase "JLSymbol"
 
   All user variables and function definitions have been cleared.
sym   := jsym "mysym";
 

ssym  := ":mysym"; 
 

testEquals("string(sym)","ssym")
 
testEquals("coerce(coerce(_"mysym_")@Symbol)@JSYM","sym")
 

testcase "JLInt64"
 
   All user variables and function definitions have been cleared.
testEquals("coerce(0$JI64)@SINT","0$SINT")
 
testEquals("coerce(0$SINT)@JI64","0$JI64")
 
testEquals("convert(0$JI64)@Integer","0$Integer")
 
testEquals("ji64(0$SINT)","0$JI64")
 
testEquals("ji64(0$INT)","0$Integer")
 

)expose JLFloat32
 
   JLFloat32 is now explicitly exposed in frame initial 
testcase "JLFloat32"
 
   All user variables and function definitions have been cleared.
testEquals("convert(0$JF32)@SF","0$SF")
 
testEquals("convert(0$SF)@JF32","0$JF32")
 
testEquals("convert(0$JF32)@Float","0$Float")
 
testEquals("jf32(0$SF)","0$JF32")
 
testEquals("jf32(0$Integer)","0$JF32")
 

testcase "JLFloat64"
 
   All user variables and function definitions have been cleared.
testEquals("coerce(0$JF64)@SF","0$SF")
 
testEquals("coerce(0$SF)@JF64","0$JF64")
 
testEquals("convert(0$JF64)@Float","0$Float")
 
testEquals("jf64(0$SF)","0$JF64")
 
testEquals("jf64(0$Integer)","0$JF64")
 

)expose JLComplexF32
 
   JLComplexF32 is now explicitly exposed in frame initial 
testcase "JLComplexF32"
 
   All user variables and function definitions have been cleared.
c1 := jcf32(1.0::DoubleFloat::JLFloat32, 2.0::DoubleFloat::JLFloat32)
 

   (2)  1.0f0 + 2.0f0 %i
c2 := jcf32(3.0::DoubleFloat::JLFloat32, 4.0::DoubleFloat::JLFloat32)
 

   (3)  3.0f0 + 4.0f0 %i
c3 := c1 + c2
 

   (4)  4.0f0 + 6.0f0 %i
testTrue("jlApprox?(c3, jcf32(4.0::DoubleFloat::JLFloat32, 6.0::DoubleFloat::JLFloat32))")
 
c4 := c1 * c2
 

   (6)  -5.0f0 + 10.0f0 %i
-- (1+2i)(3+4i) = 3 + 4i + 6i - 8 = -5 + 10i
testTrue("jlApprox?(c4, jcf32(-5.0::DoubleFloat::JLFloat32, 10.0::DoubleFloat::JLFloat32))")
 
testTrue("jlApprox?(real(c1), 1.0::DoubleFloat::JLFloat32)")
 
testTrue("jlApprox?(imag(c1), 2.0::DoubleFloat::JLFloat32)")
 

)expose JLComplexF64
 
   JLComplexF64 is now explicitly exposed in frame initial 
testcase "JLComplexF64"
 
   All user variables and function definitions have been cleared.
d1 := jcf64(1.0::DoubleFloat::JLFloat64, 2.0::DoubleFloat::JLFloat64)
 

   (2)  1.0 + 2.0 %i
d2 := jcf64(3.0::DoubleFloat::JLFloat64, 4.0::DoubleFloat::JLFloat64)
 

   (3)  3.0 + 4.0 %i
d3 := d1 + d2
 

   (4)  4.0 + 6.0 %i
testTrue("jlApprox?(d3, jcf64(4.0::DoubleFloat::JLFloat64, 6.0::DoubleFloat::JLFloat64))")
 
d4 := d1 * d2
 

   (6)  -5.0 + 10.0 %i
testTrue("jlApprox?(d4, jcf64(-5.0::DoubleFloat::JLFloat64, 10.0::DoubleFloat::JLFloat64))")
 
testTrue("jlApprox?(real(d1), 1.0::JLFloat64)")
 
testTrue("jlApprox?(imag(d1), 2.0::JLFloat64)")
 

testcase "JLUtilityFunctions"
 
   All user variables and function definitions have been cleared.
testTrue("jlEvalString(_"isnothing(using LinearAlgebra)_")@Boolean")
 
testTrue("jlEvalString(_"isnothing(import LinearAlgebra.svd)_")@Boolean")
 
testEquals("jlEvalString(_"0.0_")@JF64","0$JF64")
 

czero := coerce(0$JF64)@JCF64;
 

cone  := coerce(1$JF64)@JCF64;
 

vec   := vector([0$JF64, 1$JF64]);
 

mat   := matrix([[1$JF64, 0$JF64],[0$JF64, 1$JF64]]);
 

cvec  := vector([czero, cone])@JCF64VEC;
 

cmat  := matrix([[cone, czero],[czero, cone]])@JCF64MAT;
 

testTrue("jlApprox?(0$JF64,0$JF64)")
 
testTrue("jlApprox?(cone,cone)")
 
testTrue("jlApprox?(vec,vec)")
 
testTrue("jlApprox?(mat,mat)")
 
testTrue("jlApprox?(cvec,cvec)")
 
testTrue("jlApprox?(cmat,cmat)")
 

testTrue("jlDefined?(jsym _"showerror_")")
 
testTrue("jlDefined?( _"showerror_")")
 

testEquals("jlApply(_"exp_",1$JF64)","exp(1$JF64)")
 
testEquals("jlApply(_"-_",1$JF64,1$JF64)","0$JF64")
 
testEquals("jlApply(_"+_",0$JF64,0$JF64,1$JF64)","1$JF64")
 

statistics()
 
   =============================================================================
   General WARNINGS:
   * do not use ')clear completely' before having used 'statistics()'
     It clears the statistics without warning!
   * do not forget to pass the arguments of the testXxxx functions as Strings!
     Otherwise, the test will fail and statistics() will not notice!
   =============================================================================
   WARNINGS:
   Testsuite: Julia
   Testcase: JLSymbol
   test: 2
   testing in a domain without InputForm!
   Testsuite: Julia
   Testcase: JLFloat32
   test: 2
   testing in a domain without InputForm!
   Testsuite: Julia
   Testcase: JLFloat32
   test: 4
   testing in a domain without InputForm!
   Testsuite: Julia
   Testcase: JLFloat32
   test: 5
   testing in a domain without InputForm!

   =============================================================================
   Testsuite: Julia
     failed (total): 0 (8)

   =============================================================================
   testsuite | testcases: failed (total) | tests: failed (total)
   Julia                       0     (8)               0    (40)
   =============================================================================
   File summary.
   unexpected failures: 0
   expected failures: 0
   unexpected passes: 0
   total tests: 40
)quit
 
