Checking for foreign routines
FRICAS="/home/greg/Git/jlfricas/target/x86_64-linux-gnu"
spad-lib="/home/greg/Git/jlfricas/target/x86_64-linux-gnu/lib/libspad.so"
foreign routines found
openServer result -2
                       FriCAS Computer Algebra System 
       Version: jlFriCAS 1.3.14-julia-dev built with SBCL 2.6.4.debian
                 Timestamp: mar. 04 août 2026 04:37:41 CEST
-----------------------------------------------------------------------------
   Issue )copyright to view copyright notices.
   Issue )summary for a summary of useful system commands.
   Issue )quit to leave FriCAS and return to shell.
-----------------------------------------------------------------------------
 
(1) -> )set message test on
 
)set message auto off
 
)read jws.input
 
)set break resume
 
)set mess type off
 
)expose UnittestCount UnittestAux Unittest
 
   UnittestCount is now explicitly exposed in frame initial 
   UnittestAux is now explicitly exposed in frame initial 
   Unittest is now explicitly exposed in frame initial 

testsuite "Julia WS Object Domains"
 
   All user variables and function definitions have been cleared.
   WARNING: string for testsuite should have less than 15 characters!

testcase "WSSymbol"
 
   All user variables and function definitions have been cleared.
testTrue("((WTrue()$WSSymbol = WTrue()$WSSymbol)@Boolean)")
 
testTrue("((WTrue()$WSSymbol ~= WFalse()$WSSymbol)@Boolean)")
 
testTrue("coerce(WTrue()$WSSymbol)@Boolean")
 
testTrue("not(coerce(WFalse()$WSSymbol)@Boolean)")
 
testTrue("(jWSSym(_"x_")$WSSymbol; true)")
 

testcase "WSInteger"
 
   All user variables and function definitions have been cleared.
i1 := 5::WSInteger
 

   (2)  5
i2 := 10::WSInteger
 

   (3)  10
testEquals("i1 + i2", "15::WSInteger")
 
testEquals("i2 - i1", "5::WSInteger")
 
testEquals("i1 * i2", "50::WSInteger")
 
testEquals("i2 quo i1", "2::WSInteger")
 
testEquals("i2 rem i1", "0::WSInteger")
 
testEquals("factorial(i1)", "120::WSInteger")
 
testEquals("fibonacci(i1)", "5::WSInteger")
 
testTrue("prime?(i1)")
 
testTrue("not prime?(i2)")
 
testEquals("gcd(i1, i2)", "5::WSInteger")
 
testEquals("lcm(i1, i2)", "10::WSInteger")
 
-- StirlingS1[10, 2] = 1026576
testEquals("stirling1(i2, 2::WSInteger)", "1026576::WSInteger")
 

testcase "WSRational"
 
   All user variables and function definitions have been cleared.
q1 := (1/2)::WSRational
 

        1
   (2)  -
        2
q2 := (1/3)::WSRational
 

        1
   (3)  -
        3
testEquals("q1 + q2", "(5/6)::WSRational")
 
testEquals("q1 * q2", "(1/6)::WSRational")
 
testEquals("numer(q1)", "1::WSInteger")
 
testEquals("denom(q1)", "2::WSInteger")
 
testEquals("q1 ^ 2", "(1/4)::WSRational")
 

testcase "WSReal"
 
   All user variables and function definitions have been cleared.
r1 := jWSReal(0.5)
 

   (2)  0.5
r2 := jWSReal(2.0)
 

   (3)  2.0
testTrue("jlApprox?(r1 + r1, jWSReal(1.0))")
 
testTrue("jlApprox?(r2 * r1, jWSReal(1.0))")
 
testTrue("jlApprox?(cos(pi()$WSReal), jWSReal(-1.0))")
 
testTrue("abs(sin(pi()$WSReal)) < jWSReal(1.e-10)")
 
testTrue("jlApprox?(exp(jWSReal(1.0)), exp()$WSReal)")
 

testcase "WSAPReal"
 
   All user variables and function definitions have been cleared.
apr1 := jWSReal(0.5)$WSAPReal(100)
 

   (2)

   0.500000000000000000000000000000000000000000000000000000000000000000000000
   >   0000000000000000000000000000
apr2 := jWSReal(2.0)$WSAPReal(100)
 

   (3)

   2.000000000000000000000000000000000000000000000000000000000000000000000000
   >   000000000000000000000000000
testTrue("jlApprox?(apr1 + apr1, jWSReal(1.0)$WSAPReal(100))")
 
testEquals("precision()$WSAPReal(100)", "100")
 
testTrue("jlApprox?(sqrt(apr2)^2, apr2)")
 

testcase "WSGaussianInteger"
 
   All user variables and function definitions have been cleared.
gi1 := complex(1, 2)$WSGaussianInteger
 

   (2)  1 + 2 %i
gi2 := complex(3, 4)$WSGaussianInteger
 

   (3)  3 + 4 %i
testEquals("gi1 + gi2", "complex(4, 6)$WSGaussianInteger")
 
testEquals("gi1 * gi2", "complex(-5, 10)$WSGaussianInteger")
 
testEquals("real(gi1)", "1::WSInteger")
 
testEquals("imag(gi1)", "2::WSInteger")
 
testEquals("conjugate(gi1)", "complex(1, -2)$WSGaussianInteger")
 

testcase "WSComplex"
 
   All user variables and function definitions have been cleared.
c1 := complex(jWSReal(1.0), jWSReal(2.0))$WSComplex
 

   (2)  1.0 + 2.0 %i
c2 := complex(jWSReal(3.0), jWSReal(4.0))$WSComplex
 

   (3)  3.0 + 4.0 %i
testTrue("jlApprox?(c1 + c2, complex(jWSReal(4.0), jWSReal(6.0))$WSComplex)")
 
testTrue("jlApprox?(real(c1), jWSReal(1.0))")
 
testTrue("jlApprox?(imag(c1), jWSReal(2.0))")
 
testTrue("jlApprox?(abs(c1)^2, jWSReal(5.0))")
 

testcase "WSAPComplex"
 
   All user variables and function definitions have been cleared.
ac1 := complex(jWSReal(1.0)$WSAPReal(100), jWSReal(2.0)$WSAPReal(100))$WSAPComplex(100)
 

   (2)

     1.000000000000000000000000000000000000000000000000000000000000000000000000
     >   000000000000000000000000000
   + 

      2.00000000000000000000000000000000000000000000000000000000000000000000000
      0
       >   000000000000000000000000000
    *
       %i
testTrue("jlApprox?(real(ac1), jWSReal(1.0)$WSAPReal(100))")
 
testTrue("jlApprox?(abs(ac1)^2, jWSReal(5.0)$WSAPReal(100))")
 

statistics()
 
   =============================================================================
   General WARNINGS:
   * do not use ')clear completely' before having used 'statistics()'
     It clears the statistics without warning!
   * do not forget to pass the arguments of the testXxxx functions as Strings!
     Otherwise, the test will fail and statistics() will not notice!

   =============================================================================
   Testsuite: Julia WS Object Domains
     failed (total): 0 (8)

   =============================================================================
   testsuite | testcases: failed (total) | tests: failed (total)
   Julia WS Object Domains     0     (8)               0    (41)
   =============================================================================
   File summary.
   unexpected failures: 0
   expected failures: 0
   unexpected passes: 0
   total tests: 41
)quit
 
