Checking for foreign routines
FRICAS="/home/greg/Git/jlfricas/target/x86_64-linux-gnu"
spad-lib="/home/greg/Git/jlfricas/target/x86_64-linux-gnu/lib/libspad.so"
foreign routines found
openServer result -2
                       FriCAS Computer Algebra System 
       Version: jlFriCAS 1.3.14-julia-dev built with SBCL 2.6.4.debian
                 Timestamp: mar. 04 août 2026 04:37:41 CEST
-----------------------------------------------------------------------------
   Issue )copyright to view copyright notices.
   Issue )summary for a summary of useful system commands.
   Issue )quit to leave FriCAS and return to shell.
-----------------------------------------------------------------------------
 
(1) -> )set message test on
 
)set message auto off
 
)read linalg2.input
 
)set break resume
 
)expose UnittestCount UnittestAux Unittest
 
   UnittestCount is now explicitly exposed in frame initial 
   UnittestAux is now explicitly exposed in frame initial 
   Unittest is now explicitly exposed in frame initial 

testsuite "linalg2"
 
   All user variables and function definitions have been cleared.
                                                                   Type: Void

testcase "inverse over quaternions"
 
   All user variables and function definitions have been cleared.
                                                                   Type: Void

qF := Quaternion(Fraction(Integer))
 

   (2)  Quaternion(Fraction(Integer))
                                                                   Type: Type
m1 := matrix([[1, quatern(0, 1, 0, 0)$qF], [0, 1]])
 

        +1  i+
   (3)  |    |
        +0  1+
                                  Type: Matrix(Quaternion(Fraction(Integer)))
m2 := matrix([[1, quatern(0, 0, 1, 0)$qF], [0, 1]])
 

        +1  j+
   (4)  |    |
        +0  1+
                                  Type: Matrix(Quaternion(Fraction(Integer)))
m3 := matrix([[1, 0], [quatern(0, 0, 0, 1)$qF, 1]])
 

        +1  0+
   (5)  |    |
        +k  1+
                                  Type: Matrix(Quaternion(Fraction(Integer)))
im := inverse(m1*m3*m2)$IMATLIN(qF, Vector(qF), Vector(qF), Matrix(qF))
 

        +1 + i  1 - i - j+
   (6)  |                |
        + - k     1 + j  +
                       Type: Union(Matrix(Quaternion(Fraction(Integer))),...)
testEquals("im*m1*m3*m2", "m1*m3*m2*im")
 
                                                                   Type: Void
testEquals("im*m1*m3*m2", "matrix([[1, 0], [0, 1]])")
 
                                                                   Type: Void

statistics()
 
   =============================================================================
   General WARNINGS:
   * do not use ')clear completely' before having used 'statistics()'
     It clears the statistics without warning!
   * do not forget to pass the arguments of the testXxxx functions as Strings!
     Otherwise, the test will fail and statistics() will not notice!

   =============================================================================
   Testsuite: linalg2
     failed (total): 0 (1)

   =============================================================================
   testsuite | testcases: failed (total) | tests: failed (total)
   linalg2                     0     (1)               0     (2)
   =============================================================================
   File summary.
   unexpected failures: 0
   expected failures: 0
   unexpected passes: 0
   total tests: 2
                                                                   Type: Void
)quit
 
