Checking for foreign routines
FRICAS="/home/greg/Git/jlfricas/target/x86_64-linux-gnu"
spad-lib="/home/greg/Git/jlfricas/target/x86_64-linux-gnu/lib/libspad.so"
foreign routines found
openServer result -2
                       FriCAS Computer Algebra System 
       Version: jlFriCAS 1.3.14-julia-dev built with SBCL 2.6.4.debian
                 Timestamp: mar. 04 août 2026 04:37:41 CEST
-----------------------------------------------------------------------------
   Issue )copyright to view copyright notices.
   Issue )summary for a summary of useful system commands.
   Issue )quit to leave FriCAS and return to shell.
-----------------------------------------------------------------------------
 
(1) -> )set message test on
 
)set message auto off
 
)read lode.input
 
--Copyright The Numerical Algorithms Group Limited 1991.
)set break resume
 
)expose UnittestCount UnittestAux Unittest
 
   UnittestCount is now explicitly exposed in frame initial 
   UnittestAux is now explicitly exposed in frame initial 
   Unittest is now explicitly exposed in frame initial 
testsuite "lode"
 
   All user variables and function definitions have been cleared.
                                                                   Type: Void
SOL ==> Record(particular: EXPR INT, basis: List EXPR INT)
 
                                                                   Type: Void
y := operator 'y
 

   (3)  y
                                                          Type: BasicOperator

testcaseNoClear "homogeneous equation with constant coefficients"
 
                                                                   Type: Void
deq := differentiate(y x, x, 2) + differentiate(y x, x) + y x
 

         ,,       ,
   (5)  y  (x) + y (x) + y(x)

                                                    Type: Expression(Integer)
res := solve(deq, y, x)
 

                                                x      x
                                        +-+   - -    - -      +-+
                                      x\|3      2      2    x\|3
   (6)  [particular = 0, basis = [cos(-----)%e   , %e   sin(-----)]]
                                        2                     2
Type: Union(Record(particular: Expression(Integer),basis: List(Expression(Integer))),...)

testEquals("res",
           "[0, [cos(x*sqrt(3)/2)*exp(-x/2),sin(x*sqrt(3)/2)*exp(-x/2)]]$SOL")
 
                                                                   Type: Void
testEquals("eval(deq, y, res.particular + reduce(+, res.basis, 0), x)", "0")
 
   Compiling function %F with type Expression(Integer) -> Expression(
      Integer) 
                                                                   Type: Void

testcaseNoClear "initial value problem: y'' + y = 0, y(0) = y'(0) = 1"
 
                                                                   Type: Void
deq := differentiate(y x, x, 2) + y x
 

          ,,
   (10)  y  (x) + y(x)

                                                    Type: Expression(Integer)
testEquals("solve(deq, y, x = 0, [1, 1])", "sin x + cos x")
 
                                                                   Type: Void
testEquals("solve(deq = sin x, y, x)",
           "[-x*cos x/2, [cos x, sin x]]$SOL")
 
                                                                   Type: Void

testcaseNoClear "inhomogeneous equations with rational coefficients"
 
                                                                   Type: Void
deq := x^3 * differentiate(y x, x, 3) + x^2 * differentiate(y x, x, 2) - _
2 * x * differentiate(y x, x) + 2 * y x - 2 * x^4
 

          3 ,,,       2 ,,           ,                  4
   (14)  x y   (x) + x y  (x) - 2 x y (x) + 2 y(x) - 2 x

                                                    Type: Expression(Integer)
res := solve(deq, y, x)
 

   (15)
                  5       3       2
                 x  - 10 x  + 20 x  + 4
   [particular = ----------------------,
                          15 x
                3      2       3       3      2
             2 x  - 3 x  + 1  x  - 1  x  - 3 x  - 1
    basis = [---------------, ------, -------------]]
                    x            x          x
Type: Union(Record(particular: Expression(Integer),basis: List(Expression(Integer))),...)
testEquals("res",
           "[(x^5-10*x^3+20*x^2+4)/(15*x),[(2*x^3-3*x^2+1)/x, (x^3-1)/x, (x^3-3*x^2-1)/x]]$SOL")
 
                                                                   Type: Void
testEquals("eval(deq, y, res.particular + reduce(+, res.basis, 0), x)", "0")
 
   Compiling function %BA with type Expression(Integer) -> Expression(
      Integer) 
                                                                   Type: Void

testEquals("solve(deq, y, x = 1, [b, 0, a])",
           "(2*x^5+10*(a-b-1)*x^3+(30*b-15*a+10)*x^2+10*b+5*a-2)/(30*x)")
 
                                                                   Type: Void

testcaseNoClear "third order equation with nontrivial singularities"
 
                                                                   Type: Void
deq := (x^9 + x^3) * differentiate(y x, x, 3) + _
18 * x^8 * differentiate(y x, x,2) - 90 * x * differentiate(y x, x) - _
30 * (11*x^6-3) * y x
 

           9    3  ,,,          8 ,,            ,              6
   (20)  (x  + x )y   (x) + 18 x y  (x) - 90 x y (x) + (- 330 x  + 90)y(x)

                                                    Type: Expression(Integer)
res := solve(deq, y, x)
 

   (21)
                                            +--+             +--+
                                         - \|91 log(x)      \|91 log(x)
                                x    x %e               x %e
   [particular = 0, basis = [------, -----------------, ---------------]]
                              6             6                 6
                             x  + 1        x  + 1            x  + 1
Type: Union(Record(particular: Expression(Integer),basis: List(Expression(Integer))),...)
testEquals("res",
           "[0, [x/(x^6+1), x*exp(-sqrt 91*log x)/(x^6+1), x*exp(sqrt 91*log x)/(x^6+1)]]$SOL")
 
                                                                   Type: Void
testEquals("eval(deq, y, res.particular + reduce(+, res.basis, 0), x)", "0")
 
   Compiling function %CE with type Expression(Integer) -> Expression(
      Integer) 
                                                                   Type: Void


testcaseNoClear "third order equation on a curve of genus 0"
 
                                                                   Type: Void
deq := (2*x+2)* differentiate(y x, x, 3) + 3* differentiate(y x, x, 2) + _
(2*x^2+2*x)* differentiate(y x,x) - sqrt(x+1) * y x - 2*x^2 - x + 1
 

   (25)
             ,,,         ,,          2        ,           +-----+      2
   (2 x + 2)y   (x) + 3 y  (x) + (2 x  + 2 x)y (x) - y(x)\|x + 1  - 2 x  - x + 1

                                                    Type: Expression(Integer)
res := solve(deq, y, x)
 

                        +-----+
   (26)  [particular = \|x + 1  + x, basis = []]
Type: Union(Record(particular: Expression(Integer),basis: List(Expression(Integer))),...)
testEquals("res", "[sqrt(x+1)+x, []]$SOL")
 
                                                                   Type: Void
testEquals("eval(deq, y, res.particular + reduce(+, res.basis, 0), x)", "0")
 
   Compiling function %CM with type Expression(Integer) -> Expression(
      Integer) 
                                                                   Type: Void

testcaseNoClear "equation irreducible over the rational functions"
 
                                                                   Type: Void
deq := 2*x^3*differentiate(y x,x,2) + 3*x^2*differentiate(y x,x) - 2*y x
 

            3 ,,         2 ,
   (30)  2 x y  (x) + 3 x y (x) - 2 y(x)

                                                    Type: Expression(Integer)
res := solve(deq, y, x)
 

                                         2       2
                                     - ----    ----
                                        +-+     +-+
                                       \|x     \|x
   (31)  [particular = 0, basis = [%e      , %e    ]]
Type: Union(Record(particular: Expression(Integer),basis: List(Expression(Integer))),...)
testEquals("res", "[0,[exp(-2/sqrt(x)), exp(2/sqrt(x))]]$SOL")
 
                                                                   Type: Void
testEquals("eval(deq, y, res.particular + reduce(+, res.basis, 0), x)", "0")
 
   Compiling function %CW with type Expression(Integer) -> Expression(
      Integer) 
                                                                   Type: Void


expected() ==
    messagePrint("testsuite | testcases: failed (total) | tests: failed (total)")$OutputForm;
    messagePrint("lode                        0     (6)               0    (13)")$OutputForm
 
                                                                   Type: Void

statistics()
 
   =============================================================================
   General WARNINGS:
   * do not use ')clear completely' before having used 'statistics()'
     It clears the statistics without warning!
   * do not forget to pass the arguments of the testXxxx functions as Strings!
     Otherwise, the test will fail and statistics() will not notice!
   =============================================================================
   WARNINGS:
   Testsuite: lode
   Testcase: homogeneous equation with constant coefficients
   test: 1
   testing in a domain without InputForm!
   Testsuite: lode
   Testcase: initial value problem: y'' + y = 0, y(0) = y'(0) = 1
   test: 2
   testing in a domain without InputForm!
   Testsuite: lode
   Testcase: inhomogeneous equations with rational coefficients
   test: 1
   testing in a domain without InputForm!
   Testsuite: lode
   Testcase: third order equation with nontrivial singularities
   test: 1
   testing in a domain without InputForm!
   Testsuite: lode
   Testcase: third order equation on a curve of genus 0
   test: 1
   testing in a domain without InputForm!
   Testsuite: lode
   Testcase: equation irreducible over the rational functions
   test: 1
   testing in a domain without InputForm!

   =============================================================================
   Testsuite: lode
     failed (total): 0 (6)

   =============================================================================
   testsuite | testcases: failed (total) | tests: failed (total)
   lode                        0     (6)               0    (13)
   =============================================================================
   File summary.
   unexpected failures: 0
   expected failures: 0
   unexpected passes: 0
   total tests: 13
                                                                   Type: Void
expected()
 
   Compiling function expected with type () -> Void 
   testsuite | testcases: failed (total) | tests: failed (total)
   lode                        0     (6)               0    (13)
                                                                   Type: Void
)quit
 
