Checking for foreign routines
FRICAS="/home/greg/Git/jlfricas/target/x86_64-linux-gnu"
spad-lib="/home/greg/Git/jlfricas/target/x86_64-linux-gnu/lib/libspad.so"
foreign routines found
openServer result -2
                       FriCAS Computer Algebra System 
       Version: jlFriCAS 1.3.14-julia-dev built with SBCL 2.6.4.debian
                 Timestamp: mar. 04 août 2026 04:37:41 CEST
-----------------------------------------------------------------------------
   Issue )copyright to view copyright notices.
   Issue )summary for a summary of useful system commands.
   Issue )quit to leave FriCAS and return to shell.
-----------------------------------------------------------------------------
 
(1) -> )set message test on
 
)set message auto off
 
)read lodof2.input
 
)set break resume
 
)expose UnittestCount UnittestAux Unittest
 
   UnittestCount is now explicitly exposed in frame initial 
   UnittestAux is now explicitly exposed in frame initial 
   Unittest is now explicitly exposed in frame initial 

testsuite "LODOF2"
 
   All user variables and function definitions have been cleared.
                                                                   Type: Void

testcase "factor"
 
   All user variables and function definitions have been cleared.
                                                                   Type: Void

qF := Expression(Integer)
 

   (2)  Expression(Integer)
                                                                   Type: Type
uP := UnivariatePolynomial('x, qF)
 

   (3)  UnivariatePolynomial(x,Expression(Integer))
                                                                   Type: Type
rF := Fraction(uP)
 

   (4)  Fraction(UnivariatePolynomial(x,Expression(Integer)))
                                                                   Type: Type
L1 := LinearOrdinaryDifferentialOperator1(rF)
 

   (5)
   LinearOrdinaryDifferentialOperator1
      Fraction(UnivariatePolynomial(x,Expression(Integer)))
                                                                   Type: Type
lF := LinearOrdinaryDifferentialOperatorFactorizer2('x, 0)
 

   (6)  LinearOrdinaryDifferentialOperatorFactorizer2(x,0)
                                                                   Type: Type

d := D()$L1
 

   (7)  D
Type: LinearOrdinaryDifferentialOperator1(Fraction(UnivariatePolynomial(x,Expression(Integer))))
xx := x::uP::rF
 

   (8)  x
                  Type: Fraction(UnivariatePolynomial(x,Expression(Integer)))
x1 := xx^(-1)
 

        1
   (9)  -
        x
                  Type: Fraction(UnivariatePolynomial(x,Expression(Integer)))
fP := factor$ExpressionFactorPolynomial(Integer,qF)
 

   (10)  theMap(EFACTOR;factor;SupLF;8,79)
Type: ((SparseUnivariatePolynomial(Expression(Integer)), List(Expression(Integer))) -> Factored(SparseUnivariatePolynomial(Expression(Integer))))

testFactor(l: List L1, y: List qF): Void ==
    free l1
    free l2
    free ll
    free nl
    free nll
    l1 := reduce(*, l)
    nl := #l
    ll := factor(l1, fP, y)$lF
    l2 := reduce(*, ll)
    nll := #ll
    testEquals("nl", "nll")
    testEquals("l1", "l2")
 
   Function declaration testFactor : (List(
      LinearOrdinaryDifferentialOperator1(Fraction(UnivariatePolynomial
      (x,Expression(Integer))))), List(Expression(Integer))) -> Void 
      has been added to workspace.
                                                                   Type: Void

-- reducible order 2 operator (1-1)
testFactor ([d, d+xx], [])
 
   Compiling function testFactor with type (List(
      LinearOrdinaryDifferentialOperator1(Fraction(UnivariatePolynomial
      (x,Expression(Integer))))), List(Expression(Integer))) -> Void 
   Compiled code for testFactor has been cleared.
   Better to use old factorizer
                                                                   Type: Void

-- irreducible order 2 operator
testFactor ([2*xx^3 * d^2 + 3*xx^2 * d - 2], [])
 
   Compiling function testFactor with type (List(
      LinearOrdinaryDifferentialOperator1(Fraction(UnivariatePolynomial
      (x,Expression(Integer))))), List(Expression(Integer))) -> Void 
   Better to use old factorizer
                                                                   Type: Void

-- reducible order 3 operator (1-2)
testFactor ([xx-d, -2*xx^3*d^2 - 3*xx^2*d + 2], [])
 
   Better to use old factorizer
                                                                   Type: Void

testFactor ([xx-d, d^2 + xx^2*d + 1], [])
 
   Better to use old factorizer
                                                                   Type: Void

-- reducible order 3 operator (2-1)
testFactor ([-2*xx^3*d^2 - 3*xx^2*d + 2, d - xx], [])
 
   Better to use old factorizer
                                                                   Type: Void

testFactor ([d^2 + xx^2*d + 1, d - xx], [])
 
   Better to use old factorizer
                                                                   Type: Void

-- reducible order 3 operator (1-1-1)
testFactor ([(xx^9 + xx^3)*d +(-sqrt 91+7)*xx^8+(-sqrt 91 + 1)*xx^2, _
            d + ((sqrt 91 + 6)*xx^6 + sqrt 91)/(xx^7+xx), _
            d + (5*xx^6 - 1)/(xx^7 + xx)], [sqrt 91])
 
   Better to use old factorizer
                                                                   Type: Void

-- irreducible order 3 operator
testFactor ([d^3 + 2 * d^2 + 5 / xx * d + 7 / xx^2], [])
 
                                                                   Type: Void

-- reducible order 4 operator (2-2)
testFactor ([2*xx^3 * d^2 + 3*xx^2 * d - 2, 2*xx^3 * d^2 + 3*xx^2 * d - 2], [])
 
   Better to use old factorizer
   Better to use old factorizer
                                                                   Type: Void

testFactor ([d^2 + xx^3 + x1^3, d^2 + xx^2 - x1^3], [])
 
   Better to use old factorizer
   Try the old factorizer
   Better to use old factorizer
   Try the old factorizer
                                                                   Type: Void

-- reducible order 5 operator (1-1-3)
testFactor ([d, d, d^3 + xx^2 * d^2 - x1^3 * d + (xx+1) / (xx-1)], [])
 
   Better to use old factorizer
   Better to use old factorizer
                                                                   Type: Void

testFactor ([d, d, d^3 + xx^2 * d^2 - x1^3 * d + 1], [])
 
   Better to use old factorizer
   Better to use old factorizer
                                                                   Type: Void

-- reducible order 6 operator (1-1-1-1-1-1)
testFactor ([xx^6*d + (- sqrt(-1) + 5)*xx^5, _
            d + (sqrt(-1)+4)/xx, _
            d + 5/xx, _
            d + 4/xx, _
            d + 3*xx^2/(xx^3-1), _
            d + (-xx^3-2)/(xx^4-xx)], [sqrt(-1)])
 
   Better to use old factorizer
   Better to use old factorizer
   Better to use old factorizer
   Better to use old factorizer
                                                                   Type: Void

-- reducible order 7 operator (2-1-1-3)
testFactor ([d^2 + x1 + xx, d, d, d^3 + xx^2 * d^2 - x1^3 * d + (xx+1) / (xx-1)], [])
 
   Better to use old factorizer
   Try the old factorizer
                                                                   Type: Void

statistics()
 
   =============================================================================
   General WARNINGS:
   * do not use ')clear completely' before having used 'statistics()'
     It clears the statistics without warning!
   * do not forget to pass the arguments of the testXxxx functions as Strings!
     Otherwise, the test will fail and statistics() will not notice!
   =============================================================================
   WARNINGS:
   Testsuite: LODOF2
   Testcase: factor
   test: 2
   testing in a domain without InputForm!
   Testsuite: LODOF2
   Testcase: factor
   test: 4
   testing in a domain without InputForm!
   Testsuite: LODOF2
   Testcase: factor
   test: 6
   testing in a domain without InputForm!
   Testsuite: LODOF2
   Testcase: factor
   test: 8
   testing in a domain without InputForm!
   Testsuite: LODOF2
   Testcase: factor
   test: 10
   testing in a domain without InputForm!
   Testsuite: LODOF2
   Testcase: factor
   test: 12
   testing in a domain without InputForm!
   Testsuite: LODOF2
   Testcase: factor
   test: 14
   testing in a domain without InputForm!
   Testsuite: LODOF2
   Testcase: factor
   test: 16
   testing in a domain without InputForm!
   Testsuite: LODOF2
   Testcase: factor
   test: 18
   testing in a domain without InputForm!
   Testsuite: LODOF2
   Testcase: factor
   test: 20
   testing in a domain without InputForm!
   Testsuite: LODOF2
   Testcase: factor
   test: 22
   testing in a domain without InputForm!
   Testsuite: LODOF2
   Testcase: factor
   test: 24
   testing in a domain without InputForm!
   Testsuite: LODOF2
   Testcase: factor
   test: 26
   testing in a domain without InputForm!
   Testsuite: LODOF2
   Testcase: factor
   test: 28
   testing in a domain without InputForm!

   =============================================================================
   Testsuite: LODOF2
     failed (total): 0 (1)

   =============================================================================
   testsuite | testcases: failed (total) | tests: failed (total)
   LODOF2                      0     (1)               0    (28)
   =============================================================================
   File summary.
   unexpected failures: 0
   expected failures: 0
   unexpected passes: 0
   total tests: 28
                                                                   Type: Void
)quit
 
