Checking for foreign routines
FRICAS="/home/greg/Git/jlfricas/target/x86_64-linux-gnu"
spad-lib="/home/greg/Git/jlfricas/target/x86_64-linux-gnu/lib/libspad.so"
foreign routines found
openServer result -2
                       FriCAS Computer Algebra System 
       Version: jlFriCAS 1.3.14-julia-dev built with SBCL 2.6.4.debian
                 Timestamp: mar. 04 août 2026 04:37:41 CEST
-----------------------------------------------------------------------------
   Issue )copyright to view copyright notices.
   Issue )summary for a summary of useful system commands.
   Issue )quit to leave FriCAS and return to shell.
-----------------------------------------------------------------------------
 
(1) -> )set message test on
 
)set message auto off
 
)read mantepse.input
 
)set break resume
 
)expose UnittestCount UnittestAux Unittest
 
   UnittestCount is now explicitly exposed in frame initial 
   UnittestAux is now explicitly exposed in frame initial 
   Unittest is now explicitly exposed in frame initial 
)expose RECOP
 
   RecurrenceOperator is now explicitly exposed in frame initial 
testsuite "guessing"
 
   All user variables and function definitions have been cleared.
                                                                   Type: Void
testcase "guessRat$GUESSINT"
 
   All user variables and function definitions have been cleared.
                                                                   Type: Void
testEquals("# guessRat [0,1,4]",
           "0")
 
                                                                   Type: Void
testEquals("# guessRat [0]",
           "0")
 
                                                                   Type: Void
testEquals("guessRat [1,1]",
           "[1]")
 
                                                                   Type: Void
xftestEquals("guessRat [0,0]",
           "[0]")
 
                                                                   Type: Void
testEquals("guessRat([0,1,2], allDegrees==false)$GUESSAN",
           "[n]")
 
                                                                   Type: Void
testEquals("guessRat([1,2,3], allDegrees==false)",
           "[n+1]")
 
                                                                   Type: Void
testEquals("guessRat([1,1/2,1/3], allDegrees==false)$GUESSAN",
           "[1/(n+1)]")
 
                                                                   Type: Void
testEquals("guessRat([0,1,4,9])$GUESSAN",
           "[n^2]")
 
                                                                   Type: Void
testEquals("guessRat([0,1/2,2/3,3/4], allDegrees==false)$GUESSAN",
           "[n/(n+1)]")
 
                                                                   Type: Void
testEquals("guessRat([1/2,2/3,3/4,4/5], allDegrees==false)",
           "[(n+1)/(n+2)]")
 
                                                                   Type: Void
testEquals("guessRat([0,1,4,9,16], safety==2)",
           "[n^2]")
 
                                                                   Type: Void
f := operator 'f;
 

                                                          Type: BasicOperator
testEquals("getEq first guessRat [3, 4, 7/2, 18/5, 11/3, 26/7]",
           "(-n^2-n+2)*f(n)+(4*n^2+2*n-6)")
 
                                                                   Type: Void

testcase "guessRat$GUESSP"
 
   All user variables and function definitions have been cleared.
                                                                   Type: Void
testEquals("guessRat(q)([1,q,q^2], [])",
           "[q^n]")
 
                                                                   Type: Void
testEquals("guessRat(q)([i^3*q^i + q^(2*i) for i in 0..6], maxMixedDegree==2)",
           "[n^3*q^n+q^(2*n)]")
 
                                                                   Type: Void
testEquals("guessRat(q)([i^3*q^i + q^(2*i) for i in 0..5], maxMixedDegree==2)",
           "[n^3*q^n+q^(2*n)]")
 
                                                                   Type: Void
-- result should be simpler, but who cares
testEquals("guessRat([(i+1)*z for i in 0..5]::List POLY PF 5)",
           "[(-2*n-2)*z/3]")
 
                                                                   Type: Void

testcase "guessRat$GUESSF"
 
   All user variables and function definitions have been cleared.
                                                                   Type: Void
xftestEquals("guessRat([1,0,1])$GUESSF(PF 2)",
           "[-n-1]")
 
                                                                   Type: Void
xftestEquals("guessRat([1,0,1,0])$GUESSF(PF 2)",
           "[-n-1]")
 
                                                                   Type: Void
xftestTrue("(guessRat([1,0,1,1], one==false)$GUESSF(PF 2); true)")
 
                                                                   Type: Void

xftestEquals("guessRat([binomial(2*n, n) for n in 0..6])$GUESSF(PF 3)",
             "[]")
 
                                                                   Type: Void

testTrue("empty? guessRat([1,0,1,0,1,0,1])$GUESSF(PF 7)")
 
                                                                   Type: Void
testcase "guessPade$GUESSINT"
 
   All user variables and function definitions have been cleared.
                                                                   Type: Void
f := operator 'f;
 

                                                          Type: BasicOperator
-- two terms for guessing, which allows rational functions with total degree 1
testEquals("getEq first guessPade([1,1,1])",
           "1/(1-x)")
 
                                                                   Type: Void
testEquals("# guessPade([1,1,2,3], allDegrees==false)",
           "0")
 
                                                                   Type: Void
testEquals("getEq first guessPade([1,1,2,3], allDegrees==true)",
           "1/(1-x-x^2)")
 
                                                                   Type: Void

testcase "guessPade$GUESSAN"
 
   All user variables and function definitions have been cleared.
                                                                   Type: Void
g 0 == 0; g 1 == 1; g 2 == 1; g n == sqrt 2*g(n-1)+3*g(n-2)+g(n-3);
 
                                                                   Type: Void

testEquals("eval(first guessPade([g i for i in 0..6])$GUESSAN, n=10)::AN", "g 10")
 
   Compiling function g with type Integer -> AlgebraicNumber 
   Compiling function g as a recurrence relation.
                                                                   Type: Void

testcase "guessPade$GUESSP AN"
 
   All user variables and function definitions have been cleared.
                                                                   Type: Void
g 0 == z; g 1 == 1; g 2 == 1; g n == sqrt 2*g(n-1)+3*g(n-2)+g(n-3);
 
                                                                   Type: Void

testEquals("eval(first guessPade [g i for i in 0..6], n=10)::EXPR AN::POLY AN",
           "g 10")
 
   Compiling function g with type Integer -> Polynomial(AlgebraicNumber
      ) 
   Compiling function g as a recurrence relation.
                                                                   Type: Void
testcase "guessAlg$GUESSINT"
 
   All user variables and function definitions have been cleared.
                                                                   Type: Void
f := operator 'f;
 

                                                          Type: BasicOperator
-- 3 terms, total number of parameters is 3
testEquals("getEq first guessAlg([1/(2*n+1)*binomial(2*n+1, n) "
                                 "for n in 0..3], allDegrees==true)",
           "x*f(x)^2-f(x)+1")
 
                                                                   Type: Void
testEquals("getEq first guessAlg [1/(2*n+1)*binomial(2*n+1, n) for n in 0..5]",
           "x*f(x)^2-f(x)+1")
 
                                                                   Type: Void
testcase "guessPRec$GUESSINT"
 
   All user variables and function definitions have been cleared.
                                                                   Type: Void
f := operator 'f;
 

                                                          Type: BasicOperator
-- central binomial coefficients
-- 5 terms, shifting eliminates 1, but total number of parameters is 5
testEquals("# guessPRec([1,2,6,20,70])",
           "0")
 
                                                                   Type: Void

-- 3 terms, but shifting eliminates one
testEquals("# guessPRec([1,2,6,20], homogeneous==true, allDegrees==true)",
           "0")
 
                                                                   Type: Void
testEquals("getEq first guessPRec([1,2,6,20,70], homogeneous==true)",
           "(-n-1)*f(n+1)+2*(2*n+1)*f(n)")
 
                                                                   Type: Void
testTrue("not empty? guessPRec([1,2,6,20,70], allDegrees==true)")
 
                                                                   Type: Void

xftestTrue("not member?(n-2, guessPRec [0,0,0,1,2,3,4,5])")
 
                                                                   Type: Void

testcase "guessPRec$GUESSP"
 
   All user variables and function definitions have been cleared.
                                                                   Type: Void
f := operator 'f;
 

                                                          Type: BasicOperator
r: INT -> POLY INT;
 
                                                                   Type: Void
r(0)==1; r(1)==1;
 
                                                                   Type: Void
r(n)==q^(n-1)*r(n-1)+(n-2)*r(n-2);
 
                                                                   Type: Void

testEquals("getEq first(guessPRec(q)([r m for m in 0..7], " _
                                     "maxMixedDegree==1, maxDegree==1, " _
                                     "homogeneous==true))", _
           "n*f n + q*q^n*f(n+1)-f(n+2)")
 
   Compiling function r with type Integer -> Polynomial(Integer) 
   Compiling function r as a recurrence relation.
                                                                   Type: Void

testcase "guessPRec$GUESSP many variables"
 
   All user variables and function definitions have been cleared.
                                                                   Type: Void
f := operator 'f;
 

                                                          Type: BasicOperator
testEquals("getEq first guessPRec [z*a^i for i in 0..15]",
           "-f(n+1) + a*f(n)")
 
                                                                   Type: Void
)set functions cache all r
 
   function r will cache all values.
r: INT -> POLY INT;
 
                                                                   Type: Void
r 0 == a00; r 1 == a01; r 2 == a02; r 3 == a03; r 4 == a04;
 
                                                                   Type: Void
r n == reduce(+, [r(n-i)::POLY INT for i in 1..4]);
 
                                                                   Type: Void

-- the 'n' factor is needed to have equality at n=0
testEquals("getEq first guessPRec [r i for i in 0..15]", _
             "-n*f(n + 4) + n*f(n + 3) + n*f(n + 2) + n*f(n + 1) + n*f(n)")
 
   Compiling function r with type Integer -> Polynomial(Integer) 
   r will cache all previously computed values.
                                                                   Type: Void

testcase "homogeneous holonomic equation for x^n"
 
   All user variables and function definitions have been cleared.
                                                                   Type: Void
-- It is not entirely clear whether we want 'guessPRec' to find
-- solutions for these inputs.  See the comments to 'testInterpolant' in
-- mantepse.spad.
xftestTrue("not empty? guessPRec([1,0,0,0,0,0,0,0], homogeneous==true)")
 
                                                                   Type: Void
xftestTrue("not empty? guessPRec([0,1,0,0,0,0,0,0], homogeneous==true)")
 
                                                                   Type: Void
xftestTrue("not empty? guessPRec([0,0,1,0,0,0,0,0], homogeneous==true)")
 
                                                                   Type: Void

testcase "guessADE$GUESSINT"
 
   All user variables and function definitions have been cleared.
                                                                   Type: Void
f := operator 'f;
 

                                                          Type: BasicOperator
-- Lambert W
testEquals("# guessADE([n^n/factorial n for n in 0..6], allDegrees==true)", "1")
 
                                                                   Type: Void
testEquals("getEq first guessADE([n^n/factorial n for n in 0..6], "
               "allDegrees==true)",
           "x*D(f x, x) - f(x)^3 + f(x)^2")
 
                                                                   Type: Void
testEquals("getEq first guessADE([n^n/factorial n for n in 0..9])",
           "x*D(f x, x) - f(x)^3 + f(x)^2")
 
                                                                   Type: Void

testcase "guessADE ellip"
 
   All user variables and function definitions have been cleared.
                                                                   Type: Void
-- guess ADE for elliptic functions
Coeff := Fraction(UnivariatePolynomial('m,Integer))
 

   (2)  Fraction(UnivariatePolynomial(m,Integer))
                                                                   Type: Type
Uts := UnivariateTaylorSeries(Coeff, 'x, 0)
 

   (3)  UnivariateTaylorSeries(Fraction(UnivariatePolynomial(m,Integer)),x,0)
                                                                   Type: Type
Ets := EllipticFunctionsUnivariateTaylorSeries(Coeff, Uts)
 

   (4)
   EllipticFunctionsUnivariateTaylorSeries
      Fraction(UnivariatePolynomial(m,Integer))
  ,
      UnivariateTaylorSeries(Fraction(UnivariatePolynomial(m,Integer)),x,0)
                                                                   Type: Type
snm := jacobiSn(x::Uts, m::Coeff)$Ets
 

   (5)
                       2                    3        2
         - m - 1  3   m  + 14 m + 1  5   - m  - 135 m  - 135 m - 1  7
     x + ------- x  + ------------- x  + ------------------------- x
            6              120                      5040
   + 
      4         3         2
     m  + 1228 m  + 5478 m  + 1228 m + 1  9      11
     ----------------------------------- x  + O(x  )
                    362880
  Type: UnivariateTaylorSeries(Fraction(UnivariatePolynomial(m,Integer)),x,0)
ll := entries(complete(first(coefficients(snm), 25)))
 

   (6)
                          2                   3        2
             - m - 1     m  + 14 m + 1     - m  - 135 m  - 135 m - 1
   [0, 1, 0, -------, 0, -------------, 0, -------------------------, 0,
                6             120                     5040
     4         3         2
    m  + 1228 m  + 5478 m  + 1228 m + 1
    -----------------------------------, 0,
                   362880
       5          4           3           2
    - m  - 11069 m  - 165826 m  - 165826 m  - 11069 m - 1
    -----------------------------------------------------, 0,
                           39916800
     6          5            4             3            2
    m  + 99642 m  + 4494351 m  + 13180268 m  + 4494351 m  + 99642 m + 1
    -------------------------------------------------------------------, 0,
                                 6227020800

            7           6              5              4              3
         - m  - 896803 m  - 116294673 m  - 834687179 m  - 834687179 m
       + 
                      2
         - 116294673 m  - 896803 m - 1
    /
       1307674368000
     ,
    0,

          8            7               6                5                 4
         m  + 8071256 m  + 2949965020 m  + 47152124264 m  + 109645021894 m
       + 
                      3               2
         47152124264 m  + 2949965020 m  + 8071256 m + 1
    /
       355687428096000
     ,
    0,

            9             8                7                  6
         - m  - 72641337 m  - 74197080276 m  - 2504055894564 m
       + 
                           5                   4                  3
         - 11966116940238 m  - 11966116940238 m  - 2504055894564 m
       + 
                        2
         - 74197080276 m  - 72641337 m - 1
    /
       121645100408832000
     ,
    0,

          10              9                  8                    7
         m   + 653772070 m  + 1859539731885 m  + 128453495887560 m
       + 
                           6                     5                     4
         1171517154238290 m  + 2347836365864484 m  + 1171517154238290 m
       + 
                          3                  2
         128453495887560 m  + 1859539731885 m  + 653772070 m + 1
    /
       51090942171709440000
     ,
    0,

            11               10                   9                     8
         - m   - 5883948671 m   - 46535238000235 m  - 6460701405171285 m
       + 
                               7                       6                       5
         - 107266611330420090 m  - 393938089395885894 m  - 393938089395885894 m
       + 
                               4                     3                   2
         - 107266611330420090 m  - 6460701405171285 m  - 46535238000235 m
       + 
         - 5883948671 m - 1
    /
       25852016738884976640000
     ,
    0]
                        Type: List(Fraction(UnivariatePolynomial(m,Integer)))
f := operator 'f
 

   (7)  f
                                                          Type: BasicOperator

testEquals("#(r1 := guessADE(ll, maxDegree==0, safety==5))", "8")
 
                                                                   Type: Void
testEquals("getEq r1(8)", "f(x)*D(f(x), x, 2) - D(f(x), x)^2 - m*f(x)^4 + 1")
 
                                                                   Type: Void
testEquals("#guessADE(ll, maxDegree==1, safety==4)", "2")
 
                                                                   Type: Void


testcase "guessADE$GUESSP"
 
   All user variables and function definitions have been cleared.
                                                                   Type: Void
f := operator 'f;
 

                                                          Type: BasicOperator
-- q-Carlitz
l := [1, 1, q+1, q^3+q^2+2*q+1, q^6+q^5+2*q^4+3*q^3+3*q^2+3*q+1, _
      q^10+q^9+2*q^8+3*q^7+5*q^6+5*q^5+7*q^4+7*q^3+6*q^2+4*q+1];
 

                                              Type: List(Polynomial(Integer))
testEquals("getEq first(guessADE(q)(l, maxPower==2, "
                                   "allDegrees==true))",
           "-x*f(x)*f(q*x) + f(x) - 1")
 
                                                                   Type: Void

xftestEquals("#(guessADE(q)(first(l, 4), maxPower==2, "
                          "allDegrees==true))", "1")
 
                                                                   Type: Void

testcase "guessRec$GUESSINT"
 
   All user variables and function definitions have been cleared.
                                                                   Type: Void
f := operator 'f;
 

                                                          Type: BasicOperator
-- Somos 4
s: INT -> INT;
 
                                                                   Type: Void
s(0)==1; s(1)==1; s(2)==1; s(3)==1;
 
                                                                   Type: Void
s(n)==(s(n-1)*s(n-3)+s(n-2)^2)/s(n-4);
 
                                                                   Type: Void
testEquals("getEq first guessRec([s m for m in 0..18], maxPower==2)",
           "-f(n)*f(n+4)+f(n+1)*f(n+3)+f(n+2)^2")
 
   Compiling function s with type Integer -> Integer 
   Compiling function s as a recurrence relation.
                                                                   Type: Void

testEquals("getEq first guessRec([s m for m in 0..12], maxPower==2, homogeneous==true)",
           "-f(n)*f(n+4)+f(n+1)*f(n+3)+f(n+2)^2")
 
                                                                   Type: Void

testEquals("getEq first guessRec([s m for m in 0..6], Somos==4, homogeneous==2)",
           "-f(n)*f(n+4)+f(n+1)*f(n+3)+f(n+2)^2")
 
                                                                   Type: Void

)cl val s
 
   Compiled code for s has been cleared.
s n == reduce(*, [reduce(*, [factorial i for i in 0..j-1], 1) for j in 0..n-1], 1);
 
                                                                   Type: Void
testEquals("guess [s l for l in 0..6]", _
           "[product(product(product(i+1, i=0..j-1), j=0..k-1), k=0..n-1)]")
 
   Compiling function s with type Integer -> Integer 
                                                                   Type: Void

testEquals("getEq first guessRec([s l for l in 0..8], Somos==6, homogeneous==4)", _
           "-f(n+1)^3*f(n+3)+(n+1)*f(n)*f(n+2)^3")
 
                                                                   Type: Void

testEquals("getEq first guessRec([s l for l in 0..8], Somos==true, homogeneous==4, maxShift==3)", _
             "-f(n+1)^3*f(n+3)+(n+1)*f(n)*f(n+2)^3")
 
                                                                   Type: Void

testEquals("getEq first guessRec([s l for l in 0..8], Somos==true, homogeneous==true, maxPower==4, maxShift==3)", _
             "-f(n+1)^3*f(n+3)+(n+1)*f(n)*f(n+2)^3")
 
                                                                   Type: Void

)cl val s
 
   Compiled code for s has been cleared.
s 0 == 1; s 1 == 2; s n == s(n-1)^2*s(n-2);
 
                                                                   Type: Void
testEquals("getEq first guessRec([s l for l in 0..5], Somos==true, maxShift==2, maxPower==3)", _
           "f(n+2)-f(n)*f(n+1)^2")
 
   Compiling function s with type Integer -> Integer 
   Compiling function s as a recurrence relation.
                                                                   Type: Void

-- The checking routine should always terminate...
testTrue("(guessRec([0, 1, 0, 0, 0, 2, 0, 7, 0, 0, 0, 15, 0, 0, 0], one==false); true)")
 
                                                                   Type: Void

l := [1,0,1,2,0,1,0,1,0,1,-2,0,0,0,1,0,-3,0,-1,0,1,2,0,-3,0,-2,0,1,0,5,0,-2,0,-3,0,1,-2,0,8,0,0,0,-4,0,1,0,-7,0,10,0,3,0,-5,0,1,2,0,-15,0,10,0,7,0,-6,0,1,0,9,0,-25,0,7,0,12,0,-7,0,1,-2,0,24,0,-35,0,0,0,18,0,-8,0,1,0,-11,0,49,0,-42,0,-12,0];
 

                                                          Type: List(Integer)

testTrue("(guessRec(l, safety==30); true)")
 
                                                                   Type: Void

testTrue("(guessRec([1,1,2,0,0,3,0,0,2,0,0], "
                   "one==false, maxShift==2, maxDegree==0, maxPower==2); "
         "true)")
 
                                                                   Type: Void
-- check leading and trailing zeros
testcase "guessFE$GUESSINT, leading zeros"
 
   All user variables and function definitions have been cleared.
                                                                   Type: Void
testTrue("(guessFE [0,0,0,1,0,0,0]; true)")
 
                                                                   Type: Void
testcase "guessExpRat$GUESSINT"
 
   All user variables and function definitions have been cleared.
                                                                   Type: Void
f := operator 'f;
 

                                                          Type: BasicOperator
testEquals("guessExpRat([0,3,32,375,5184])",
           "[n*(n + 2)^n]")
 
                                                                   Type: Void
testcase "guessBinRat$GUESSP"
 
   All user variables and function definitions have been cleared.
                                                                   Type: Void
f := operator 'f;
 

                                                          Type: BasicOperator
testEquals("first guessBinRat([1,1,k+1,(3*k*k+5*k+2)/2,(8*k^3+18*k*k+13*k+3)/3])",
           "binomial((k+1)*n, n)/(k*n+1)")
 
                                                                   Type: Void


testEquals("first guessBinRat([binomial(3+7*k, k)/(k+3) for k in 0..6]::List PF 3001)",
           "binomial(7*n+3, n)/(n+3)")
 
                                                                   Type: Void
testcase "guess$GUESSINT"
 
   All user variables and function definitions have been cleared.
                                                                   Type: Void
f := operator 'f;
 

                                                          Type: BasicOperator
-- Robbins numbers
testEquals("first guess([1,1,2,7,42,429,7436,218348], [guessRat], [guessProduct])",
           "product(product(3*(3*p+2)*(3*p+4)/4/(2*p+1)/(2*p+3), p=0..q-1),q=0..n-1)")
 
                                                                   Type: Void

testEquals("first guess([0,1,3,9,33], [guessRat], [guessSum, guessProduct])",
           "sum(product(p+2, p=0..q-1),q=0..n-1)")
 
                                                                   Type: Void

-- product(1+k!, k=0..n) is not holonomic, at least not of low degree
testTrue("not empty? guess([product(1+factorial k, k=0..n-1) for n in 0..6], [guessPRec], [guessProduct])")
 
                                                                   Type: Void
testcase "options"
 
   All user variables and function definitions have been cleared.
                                                                   Type: Void
testLibraryError "guessPRec([1,2,3,4,5], Somos==3)"
 
                                                                   Type: Void
testLibraryError "guessPRec([1,2,3,4,5], Somos==true)"
 
                                                                   Type: Void
xftestLibraryError "guessRec([1,2,3,4], Somos==true, maxShift==4, homogeneous==1)"
 
                                                                   Type: Void
xftestLibraryError "guessRec([1,2,3,4], Somos==5, maxShift==4, homogeneous==1)"
 
                                                                   Type: Void

testcase "checking"
 
   All user variables and function definitions have been cleared.
                                                                   Type: Void
testTrue("empty? guessADE(append([n/1 for n in 0..6],[1]),homogeneous==4,maxDegree==2)")
 
                                                                   Type: Void
testTrue("not empty? guessADE(append([n/1 for n in 0..6],[1]),homogeneous==4,maxDegree==2,checkExtraValues==false)")
 
                                                                   Type: Void
xftestTrue("empty? guessADE(append([n/1 for n in 0..6],[1]),homogeneous==4,maxDegree==2, check=='MonteCarlo)")
 
                                                                   Type: Void
testsuite "RECOP"
 
   All user variables and function definitions have been cleared.
                                                                   Type: Void
testcase "eval"
 
   All user variables and function definitions have been cleared.
                                                                   Type: Void
l := [0,1,0,1,1,0,0,0,0,0,0,0,0,0,0];
 

                                               Type: List(NonNegativeInteger)
res := first guessADE first(l, 10)
 

           n  4    3
   (3)  [[x ]x  + x  + x]
                                                    Type: Expression(Integer)
xftestEquals("[eval(res, 'n=n) for n in 0..#l-1]", "l")
 
                                                                   Type: Void

expected() ==
    messagePrint("testsuite | testcases: failed (total) | tests: failed (total)")$OutputForm
    messagePrint("guessing                    0    (21)               0    (71)")$OutputForm
    messagePrint("RECOP                       0     (1)               0     (1)")$OutputForm
 
                                                                   Type: Void

statistics()
 
   =============================================================================
   General WARNINGS:
   * do not use ')clear completely' before having used 'statistics()'
     It clears the statistics without warning!
   * do not forget to pass the arguments of the testXxxx functions as Strings!
     Otherwise, the test will fail and statistics() will not notice!

   =============================================================================
   Testsuite: guessing
     failed (total): 0 (21)
   =============================================================================
   Testsuite: RECOP
     failed (total): 0 (1)

   =============================================================================
   testsuite | testcases: failed (total) | tests: failed (total)
   guessing                    0    (21)               0    (72)
   RECOP                       0     (1)               0     (1)
   =============================================================================
   File summary.
   unexpected failures: 0
   expected failures: 14
   unexpected passes: 0
   total tests: 73
                                                                   Type: Void
expected()
 
   Compiling function expected with type () -> Void 
   testsuite | testcases: failed (total) | tests: failed (total)
   guessing                    0    (21)               0    (71)
   RECOP                       0     (1)               0     (1)
                                                                   Type: Void
)quit
 
