Checking for foreign routines
FRICAS="/home/greg/Git/jlfricas/target/x86_64-linux-gnu"
spad-lib="/home/greg/Git/jlfricas/target/x86_64-linux-gnu/lib/libspad.so"
foreign routines found
openServer result -2
                       FriCAS Computer Algebra System 
       Version: jlFriCAS 1.3.14-julia-dev built with SBCL 2.6.4.debian
                 Timestamp: mar. 04 août 2026 04:37:41 CEST
-----------------------------------------------------------------------------
   Issue )copyright to view copyright notices.
   Issue )summary for a summary of useful system commands.
   Issue )quit to leave FriCAS and return to shell.
-----------------------------------------------------------------------------
 
(1) -> )set message test on
 
)set message auto off
 
)read matcat.input
 
)set break resume
 
)expose UnittestCount UnittestAux Unittest
 
   UnittestCount is now explicitly exposed in frame initial 
   UnittestAux is now explicitly exposed in frame initial 
   Unittest is now explicitly exposed in frame initial 
testsuite "MATCAT"
 
   All user variables and function definitions have been cleared.
                                                                   Type: Void
testcase "columnSpace"
 
   All user variables and function definitions have been cleared.
                                                                   Type: Void
M := matrix [[1, 2, 3], [4, 5, 6], [7, 8, 9], [1, 1, 1]];
 

                                                        Type: Matrix(Integer)
testEquals("columnSpace M", "[[1,4,7,1],[2,5,8,1]]")
 
                                                                   Type: Void
testEquals("columnSpace transpose M", "[[1,2,3],[4,5,6]]")
 
                                                                   Type: Void
testEquals("columnSpace [[0,0]]", "[]")
 
                                                                   Type: Void
testEquals("columnSpace(M::RMATRIX(4,3,INT))", _
           "[[1,4,7,1],[2,5,8,1]]::List DIRPROD(4, INT)")
 
                                                                   Type: Void
testcase "Pfaffian"
 
   All user variables and function definitions have been cleared.
                                                                   Type: Void
m n == matrix [[(if i = j then 0 _
                          else if i < j _
                               then x[i, j] _
                               else -x[j, i]) for i in 1..n] for j in 1..n]
 
                                                                   Type: Void
testEquals("Pfaffian [[0,1,0,0],[-1,0,0,0],[0,0,0,1],[0,0,-1,0]]", "1")
 
                                                                   Type: Void
testEquals("Pfaffian [[0, u, v, w],[-u, 0, x, y],[-v,-x,0,z],[-w,-y,-z,0]]", _
           "u*z-v*y+w*x")
 
                                                                   Type: Void
testEquals("Pfaffian m 3", "0")
 
   Compiling function m with type PositiveInteger -> Matrix(Polynomial(
      Integer)) 
                                                                   Type: Void
testEquals("Pfaffian [[0,0],[0,0]]", "0")
 
                                                                   Type: Void
M := m 6;
 

                                            Type: Matrix(Polynomial(Integer))
testEquals("(Pfaffian M)^2", "determinant M")
 
                                                                   Type: Void
testLibraryError "Pfaffian [[1,2],[0,0]]"
 
                                                                   Type: Void
testLibraryError "Pfaffian [[1,2,3],[0,0,0]]"
 
                                                                   Type: Void

statistics()
 
   =============================================================================
   General WARNINGS:
   * do not use ')clear completely' before having used 'statistics()'
     It clears the statistics without warning!
   * do not forget to pass the arguments of the testXxxx functions as Strings!
     Otherwise, the test will fail and statistics() will not notice!
   =============================================================================
   WARNINGS:
   Testsuite: MATCAT
   Testcase: columnSpace
   test: 4
   testing in a domain without InputForm!

   =============================================================================
   Testsuite: MATCAT
     failed (total): 0 (2)

   =============================================================================
   testsuite | testcases: failed (total) | tests: failed (total)
   MATCAT                      0     (2)               0    (11)
   =============================================================================
   File summary.
   unexpected failures: 0
   expected failures: 0
   unexpected passes: 0
   total tests: 11
                                                                   Type: Void
)quit
 
