Checking for foreign routines
FRICAS="/home/greg/Git/jlfricas/target/x86_64-linux-gnu"
spad-lib="/home/greg/Git/jlfricas/target/x86_64-linux-gnu/lib/libspad.so"
foreign routines found
openServer result -2
                       FriCAS Computer Algebra System 
       Version: jlFriCAS 1.3.14-julia-dev built with SBCL 2.6.4.debian
                 Timestamp: mar. 04 août 2026 04:37:41 CEST
-----------------------------------------------------------------------------
   Issue )copyright to view copyright notices.
   Issue )summary for a summary of useful system commands.
   Issue )quit to leave FriCAS and return to shell.
-----------------------------------------------------------------------------
 
(1) -> )set message test on
 
)set message auto off
 
)read ore.input
 
)set break resume
 
)expose UnittestCount UnittestAux Unittest
 
   UnittestCount is now explicitly exposed in frame initial 
   UnittestAux is now explicitly exposed in frame initial 
   Unittest is now explicitly exposed in frame initial 

testsuite "Ore algebras"
 
   All user variables and function definitions have been cleared.
                                                                   Type: Void

testcase "shift algebra"
 
   All user variables and function definitions have been cleared.
                                                                   Type: Void

nOre := Fraction(Integer)
 

   (2)  Fraction(Integer)
                                                                   Type: Type
nPol := Fraction(Polynomial(nOre))
 

   (3)  Fraction(Polynomial(Fraction(Integer)))
                                                                   Type: Type

shiftn(p : nPol) : nPol == eval(p, 'n, n+1)
 
   Function declaration shiftn : Fraction(Polynomial(Fraction(Integer))
      ) -> Fraction(Polynomial(Fraction(Integer))) has been added to 
      workspace.
                                                                   Type: Void
ishiftn(p : nPol) : nPol == eval(p, 'n, n-1)
 
   Function declaration ishiftn : Fraction(Polynomial(Fraction(Integer)
      )) -> Fraction(Polynomial(Fraction(Integer))) has been added to 
      workspace.
                                                                   Type: Void
zerod(p : nPol) : nPol == 0
 
   Function declaration zerod : Fraction(Polynomial(Fraction(Integer)))
       -> Fraction(Polynomial(Fraction(Integer))) has been added to 
      workspace.
                                                                   Type: Void

oRe1 := UnivariateSkewPolynomial('sn, nPol, morphism(shiftn, ishiftn), zerod)
 
   Compiling function shiftn with type Fraction(Polynomial(Fraction(
      Integer))) -> Fraction(Polynomial(Fraction(Integer))) 
   Compiling function ishiftn with type Fraction(Polynomial(Fraction(
      Integer))) -> Fraction(Polynomial(Fraction(Integer))) 
   Compiling function zerod with type Fraction(Polynomial(Fraction(
      Integer))) -> Fraction(Polynomial(Fraction(Integer))) 

   (7)
   UnivariateSkewPolynomial
      sn
  ,
      Fraction(Polynomial(Fraction(Integer)))
  ,
      R -> R
  ,
      theMap(*1;zerod;1;initial)
                                                                   Type: Type

sn := monomial(1,1)$oRe1
 

   (8)  sn
Type: UnivariateSkewPolynomial(sn,Fraction(Polynomial(Fraction(Integer))),R -> R,theMap(*1;zerod;1;initial))
vn := n::(nPol)::oRe1
 

   (9)  n
Type: UnivariateSkewPolynomial(sn,Fraction(Polynomial(Fraction(Integer))),R -> R,theMap(*1;zerod;1;initial))

a := n*sn + 5
 

   (10)  n sn + 5
Type: UnivariateSkewPolynomial(sn,Fraction(Polynomial(Fraction(Integer))),R -> R,theMap(*1;zerod;1;initial))
b := (n*sn)^2 + 2*sn + n^3
 

           2       2           3
   (11)  (n  + n)sn  + 2 sn + n
Type: UnivariateSkewPolynomial(sn,Fraction(Polynomial(Fraction(Integer))),R -> R,theMap(*1;zerod;1;initial))

testEquals("a*b - b*a", "-2*sn^2 + (3*n^3 + 3*n^2  + n)*sn")
 
                                                                   Type: Void
testEquals("a*b - b*a", "commutator(a, b)")
 
                                                                   Type: Void

c := sn + 2*n
 

   (14)  sn + 2 n
Type: UnivariateSkewPolynomial(sn,Fraction(Polynomial(Fraction(Integer))),R -> R,theMap(*1;zerod;1;initial))

-- Only for coefficients which are not a field
-- testEquals("content((n^2 - 1)*b)", "n^2 - 1")

qr := leftDivide(b, a)
 

                                                    4    3
                            - 5 n + 7              n  - n  + 25 n - 35
   (15)  [quotient = n sn + ---------, remainder = -------------------]
                              n - 1                       n - 1
Type: Record(quotient: UnivariateSkewPolynomial(sn,Fraction(Polynomial(Fraction(Integer))),R -> R,theMap(*1;zerod;1;initial)),remainder: UnivariateSkewPolynomial(sn,Fraction(Polynomial(Fraction(Integer))),R -> R,theMap(*1;zerod;1;initial)))
testEquals("b", "a*qr.quotient + qr.remainder")
 
                                                                   Type: Void
testTrue("degree(qr.remainder) < degree(a)")
 
                                                                   Type: Void

d := (1/n)*sn^4 + sn^2
 

         1   4     2
   (18)  - sn  + sn
         n
Type: UnivariateSkewPolynomial(sn,Fraction(Polynomial(Fraction(Integer))),R -> R,theMap(*1;zerod;1;initial))
qr := leftDivide(d, b)
 

   (19)
   [
       quotient
     = 
                  1            2                      2
         ------------------- sn  - -------------------------------------- sn
          3      2                  5       4       3       2
         n  - 5 n  + 8 n - 4       n  - 11 n  + 47 n  - 97 n  + 96 n - 36
       + 
                           4       3        2
                      - 5 n  + 53 n  - 210 n  + 368 n - 236
         ---------------------------------------------------------------
          7       6        5        4         3         2
         n  - 19 n  + 151 n  - 649 n  + 1624 n  - 2356 n  + 1824 n - 576
     ,

       remainder
     = 
                  5      4       3        2
               2 n  + 8 n  - 66 n  + 162 n  - 174 n + 60
         ---------------------------------------------------- sn
          7       6       5        4        3        2
         n  - 12 n  + 58 n  - 144 n  + 193 n  - 132 n  + 36 n
       + 
                        7       6        5        4        3
                     5 n  - 53 n  + 210 n  - 368 n  + 236 n
         ---------------------------------------------------------------
          7       6        5        4         3         2
         n  - 19 n  + 151 n  - 649 n  + 1624 n  - 2356 n  + 1824 n - 576
     ]
Type: Record(quotient: UnivariateSkewPolynomial(sn,Fraction(Polynomial(Fraction(Integer))),R -> R,theMap(*1;zerod;1;initial)),remainder: UnivariateSkewPolynomial(sn,Fraction(Polynomial(Fraction(Integer))),R -> R,theMap(*1;zerod;1;initial)))
testEquals("d", "b*qr.quotient + qr.remainder")
 
                                                                   Type: Void
testTrue("degree(qr.remainder) < degree(b)")
 
                                                                   Type: Void

qr := rightDivide(b, a)
 

                                                    4
                            - 5 n + 2              n  + 25 n - 10
   (22)  [quotient = n sn + ---------, remainder = --------------]
                                n                         n
Type: Record(quotient: UnivariateSkewPolynomial(sn,Fraction(Polynomial(Fraction(Integer))),R -> R,theMap(*1;zerod;1;initial)),remainder: UnivariateSkewPolynomial(sn,Fraction(Polynomial(Fraction(Integer))),R -> R,theMap(*1;zerod;1;initial)))
testEquals("b", "qr.quotient*a + qr.remainder")
 
                                                                   Type: Void
testTrue("degree(qr.remainder) < degree(a)")
 
                                                                   Type: Void

qr := rightDivide(d, b)
 

   (25)
   [
       quotient
     = 
                1          2                   2
         --------------- sn  - -------------------------------- sn
          3      2              5      4       3       2
         n  + 5 n  + 6 n       n  + 8 n  + 23 n  + 28 n  + 12 n
       + 
                 4      3       2
              - n  - 9 n  - 28 n  - 36 n - 12
         -----------------------------------------
          7      6       5       4       3       2
         n  + 9 n  + 31 n  + 51 n  + 40 n  + 12 n
     ,

       remainder
     = 
             5       4       3       2
          2 n  + 10 n  + 30 n  + 64 n  + 74 n + 24
         ----------------------------------------- sn
          7      6       5       4       3       2
         n  + 9 n  + 31 n  + 51 n  + 40 n  + 12 n
       + 
             5      4       3       2
            n  + 9 n  + 28 n  + 36 n  + 12 n
         -------------------------------------
          5      4       3       2
         n  + 9 n  + 31 n  + 51 n  + 40 n + 12
     ]
Type: Record(quotient: UnivariateSkewPolynomial(sn,Fraction(Polynomial(Fraction(Integer))),R -> R,theMap(*1;zerod;1;initial)),remainder: UnivariateSkewPolynomial(sn,Fraction(Polynomial(Fraction(Integer))),R -> R,theMap(*1;zerod;1;initial)))
testEquals("d", "qr.quotient*b + qr.remainder")
 
                                                                   Type: Void
testTrue("degree(qr.remainder) < degree(b)")
 
                                                                   Type: Void

gr := leftExtendedGcd(c*a, c*b)
 

   (28)
                     5 n - 7
   [coef1 = - n sn + -------, coef2 = 1,
                      n - 1
                 4      3      2                     5      4       2
                n  + 3 n  + 3 n  + 26 n - 10      2 n  - 2 n  + 50 n  - 70 n
    generator = ---------------------------- sn + --------------------------]
                              n                              n - 1
Type: Record(coef1: UnivariateSkewPolynomial(sn,Fraction(Polynomial(Fraction(Integer))),R -> R,theMap(*1;zerod;1;initial)),coef2: UnivariateSkewPolynomial(sn,Fraction(Polynomial(Fraction(Integer))),R -> R,theMap(*1;zerod;1;initial)),generator: UnivariateSkewPolynomial(sn,Fraction(Polynomial(Fraction(Integer))),R -> R,theMap(*1;zerod;1;initial)))
g := gr.generator
 

          4      3      2                     5      4       2
         n  + 3 n  + 3 n  + 26 n - 10      2 n  - 2 n  + 50 n  - 70 n
   (29)  ---------------------------- sn + --------------------------
                       n                              n - 1
Type: UnivariateSkewPolynomial(sn,Fraction(Polynomial(Fraction(Integer))),R -> R,theMap(*1;zerod;1;initial))
testEquals("g", "c*a*gr.coef1 + c*b*gr.coef2")
 
                                                                   Type: Void
testEquals("leftRemainder(c*a, g)", "0")
 
                                                                   Type: Void
testEquals("leftRemainder(c*b, g)", "0")
 
                                                                   Type: Void

gr := rightExtendedGcd(a*c, b*c)
 

   (33)
                     5 n - 2
   [coef1 = - n sn + -------, coef2 = 1,
                        n
                 4
                n  + 25 n - 10         4
    generator = -------------- sn + 2 n  + 50 n - 20]
                       n
Type: Record(coef1: UnivariateSkewPolynomial(sn,Fraction(Polynomial(Fraction(Integer))),R -> R,theMap(*1;zerod;1;initial)),coef2: UnivariateSkewPolynomial(sn,Fraction(Polynomial(Fraction(Integer))),R -> R,theMap(*1;zerod;1;initial)),generator: UnivariateSkewPolynomial(sn,Fraction(Polynomial(Fraction(Integer))),R -> R,theMap(*1;zerod;1;initial)))
g := gr.generator
 

          4
         n  + 25 n - 10         4
   (34)  -------------- sn + 2 n  + 50 n - 20
                n
Type: UnivariateSkewPolynomial(sn,Fraction(Polynomial(Fraction(Integer))),R -> R,theMap(*1;zerod;1;initial))
testEquals("g", "gr.coef1*a*c + gr.coef2*b*c")
 
                                                                   Type: Void
testEquals("rightRemainder(a*c, g)", "0")
 
                                                                   Type: Void
testEquals("rightRemainder(b*c, g)", "0")
 
                                                                   Type: Void

gr2 := right_ext_ext_GCD(a*c, b*c)
 

   (38)
                 4
                n  + 25 n - 10         4                               5 n - 2
   [generator = -------------- sn + 2 n  + 50 n - 20, coef1 = - n sn + -------,
                       n                                                  n
    coef2 = 1,

       coefu
     = 
                  3      2
                 n  + 2 n  + n          2
         ---------------------------- sn
          4      3      2
         n  + 4 n  + 6 n  + 29 n + 16
       + 
                            5       4       3       2
                        17 n  + 30 n  + 20 n  + 55 n  + 30 n
         ----------------------------------------------------------------- sn
          8      7      6       5        4        3        2
         n  + 4 n  + 6 n  + 54 n  + 106 n  + 110 n  + 665 n  + 110 n - 160
       + 
                4
               n
         --------------
          4
         n  + 25 n - 10
     ,
                         2
                      - n  - n                      5 n
    coefv = ---------------------------- sn - --------------]
             4      3      2                   4
            n  + 4 n  + 6 n  + 29 n + 16      n  + 25 n - 10
Type: Record(generator: UnivariateSkewPolynomial(sn,Fraction(Polynomial(Fraction(Integer))),R -> R,theMap(*1;zerod;1;initial)),coef1: UnivariateSkewPolynomial(sn,Fraction(Polynomial(Fraction(Integer))),R -> R,theMap(*1;zerod;1;initial)),coef2: UnivariateSkewPolynomial(sn,Fraction(Polynomial(Fraction(Integer))),R -> R,theMap(*1;zerod;1;initial)),coefu: UnivariateSkewPolynomial(sn,Fraction(Polynomial(Fraction(Integer))),R -> R,theMap(*1;zerod;1;initial)),coefv: UnivariateSkewPolynomial(sn,Fraction(Polynomial(Fraction(Integer))),R -> R,theMap(*1;zerod;1;initial)))
testEquals("g", "gr2.generator")
 
                                                                   Type: Void
testEquals("g", "gr2.coef1*a*c + gr2.coef2*b*c")
 
                                                                   Type: Void
testEquals("gr2.coefu*a*c", "-gr2.coefv*b*c")
 
                                                                   Type: Void
testEquals("-gr2.coefu*a*c", "leftLcm(a*c, b*c)")
 
                                                                   Type: Void

statistics()
 
   =============================================================================
   General WARNINGS:
   * do not use ')clear completely' before having used 'statistics()'
     It clears the statistics without warning!
   * do not forget to pass the arguments of the testXxxx functions as Strings!
     Otherwise, the test will fail and statistics() will not notice!
   =============================================================================
   WARNINGS:
   Testsuite: Ore algebras
   Testcase: shift algebra
   test: 1
   testing in a domain without InputForm!
   Testsuite: Ore algebras
   Testcase: shift algebra
   test: 2
   testing in a domain without InputForm!
   Testsuite: Ore algebras
   Testcase: shift algebra
   test: 3
   testing in a domain without InputForm!
   Testsuite: Ore algebras
   Testcase: shift algebra
   test: 5
   testing in a domain without InputForm!
   Testsuite: Ore algebras
   Testcase: shift algebra
   test: 7
   testing in a domain without InputForm!
   Testsuite: Ore algebras
   Testcase: shift algebra
   test: 9
   testing in a domain without InputForm!
   Testsuite: Ore algebras
   Testcase: shift algebra
   test: 11
   testing in a domain without InputForm!
   Testsuite: Ore algebras
   Testcase: shift algebra
   test: 12
   testing in a domain without InputForm!
   Testsuite: Ore algebras
   Testcase: shift algebra
   test: 13
   testing in a domain without InputForm!
   Testsuite: Ore algebras
   Testcase: shift algebra
   test: 14
   testing in a domain without InputForm!
   Testsuite: Ore algebras
   Testcase: shift algebra
   test: 15
   testing in a domain without InputForm!
   Testsuite: Ore algebras
   Testcase: shift algebra
   test: 16
   testing in a domain without InputForm!
   Testsuite: Ore algebras
   Testcase: shift algebra
   test: 17
   testing in a domain without InputForm!
   Testsuite: Ore algebras
   Testcase: shift algebra
   test: 18
   testing in a domain without InputForm!
   Testsuite: Ore algebras
   Testcase: shift algebra
   test: 19
   testing in a domain without InputForm!
   Testsuite: Ore algebras
   Testcase: shift algebra
   test: 20
   testing in a domain without InputForm!

   =============================================================================
   Testsuite: Ore algebras
     failed (total): 0 (1)

   =============================================================================
   testsuite | testcases: failed (total) | tests: failed (total)
   Ore algebras                0     (1)               0    (20)
   =============================================================================
   File summary.
   unexpected failures: 0
   expected failures: 0
   unexpected passes: 0
   total tests: 20
                                                                   Type: Void
)quit
 
