Checking for foreign routines
FRICAS="/home/greg/Git/jlfricas/target/x86_64-linux-gnu"
spad-lib="/home/greg/Git/jlfricas/target/x86_64-linux-gnu/lib/libspad.so"
foreign routines found
openServer result -2
                       FriCAS Computer Algebra System 
       Version: jlFriCAS 1.3.14-julia-dev built with SBCL 2.6.4.debian
                 Timestamp: mar. 04 août 2026 04:37:41 CEST
-----------------------------------------------------------------------------
   Issue )copyright to view copyright notices.
   Issue )summary for a summary of useful system commands.
   Issue )quit to leave FriCAS and return to shell.
-----------------------------------------------------------------------------
 
(1) -> )set message test on
 
)set message auto off
 
)read pgcd.input
 
)set break resume
 
)expose UnittestCount UnittestAux Unittest
 
   UnittestCount is now explicitly exposed in frame initial 
   UnittestAux is now explicitly exposed in frame initial 
   Unittest is now explicitly exposed in frame initial 

testsuite "polynomial gcd"
 
   All user variables and function definitions have been cleared.
                                                                   Type: Void

testcase "simple example"
 
   All user variables and function definitions have been cleared.
                                                                   Type: Void

p := 3*x^8 + 2*x^7 + 6*x^2 + 7*x + 2
 

           8      7      2
   (2)  3 x  + 2 x  + 6 x  + 7 x + 2
                                                    Type: Polynomial(Integer)
q := 2*x^13 + 9*x^7 + 2*x^6 + 10*x + 5
 

           13      7      6
   (3)  2 x   + 9 x  + 2 x  + 10 x + 5
                                                    Type: Polynomial(Integer)
testEquals("gcd(p,q)", "x^7 + 2*x + 1")
 
                                                                   Type: Void
testEquals("resultant(p, q, x)", "0")
 
                                                                   Type: Void

testcase "bad reduction"
 
   All user variables and function definitions have been cleared.
                                                                   Type: Void

p1 := x^6*(50*y^8 -68*y^6 -104*y^4 + 36*y^2 + 22) + _
      x^4*(12*y^8 -10*y^6 -64*y^4 -6*y^2 + 4) + _
      x^2*(2*y^6 -14*y^4 -8*y^2) + (-y^4 - y^2)
 

   (2)
          6       4  8          6       4      2  6
     (50 x  + 12 x )y  + (- 68 x  - 10 x  + 2 x )y
   + 
           6       4       2      4        6      4      2      2       6      4
   (- 104 x  - 64 x  - 14 x  - 1)y  + (36 x  - 6 x  - 8 x  - 1)y  + 22 x  + 4 x
                                                    Type: Polynomial(Integer)
p2 := x^8*(16*y^10 + 16*y^8 -96*y^6 -224*y^4 -176*y^2 -48) + _
      x^6*(-72*y^10 + 188*y^8 -188*y^6 -572*y^4 -108*y^2 + 16) + _
      x^4*(-64*y^10 + 188*y^8 + 372*y^6 + 60*y^4 -124*y^2) + _
      x^2*(68*y^8 + 172*y^6 + 97*y^4 -15*y^2) + _
      (8*y^8 + 22*y^6 + 14*y^4)
 

   (3)
          8       6       4  10        8        6        4       2      8
     (16 x  - 72 x  - 64 x )y   + (16 x  + 188 x  + 188 x  + 68 x  + 8)y
   + 
            8        6        4        2       6
     (- 96 x  - 188 x  + 372 x  + 172 x  + 22)y
   + 
             8        6       4       2       4
     (- 224 x  - 572 x  + 60 x  + 97 x  + 14)y
   + 
             8        6        4       2  2       8       6
     (- 176 x  - 108 x  - 124 x  - 15 x )y  - 48 x  + 16 x
                                                    Type: Polynomial(Integer)
p1u := univariate(p1, x)
 

   (4)
          8       6        4       2       6
     (50 y  - 68 y  - 104 y  + 36 y  + 22)?
   + 
          8       6       4      2      4       6       4      2  2    4    2
     (12 y  - 10 y  - 64 y  - 6 y  + 4)?  + (2 y  - 14 y  - 8 y )?  - y  - y
                        Type: SparseUnivariatePolynomial(Polynomial(Integer))
p2u := univariate(p2, x)
 

   (5)
          10       8       6        4        2       8
     (16 y   + 16 y  - 96 y  - 224 y  - 176 y  - 48)?
   + 
            10        8        6        4        2       6
     (- 72 y   + 188 y  - 188 y  - 572 y  - 108 y  + 16)?
   + 
            10        8        6       4        2  4
     (- 64 y   + 188 y  + 372 y  + 60 y  - 124 y )?
   + 
          8        6       4       2  2      8       6       4
     (68 y  + 172 y  + 97 y  - 15 y )?  + 8 y  + 22 y  + 14 y
                        Type: SparseUnivariatePolynomial(Polynomial(Integer))
testTrue("(lg := [gcd(p1u, p2u) for i in 1..1000]; true)")
 
                                                                   Type: Void
testTrue("every?(x +-> x = 1, lg)")
 
                                                                   Type: Void

)set output algebra on
 
statistics()
 
   =============================================================================
   General WARNINGS:
   * do not use ')clear completely' before having used 'statistics()'
     It clears the statistics without warning!
   * do not forget to pass the arguments of the testXxxx functions as Strings!
     Otherwise, the test will fail and statistics() will not notice!

   =============================================================================
   Testsuite: polynomial gcd
     failed (total): 0 (2)

   =============================================================================
   testsuite | testcases: failed (total) | tests: failed (total)
   polynomial gcd              0     (2)               0     (4)
   =============================================================================
   File summary.
   unexpected failures: 0
   expected failures: 0
   unexpected passes: 0
   total tests: 4
                                                                   Type: Void
)quit
 
