Checking for foreign routines
FRICAS="/home/greg/Git/jlfricas/target/x86_64-linux-gnu"
spad-lib="/home/greg/Git/jlfricas/target/x86_64-linux-gnu/lib/libspad.so"
foreign routines found
openServer result -2
                       FriCAS Computer Algebra System 
       Version: jlFriCAS 1.3.14-julia-dev built with SBCL 2.6.4.debian
                 Timestamp: mar. 04 août 2026 04:37:41 CEST
-----------------------------------------------------------------------------
   Issue )copyright to view copyright notices.
   Issue )summary for a summary of useful system commands.
   Issue )quit to leave FriCAS and return to shell.
-----------------------------------------------------------------------------
 
(1) -> )set message test on
 
)set message auto off
 
)read polylift.input
 
)set break resume
 
)expose UnittestCount UnittestAux Unittest
 
   UnittestCount is now explicitly exposed in frame initial 
   UnittestAux is now explicitly exposed in frame initial 
   Unittest is now explicitly exposed in frame initial 
testsuite "POLYLIFT"
 
   All user variables and function definitions have been cleared.
                                                                   Type: Void
testcase "map"
 
   All user variables and function definitions have been cleared.
                                                                   Type: Void
testEquals("map(v +-> 'x, c +-> c^2, 0)" _
           "$POLYLIFT(INDE Symbol, Symbol, INT, POLY INT, POLY INT)", _
           "0")
 
                                                                   Type: Void
testEquals("map(v +-> 'x, c +-> c^2, 1+r+s+s*t)" _
           "$POLYLIFT(INDE Symbol, Symbol, INT, POLY INT, POLY INT)", _
           "x^2+2*x+1")
 
                                                                   Type: Void
testEquals("map(v +-> (if v='s then 'x else sqrt v), c +-> sqrt c, 1+2*r+3*s+4*s*t)" _
           "$POLYLIFT(INDE Symbol, Symbol, INT, POLY INT, EXPR INT)", _
           "1+sqrt 2*sqrt r+sqrt 3*x+2*sqrt t*x")
 
                                                                   Type: Void
statistics()
 
   =============================================================================
   General WARNINGS:
   * do not use ')clear completely' before having used 'statistics()'
     It clears the statistics without warning!
   * do not forget to pass the arguments of the testXxxx functions as Strings!
     Otherwise, the test will fail and statistics() will not notice!

   =============================================================================
   Testsuite: POLYLIFT
     failed (total): 0 (1)

   =============================================================================
   testsuite | testcases: failed (total) | tests: failed (total)
   POLYLIFT                    0     (1)               0     (3)
   =============================================================================
   File summary.
   unexpected failures: 0
   expected failures: 0
   unexpected passes: 0
   total tests: 3
                                                                   Type: Void
)quit
 
