Checking for foreign routines
FRICAS="/home/greg/Git/jlfricas/target/x86_64-linux-gnu"
spad-lib="/home/greg/Git/jlfricas/target/x86_64-linux-gnu/lib/libspad.so"
foreign routines found
openServer result -2
                       FriCAS Computer Algebra System 
       Version: jlFriCAS 1.3.14-julia-dev built with SBCL 2.6.4.debian
                 Timestamp: mar. 04 août 2026 04:37:41 CEST
-----------------------------------------------------------------------------
   Issue )copyright to view copyright notices.
   Issue )summary for a summary of useful system commands.
   Issue )quit to leave FriCAS and return to shell.
-----------------------------------------------------------------------------
 
(1) -> )set message test on
 
)set message auto off
 
)read psgenfcn.input
 

--% Power Series Generating Functions
-- We obtain Fibonacci numbers, Bernoulli numbers and polynomials, and
-- Euler numbers and polynomials as power series coefficients
-- Author: Clifton J. Williamson
-- Date Created: 1 June 1990
-- Date Last Updated: 1 June 1990
-- Keywords: Fibonacci, Bernoulli, Euler
-- References:

-- We will compute power series in two different ways, then test equality
-- of coefficients up to a specified order.  The function that tests
-- 'approximate equality' will return an error message if the test fails.

)set break resume
 
)expose UnittestCount UnittestAux Unittest
 
   UnittestCount is now explicitly exposed in frame initial 
   UnittestAux is now explicitly exposed in frame initial 
   Unittest is now explicitly exposed in frame initial 

testsuite "psgenfcn"
 
   All user variables and function definitions have been cleared.
                                                                   Type: Void

testcase "psgenfcn"
 
   All user variables and function definitions have been cleared.
                                                                   Type: Void

ORD := 20
 

   (2)  20
                                                        Type: PositiveInteger

approximateEquality(series1,series2) ==
  -- tests that 2 series are equal to order ORD
  uts1 := series1 :: UTS(EXPR INT,'t,0)
  uts2 := series2 :: UTS(EXPR INT,'t,0)
  (order(uts1 - uts2,ORD) = ORD) :: Boolean
 
                                                                   Type: Void

bernoulliPolynomial(n) ==
  -- returns the nth Bernoulli polynomial as an EXPR INT
  sup := bernoulli(n)$(PNTHEORY)
  p : POLY FRAC INT := multivariate(sup,'x)
  p :: (EXPR INT)
 
                                                                   Type: Void

eulerPolynomial(n) ==
  -- returns the nth Euler polynomial as an EXPR INT
  sup := euler(n)$(PNTHEORY)
  p : POLY FRAC INT := multivariate(sup,'x)
  p :: (EXPR INT)
 
                                                                   Type: Void

f1 := taylor(t/(1 - t - t^2))
 

   (6)
        2      3      4      5      6       7       8       9       10      11
   t + t  + 2 t  + 3 t  + 5 t  + 8 t  + 13 t  + 21 t  + 34 t  + 55 t   + O(t  )
                        Type: UnivariateTaylorSeries(Expression(Integer),t,0)
f2 := taylor(n +-> fibonacci(n),t = 0)
 

   (7)
        2      3      4      5      6       7       8       9       10      11
   t + t  + 2 t  + 3 t  + 5 t  + 8 t  + 13 t  + 21 t  + 34 t  + 55 t   + O(t  )
                        Type: UnivariateTaylorSeries(Expression(Integer),t,0)
testTrue("approximateEquality(f1,f2)")
 
   Compiling function approximateEquality with type (Any, Any) -> 
      Boolean 
                                                                   Type: Void

g1 := taylor(t/(exp(t) - 1))
 

   (9)
       1      1  2    1   4     1    6      1     8       1     10      11
   1 - - t + -- t  - --- t  + ----- t  - ------- t  + -------- t   + O(t  )
       2     12      720      30240      1209600      47900160
                        Type: UnivariateTaylorSeries(Expression(Integer),t,0)
g2 := taylor(n +-> bernoulli(n)/factorial(n),t = 0)
 

   (10)
       1      1  2    1   4     1    6      1     8       1     10      11
   1 - - t + -- t  - --- t  + ----- t  - ------- t  + -------- t   + O(t  )
       2     12      720      30240      1209600      47900160
                        Type: UnivariateTaylorSeries(Expression(Integer),t,0)
testTrue("approximateEquality(g1,g2)")
 
                                                                   Type: Void

gg1 := taylor(t*exp(t*x)/(exp(t) - 1),t = 0)
 

   (12)
                        2                   3      2
         2 x - 1     6 x  - 6 x + 1  2   2 x  - 3 x  + x  3
     1 + ------- t + -------------- t  + --------------- t
            2              12                   12
   + 
         4       3       2             5       4       3
     30 x  - 60 x  + 30 x  - 1  4   6 x  - 15 x  + 10 x  - x  5
     ------------------------- t  + ------------------------ t
                720                            720
   + 
         6        5        4       2             7       6       5      3
     42 x  - 126 x  + 105 x  - 21 x  + 1  6   6 x  - 21 x  + 21 x  - 7 x  + x  7
     ----------------------------------- t  + ------------------------------- t
                    30240                                  30240
   + 
         8        7        6       4       2
     30 x  - 120 x  + 140 x  - 70 x  + 20 x  - 1  8
     ------------------------------------------- t
                       1209600
   + 
         9       8       7       5       3
     10 x  - 45 x  + 60 x  - 42 x  + 20 x  - 3 x  9
     ------------------------------------------- t
                       3628800
   + 
         10        9        8        6        4       2
     66 x   - 330 x  + 495 x  - 462 x  + 330 x  - 99 x  + 5  10      11
     ------------------------------------------------------ t   + O(t  )
                            239500800
                        Type: UnivariateTaylorSeries(Expression(Integer),t,0)
gg2 := taylor(n +-> bernoulliPolynomial(n)/factorial(n),t = 0)
 
   Compiling function bernoulliPolynomial with type Integer -> 
      Expression(Integer) 

   (13)
                        2                   3      2
         2 x - 1     6 x  - 6 x + 1  2   2 x  - 3 x  + x  3
     1 + ------- t + -------------- t  + --------------- t
            2              12                   12
   + 
         4       3       2             5       4       3
     30 x  - 60 x  + 30 x  - 1  4   6 x  - 15 x  + 10 x  - x  5
     ------------------------- t  + ------------------------ t
                720                            720
   + 
         6        5        4       2             7       6       5      3
     42 x  - 126 x  + 105 x  - 21 x  + 1  6   6 x  - 21 x  + 21 x  - 7 x  + x  7
     ----------------------------------- t  + ------------------------------- t
                    30240                                  30240
   + 
         8        7        6       4       2
     30 x  - 120 x  + 140 x  - 70 x  + 20 x  - 1  8
     ------------------------------------------- t
                       1209600
   + 
         9       8       7       5       3
     10 x  - 45 x  + 60 x  - 42 x  + 20 x  - 3 x  9
     ------------------------------------------- t
                       3628800
   + 
         10        9        8        6        4       2
     66 x   - 330 x  + 495 x  - 462 x  + 330 x  - 99 x  + 5  10      11
     ------------------------------------------------------ t   + O(t  )
                            239500800
                        Type: UnivariateTaylorSeries(Expression(Integer),t,0)
testTrue("approximateEquality(gg1,gg2)")
 
                                                                   Type: Void

h1 := taylor(2*exp(t/2)/(exp(t) + 1))
 

             1  2    5   4     61   6     277    8      50521    10      11
   (15)  1 - - t  + --- t  - ----- t  + ------- t  - ---------- t   + O(t  )
             8      384      46080      2064384      3715891200
                        Type: UnivariateTaylorSeries(Expression(Integer),t,0)
h2 := taylor(n +-> euler(n)/(2^n * factorial(n)),t = 0)
 

             1  2    5   4     61   6     277    8      50521    10      11
   (16)  1 - - t  + --- t  - ----- t  + ------- t  - ---------- t   + O(t  )
             8      384      46080      2064384      3715891200
                        Type: UnivariateTaylorSeries(Expression(Integer),t,0)
testTrue("approximateEquality(h1,h2)")
 
                                                                   Type: Void

hh1 := taylor(2*exp(t*x)/(exp(t) + 1),t = 0)
 

   (18)
                      2             3      2           4      3
         2 x - 1     x  - x  2   4 x  - 6 x  + 1  3   x  - 2 x  + x  4
     1 + ------- t + ------ t  + --------------- t  + ------------- t
            2           2               24                  24
   + 
        5      4      2           6      5      3
     2 x  - 5 x  + 5 x  - 1  5   x  - 3 x  + 5 x  - 3 x  6
     ---------------------- t  + ---------------------- t
               240                         720
   + 
        7       6       4       2            8      7       5       3
     8 x  - 28 x  + 70 x  - 84 x  + 17  7   x  - 4 x  + 14 x  - 28 x  + 17 x  8
     --------------------------------- t  + -------------------------------- t
                   40320                                  40320
   + 
        9      8       6        4        2
     2 x  - 9 x  + 42 x  - 126 x  + 153 x  - 31  9
     ------------------------------------------ t
                       725760
   + 
      10      9       7        5        3
     x   - 5 x  + 30 x  - 126 x  + 255 x  - 155 x  10      11
     -------------------------------------------- t   + O(t  )
                        3628800
                        Type: UnivariateTaylorSeries(Expression(Integer),t,0)
hh2 := taylor(n +-> eulerPolynomial(n)/factorial(n),t = 0)
 
   Compiling function eulerPolynomial with type Integer -> Expression(
      Integer) 

   (19)
                      2             3      2           4      3
         2 x - 1     x  - x  2   4 x  - 6 x  + 1  3   x  - 2 x  + x  4
     1 + ------- t + ------ t  + --------------- t  + ------------- t
            2           2               24                  24
   + 
        5      4      2           6      5      3
     2 x  - 5 x  + 5 x  - 1  5   x  - 3 x  + 5 x  - 3 x  6
     ---------------------- t  + ---------------------- t
               240                         720
   + 
        7       6       4       2            8      7       5       3
     8 x  - 28 x  + 70 x  - 84 x  + 17  7   x  - 4 x  + 14 x  - 28 x  + 17 x  8
     --------------------------------- t  + -------------------------------- t
                   40320                                  40320
   + 
        9      8       6        4        2
     2 x  - 9 x  + 42 x  - 126 x  + 153 x  - 31  9
     ------------------------------------------ t
                       725760
   + 
      10      9       7        5        3
     x   - 5 x  + 30 x  - 126 x  + 255 x  - 155 x  10      11
     -------------------------------------------- t   + O(t  )
                        3628800
                        Type: UnivariateTaylorSeries(Expression(Integer),t,0)
testTrue("approximateEquality(hh1,hh2)")
 
                                                                   Type: Void

statistics()
 
   =============================================================================
   General WARNINGS:
   * do not use ')clear completely' before having used 'statistics()'
     It clears the statistics without warning!
   * do not forget to pass the arguments of the testXxxx functions as Strings!
     Otherwise, the test will fail and statistics() will not notice!

   =============================================================================
   Testsuite: psgenfcn
     failed (total): 0 (1)

   =============================================================================
   testsuite | testcases: failed (total) | tests: failed (total)
   psgenfcn                    0     (1)               0     (5)
   =============================================================================
   File summary.
   unexpected failures: 0
   expected failures: 0
   unexpected passes: 0
   total tests: 5
                                                                   Type: Void
)quit
 
