Checking for foreign routines
FRICAS="/home/greg/Git/jlfricas/target/x86_64-linux-gnu"
spad-lib="/home/greg/Git/jlfricas/target/x86_64-linux-gnu/lib/libspad.so"
foreign routines found
openServer result -2
                       FriCAS Computer Algebra System 
       Version: jlFriCAS 1.3.14-julia-dev built with SBCL 2.6.4.debian
                 Timestamp: mar. 04 août 2026 04:37:41 CEST
-----------------------------------------------------------------------------
   Issue )copyright to view copyright notices.
   Issue )summary for a summary of useful system commands.
   Issue )quit to leave FriCAS and return to shell.
-----------------------------------------------------------------------------
 
(1) -> )set message test on
 
)set message auto off
 
)read ssolve.input
 
)set break resume
 
)expose UnittestCount UnittestAux Unittest
 
   UnittestCount is now explicitly exposed in frame initial 
   UnittestAux is now explicitly exposed in frame initial 
   Unittest is now explicitly exposed in frame initial 
testsuite "SSOLVE"
 
   All user variables and function definitions have been cleared.
                                                                   Type: Void
testcase "fractions"
 
   All user variables and function definitions have been cleared.
                                                                   Type: Void
SSOLVE ==> EXPRSOL(INT, EXPR INT, UFPS EXPR INT, UFPS SMPEXPR EXPR INT)
 
                                                                   Type: Void
USOLVE ==> UTSSOL(FRAC INT, UFPS FRAC INT, UFPS SMPEXPR FRAC INT)
 
                                                                   Type: Void
f := operator 'f
 

   (4)  f
                                                          Type: BasicOperator
testEquals("coefficient(seriesSolve(s +-> 1/2-s, [])$USOLVE, 0)", "1/2")
 
                                                                   Type: Void
testEquals("coefficient(seriesSolve(1- 2*f x, f, x, [])$SSOLVE, 0)", "1/2")
 
   Compiling function %A with type (UnivariateFormalPowerSeries(
      SparseMultivariatePolynomialExpressions(Expression(Integer))), 
      UnivariateFormalPowerSeries(
      SparseMultivariatePolynomialExpressions(Expression(Integer))))
       -> UnivariateFormalPowerSeries(
      SparseMultivariatePolynomialExpressions(Expression(Integer))) 
                                                                   Type: Void
xftestEquals("coefficient(seriesSolve(1/2-f x, f, x, [])$SSOLVE, 0)", "1/2")
 
   Compiling function %B with type (UnivariateFormalPowerSeries(
      SparseMultivariatePolynomialExpressions(Expression(Integer))), 
      UnivariateFormalPowerSeries(
      SparseMultivariatePolynomialExpressions(Expression(Integer))))
       -> UnivariateFormalPowerSeries(
      SparseMultivariatePolynomialExpressions(Expression(Integer))) 
-- failure probably due to missing / in UFPS.

testcase "initial values"
 
   All user variables and function definitions have been cleared.
                                                                   Type: Void
SSOLVE ==> EXPRSOL(INT, EXPR INT, UFPS EXPR INT, UFPS SMPEXPR EXPR INT)
 
                                                                   Type: Void
USOLVE ==> UTSSOL(FRAC INT, UFPS FRAC INT, UFPS SMPEXPR FRAC INT)
 
                                                                   Type: Void
f := operator 'f
 

   (4)  f
                                                          Type: BasicOperator
testLibraryError("seriesSolve(s +-> 1/2-s, [1])$USOLVE")
 
   The variable is: 0
   The next equations are: [1, 0, 1, 2, 3, 4, 5, 6, 7, 8, ...]
                                                                   Type: Void
testLibraryError("seriesSolve(D(f x, x, 2) - f x - 1, f, x, [1])$SSOLVE")
 
   Compiling function %D with type (UnivariateFormalPowerSeries(
      SparseMultivariatePolynomialExpressions(Expression(Integer))), 
      UnivariateFormalPowerSeries(
      SparseMultivariatePolynomialExpressions(Expression(Integer))))
       -> UnivariateFormalPowerSeries(
      SparseMultivariatePolynomialExpressions(Expression(Integer))) 
   The variable is: 0
   The next equations are: [1, 0, 1, 2, 3, 4, 5, 6, 7, 8, ...]
                                                                   Type: Void

testcase "Bell numbers"
 
   All user variables and function definitions have been cleared.
                                                                   Type: Void
U ==> UFPS SMPEXPR FRAC INT
 
                                                                   Type: Void
USOLVE ==> UTSSOL(FRAC INT, UFPS FRAC INT, U)
 
                                                                   Type: Void
h(z : U) : U ==
    x := monomial(1, 1)$U
    z.(x*recip(1+x)) - 1 - x*z
 
   Function declaration h : UnivariateFormalPowerSeries(
      SparseMultivariatePolynomialExpressions(Fraction(Integer))) -> 
      UnivariateFormalPowerSeries(
      SparseMultivariatePolynomialExpressions(Fraction(Integer))) has 
      been added to workspace.
                                                                   Type: Void
testEquals("coefficient(seriesSolve(h, [])$USOLVE, 6)", "203")
 
   Compiling function h with type UnivariateFormalPowerSeries(
      SparseMultivariatePolynomialExpressions(Fraction(Integer))) -> 
      UnivariateFormalPowerSeries(
      SparseMultivariatePolynomialExpressions(Fraction(Integer))) 
                                                                   Type: Void

SSOLVE ==> EXPRSOL(INT, EXPR INT, UFPS EXPR INT, UFPS SMPEXPR EXPR INT)
 
                                                                   Type: Void
f := operator 'f
 

   (7)  f
                                                          Type: BasicOperator

-- Fails because evaluation of 'z/(1+z)' needs fractions.
-- But also interpreter is too weak to infer types...
xftestEquals("coefficient(seriesSolve(f(z/(1+z)) - 1 - z*f z, f, z, [])$SSOLVE, 6)", "203")
 
   There are 42 exposed and 8 unexposed library operations named elt 
      having 2 argument(s) but none was determined to be applicable. 
      Use HyperDoc Browse, or issue
                               )display op elt
      to learn more about the available operations. Perhaps 
      package-calling the operation or using coercions on the arguments
      will allow you to apply the operation.
   Cannot find a definition or applicable library operation named elt 
      with argument type(s) 
UnivariateFormalPowerSeries(SparseMultivariatePolynomialExpressions(Expression(Integer)))
Fraction(UnivariateFormalPowerSeries(SparseMultivariatePolynomialExpressions(Expression(Integer))))
      
      Perhaps you should use "@" to indicate the required return type, 
      or "$" to specify which version of the function you need.
   FriCAS will attempt to step through and interpret the code.
   Compiling function %E with type (UnivariateFormalPowerSeries(
      SparseMultivariatePolynomialExpressions(Expression(Integer))), 
      UnivariateFormalPowerSeries(
      SparseMultivariatePolynomialExpressions(Expression(Integer))))
       -> UnivariateFormalPowerSeries(
      SparseMultivariatePolynomialExpressions(Expression(Integer))) 

testcase "eval in map"
 
   All user variables and function definitions have been cleared.
                                                                   Type: Void
R ==> FRAC POLY INT
 
                                                                   Type: Void
U ==> UTS(R, t, 0)
 
                                                                   Type: Void
UE ==> UTS(SMPEXPR R, t, 0)
 
                                                                   Type: Void
USOLVE ==> UTSSOL(R, U, UE)
 
                                                                   Type: Void
t0 := monomial(1, 1)$UE;
 

Type: UnivariateTaylorSeries(SparseMultivariatePolynomialExpressions(Fraction(Polynomial(Integer))),t,0)
Fxeq0 f == map(c +-> map(d +-> eval(d, 'x = 0), c), f)
 
                                                                   Type: Void
Fyeq0 f == map(c +-> map(d +-> eval(d, 'y = 0), c), f)
 
                                                                   Type: Void
Fyeqx f == map(c +-> map(d +-> eval(d, 'y = x), c), f)
 
                                                                   Type: Void
s : UE -> UE
 
                                                                   Type: Void
s := f +-> (-1*t0*x*y^3+((-4*t0+1)*x+-1*t0)*y^2+((2*t0+-1)*x^2+-1*t0*x)*y+t0*x^2)*f+((_
  t0*x^2+2*t0*x+t0)*y^2*Fyeqx f+((-1*t0*y^2+2*t0*x*y+-1*t0*x^2)*Fyeq0 f+(((t0*x+t0)*y_
  ^2+(-1*t0*x^2+-1*t0*x)*y)*Fxeq0 f+(-1*x*y^2+x^2*y))));
 
   Compiling function Fyeqx with type UnivariateTaylorSeries(
      SparseMultivariatePolynomialExpressions(Fraction(Polynomial(
      Integer))),t,0) -> UnivariateTaylorSeries(
      SparseMultivariatePolynomialExpressions(Fraction(Polynomial(
      Integer))),t,0) 
   Compiling function Fyeq0 with type UnivariateTaylorSeries(
      SparseMultivariatePolynomialExpressions(Fraction(Polynomial(
      Integer))),t,0) -> UnivariateTaylorSeries(
      SparseMultivariatePolynomialExpressions(Fraction(Polynomial(
      Integer))),t,0) 
   Compiling function Fxeq0 with type UnivariateTaylorSeries(
      SparseMultivariatePolynomialExpressions(Fraction(Polynomial(
      Integer))),t,0) -> UnivariateTaylorSeries(
      SparseMultivariatePolynomialExpressions(Fraction(Polynomial(
      Integer))),t,0) 

Type: (UnivariateTaylorSeries(SparseMultivariatePolynomialExpressions(Fraction(Polynomial(Integer))),t,0) -> UnivariateTaylorSeries(SparseMultivariatePolynomialExpressions(Fraction(Polynomial(Integer))),t,0))
r := seriesSolve(s, [])$USOLVE;
 

              Type: UnivariateTaylorSeries(Fraction(Polynomial(Integer)),t,0)
testEquals("entries complete first(coefficients r, 4)",
           "[1,y+1,y^2+(x+4)*y+2,y^3+(2*x+7)*y^2+(2*x^2+10*x+17)*y+(x+6)]")
 
                                                                   Type: Void

statistics()
 
   =============================================================================
   General WARNINGS:
   * do not use ')clear completely' before having used 'statistics()'
     It clears the statistics without warning!
   * do not forget to pass the arguments of the testXxxx functions as Strings!
     Otherwise, the test will fail and statistics() will not notice!

   =============================================================================
   Testsuite: SSOLVE
     failed (total): 0 (4)

   =============================================================================
   testsuite | testcases: failed (total) | tests: failed (total)
   SSOLVE                      0     (4)               0     (8)
   =============================================================================
   File summary.
   unexpected failures: 0
   expected failures: 0
   unexpected passes: 0
   total tests: 8
                                                                   Type: Void
)quit
 
